Archive member included to satisfy reference by file (symbol)

c:/st/stm32cubeide_1.7.0/stm32cubeide/plugins/com.st.stm32cube.ide.mcu.externaltools.gnu-tools-for-stm32.9-2020-q2-update.win32_2.0.0.202105311346/tools/bin/../lib/gcc/arm-none-eabi/9.3.1/../../../../arm-none-eabi/lib/thumb/v6-m/nofp\libstdc++_nano.a(del_ops.o)
                              ./CPP/Src/button.o (operator delete(void*, unsigned int))
c:/st/stm32cubeide_1.7.0/stm32cubeide/plugins/com.st.stm32cube.ide.mcu.externaltools.gnu-tools-for-stm32.9-2020-q2-update.win32_2.0.0.202105311346/tools/bin/../lib/gcc/arm-none-eabi/9.3.1/../../../../arm-none-eabi/lib/thumb/v6-m/nofp\libstdc++_nano.a(del_op.o)
                              c:/st/stm32cubeide_1.7.0/stm32cubeide/plugins/com.st.stm32cube.ide.mcu.externaltools.gnu-tools-for-stm32.9-2020-q2-update.win32_2.0.0.202105311346/tools/bin/../lib/gcc/arm-none-eabi/9.3.1/../../../../arm-none-eabi/lib/thumb/v6-m/nofp\libstdc++_nano.a(del_ops.o) (operator delete(void*))
c:/st/stm32cubeide_1.7.0/stm32cubeide/plugins/com.st.stm32cube.ide.mcu.externaltools.gnu-tools-for-stm32.9-2020-q2-update.win32_2.0.0.202105311346/tools/bin/../lib/gcc/arm-none-eabi/9.3.1/../../../../arm-none-eabi/lib/thumb/v6-m/nofp\libc_nano.a(lib_a-errno.o)
                              ./Core/Src/syscalls.o (__errno)
c:/st/stm32cubeide_1.7.0/stm32cubeide/plugins/com.st.stm32cube.ide.mcu.externaltools.gnu-tools-for-stm32.9-2020-q2-update.win32_2.0.0.202105311346/tools/bin/../lib/gcc/arm-none-eabi/9.3.1/../../../../arm-none-eabi/lib/thumb/v6-m/nofp\libc_nano.a(lib_a-exit.o)
                              c:/st/stm32cubeide_1.7.0/stm32cubeide/plugins/com.st.stm32cube.ide.mcu.externaltools.gnu-tools-for-stm32.9-2020-q2-update.win32_2.0.0.202105311346/tools/bin/../lib/gcc/arm-none-eabi/9.3.1/../../../../arm-none-eabi/lib/thumb/v6-m/nofp/crt0.o (exit)
c:/st/stm32cubeide_1.7.0/stm32cubeide/plugins/com.st.stm32cube.ide.mcu.externaltools.gnu-tools-for-stm32.9-2020-q2-update.win32_2.0.0.202105311346/tools/bin/../lib/gcc/arm-none-eabi/9.3.1/../../../../arm-none-eabi/lib/thumb/v6-m/nofp\libc_nano.a(lib_a-impure.o)
                              c:/st/stm32cubeide_1.7.0/stm32cubeide/plugins/com.st.stm32cube.ide.mcu.externaltools.gnu-tools-for-stm32.9-2020-q2-update.win32_2.0.0.202105311346/tools/bin/../lib/gcc/arm-none-eabi/9.3.1/../../../../arm-none-eabi/lib/thumb/v6-m/nofp\libc_nano.a(lib_a-exit.o) (_global_impure_ptr)
c:/st/stm32cubeide_1.7.0/stm32cubeide/plugins/com.st.stm32cube.ide.mcu.externaltools.gnu-tools-for-stm32.9-2020-q2-update.win32_2.0.0.202105311346/tools/bin/../lib/gcc/arm-none-eabi/9.3.1/../../../../arm-none-eabi/lib/thumb/v6-m/nofp\libc_nano.a(lib_a-init.o)
                              c:/st/stm32cubeide_1.7.0/stm32cubeide/plugins/com.st.stm32cube.ide.mcu.externaltools.gnu-tools-for-stm32.9-2020-q2-update.win32_2.0.0.202105311346/tools/bin/../lib/gcc/arm-none-eabi/9.3.1/../../../../arm-none-eabi/lib/thumb/v6-m/nofp/crt0.o (__libc_init_array)
c:/st/stm32cubeide_1.7.0/stm32cubeide/plugins/com.st.stm32cube.ide.mcu.externaltools.gnu-tools-for-stm32.9-2020-q2-update.win32_2.0.0.202105311346/tools/bin/../lib/gcc/arm-none-eabi/9.3.1/../../../../arm-none-eabi/lib/thumb/v6-m/nofp\libc_nano.a(lib_a-malloc.o)
                              c:/st/stm32cubeide_1.7.0/stm32cubeide/plugins/com.st.stm32cube.ide.mcu.externaltools.gnu-tools-for-stm32.9-2020-q2-update.win32_2.0.0.202105311346/tools/bin/../lib/gcc/arm-none-eabi/9.3.1/../../../../arm-none-eabi/lib/thumb/v6-m/nofp\libstdc++_nano.a(del_op.o) (free)
c:/st/stm32cubeide_1.7.0/stm32cubeide/plugins/com.st.stm32cube.ide.mcu.externaltools.gnu-tools-for-stm32.9-2020-q2-update.win32_2.0.0.202105311346/tools/bin/../lib/gcc/arm-none-eabi/9.3.1/../../../../arm-none-eabi/lib/thumb/v6-m/nofp\libc_nano.a(lib_a-memset.o)
                              c:/st/stm32cubeide_1.7.0/stm32cubeide/plugins/com.st.stm32cube.ide.mcu.externaltools.gnu-tools-for-stm32.9-2020-q2-update.win32_2.0.0.202105311346/tools/bin/../lib/gcc/arm-none-eabi/9.3.1/../../../../arm-none-eabi/lib/thumb/v6-m/nofp/crt0.o (memset)
c:/st/stm32cubeide_1.7.0/stm32cubeide/plugins/com.st.stm32cube.ide.mcu.externaltools.gnu-tools-for-stm32.9-2020-q2-update.win32_2.0.0.202105311346/tools/bin/../lib/gcc/arm-none-eabi/9.3.1/../../../../arm-none-eabi/lib/thumb/v6-m/nofp\libc_nano.a(lib_a-nano-freer.o)
                              c:/st/stm32cubeide_1.7.0/stm32cubeide/plugins/com.st.stm32cube.ide.mcu.externaltools.gnu-tools-for-stm32.9-2020-q2-update.win32_2.0.0.202105311346/tools/bin/../lib/gcc/arm-none-eabi/9.3.1/../../../../arm-none-eabi/lib/thumb/v6-m/nofp\libc_nano.a(lib_a-malloc.o) (_free_r)
c:/st/stm32cubeide_1.7.0/stm32cubeide/plugins/com.st.stm32cube.ide.mcu.externaltools.gnu-tools-for-stm32.9-2020-q2-update.win32_2.0.0.202105311346/tools/bin/../lib/gcc/arm-none-eabi/9.3.1/../../../../arm-none-eabi/lib/thumb/v6-m/nofp\libc_nano.a(lib_a-nano-mallocr.o)
[...]
Memory Configuration

Name             Origin             Length             Attributes
RAM              0x0000000020000000 0x0000000000001000 xrw
FLASH            0x0000000008000000 0x0000000000008000 xr
*default*        0x0000000000000000 0xffffffffffffffff

Linker script and memory map

LOAD c:/st/stm32cubeide_1.7.0/stm32cubeide/plugins/com.st.stm32cube.ide.mcu.externaltools.gnu-tools-for-stm32.9-2020-q2-update.win32_2.0.0.202105311346/tools/bin/../lib/gcc/arm-none-eabi/9.3.1/thumb/v6-m/nofp/crti.o
LOAD c:/st/stm32cubeide_1.7.0/stm32cubeide/plugins/com.st.stm32cube.ide.mcu.externaltools.gnu-tools-for-stm32.9-2020-q2-update.win32_2.0.0.202105311346/tools/bin/../lib/gcc/arm-none-eabi/9.3.1/thumb/v6-m/nofp/crtbegin.o
LOAD c:/st/stm32cubeide_1.7.0/stm32cubeide/plugins/com.st.stm32cube.ide.mcu.externaltools.gnu-tools-for-stm32.9-2020-q2-update.win32_2.0.0.202105311346/tools/bin/../lib/gcc/arm-none-eabi/9.3.1/../../../../arm-none-eabi/lib/thumb/v6-m/nofp/crt0.o
LOAD ./CPP/Src/button.o
LOAD ./CPP/Src/control.o
LOAD ./CPP/Src/led.o
LOAD ./CPP/Src/main.o
LOAD ./CPP/Src/motor.o
LOAD ./CPP/Src/motorControl.o
LOAD ./CPP/Src/position.o
LOAD ./CPP/Src/robot.o
LOAD ./CPP/Src/test.o
LOAD ./Core/Src/main.o
LOAD ./Core/Src/stm32f0xx_hal_msp.o
LOAD ./Core/Src/stm32f0xx_it.o
LOAD ./Core/Src/syscalls.o
LOAD ./Core/Src/sysmem.o
LOAD ./Core/Src/system_stm32f0xx.o
LOAD ./Core/Startup/startup_stm32f030c6tx.o
LOAD ./Drivers/STM32F0xx_HAL_Driver/Src/stm32f0xx_hal.o
LOAD ./Drivers/STM32F0xx_HAL_Driver/Src/stm32f0xx_hal_adc.o
LOAD ./Drivers/STM32F0xx_HAL_Driver/Src/stm32f0xx_hal_adc_ex.o
LOAD ./Drivers/STM32F0xx_HAL_Driver/Src/stm32f0xx_hal_cortex.o
LOAD ./Drivers/STM32F0xx_HAL_Driver/Src/stm32f0xx_hal_dma.o
LOAD ./Drivers/STM32F0xx_HAL_Driver/Src/stm32f0xx_hal_exti.o
LOAD ./Drivers/STM32F0xx_HAL_Driver/Src/stm32f0xx_hal_flash.o
LOAD ./Drivers/STM32F0xx_HAL_Driver/Src/stm32f0xx_hal_flash_ex.o
LOAD ./Drivers/STM32F0xx_HAL_Driver/Src/stm32f0xx_hal_gpio.o
LOAD ./Drivers/STM32F0xx_HAL_Driver/Src/stm32f0xx_hal_i2c.o
LOAD ./Drivers/STM32F0xx_HAL_Driver/Src/stm32f0xx_hal_i2c_ex.o
LOAD ./Drivers/STM32F0xx_HAL_Driver/Src/stm32f0xx_hal_pwr.o
LOAD ./Drivers/STM32F0xx_HAL_Driver/Src/stm32f0xx_hal_pwr_ex.o
LOAD ./Drivers/STM32F0xx_HAL_Driver/Src/stm32f0xx_hal_rcc.o
LOAD ./Drivers/STM32F0xx_HAL_Driver/Src/stm32f0xx_hal_rcc_ex.o
LOAD ./Drivers/STM32F0xx_HAL_Driver/Src/stm32f0xx_hal_tim.o
LOAD ./Drivers/STM32F0xx_HAL_Driver/Src/stm32f0xx_hal_tim_ex.o
START GROUP
LOAD c:/st/stm32cubeide_1.7.0/stm32cubeide/plugins/com.st.stm32cube.ide.mcu.externaltools.gnu-tools-for-stm32.9-2020-q2-update.win32_2.0.0.202105311346/tools/bin/../lib/gcc/arm-none-eabi/9.3.1/../../../../arm-none-eabi/lib/thumb/v6-m/nofp\libstdc++_nano.a
LOAD c:/st/stm32cubeide_1.7.0/stm32cubeide/plugins/com.st.stm32cube.ide.mcu.externaltools.gnu-tools-for-stm32.9-2020-q2-update.win32_2.0.0.202105311346/tools/bin/../lib/gcc/arm-none-eabi/9.3.1/../../../../arm-none-eabi/lib/thumb/v6-m/nofp\libsupc++_nano.a
END GROUP
LOAD c:/st/stm32cubeide_1.7.0/stm32cubeide/plugins/com.st.stm32cube.ide.mcu.externaltools.gnu-tools-for-stm32.9-2020-q2-update.win32_2.0.0.202105311346/tools/bin/../lib/gcc/arm-none-eabi/9.3.1/../../../../arm-none-eabi/lib/thumb/v6-m/nofp\libstdc++_nano.a
LOAD c:/st/stm32cubeide_1.7.0/stm32cubeide/plugins/com.st.stm32cube.ide.mcu.externaltools.gnu-tools-for-stm32.9-2020-q2-update.win32_2.0.0.202105311346/tools/bin/../lib/gcc/arm-none-eabi/9.3.1/../../../../arm-none-eabi/lib/thumb/v6-m/nofp\libm.a
LOAD c:/st/stm32cubeide_1.7.0/stm32cubeide/plugins/com.st.stm32cube.ide.mcu.externaltools.gnu-tools-for-stm32.9-2020-q2-update.win32_2.0.0.202105311346/tools/bin/../lib/gcc/arm-none-eabi/9.3.1/../../../../arm-none-eabi/lib/thumb/v6-m/nofp\libc_nano.a
START GROUP
LOAD c:/st/stm32cubeide_1.7.0/stm32cubeide/plugins/com.st.stm32cube.ide.mcu.externaltools.gnu-tools-for-stm32.9-2020-q2-update.win32_2.0.0.202105311346/tools/bin/../lib/gcc/arm-none-eabi/9.3.1/thumb/v6-m/nofp\libgcc.a
LOAD c:/st/stm32cubeide_1.7.0/stm32cubeide/plugins/com.st.stm32cube.ide.mcu.externaltools.gnu-tools-for-stm32.9-2020-q2-update.win32_2.0.0.202105311346/tools/bin/../lib/gcc/arm-none-eabi/9.3.1/../../../../arm-none-eabi/lib/thumb/v6-m/nofp\libc_nano.a
END GROUP
START GROUP
LOAD c:/st/stm32cubeide_1.7.0/stm32cubeide/plugins/com.st.stm32cube.ide.mcu.externaltools.gnu-tools-for-stm32.9-2020-q2-update.win32_2.0.0.202105311346/tools/bin/../lib/gcc/arm-none-eabi/9.3.1/thumb/v6-m/nofp\libgcc.a
LOAD c:/st/stm32cubeide_1.7.0/stm32cubeide/plugins/com.st.stm32cube.ide.mcu.externaltools.gnu-tools-for-stm32.9-2020-q2-update.win32_2.0.0.202105311346/tools/bin/../lib/gcc/arm-none-eabi/9.3.1/../../../../arm-none-eabi/lib/thumb/v6-m/nofp\libc_nano.a
LOAD c:/st/stm32cubeide_1.7.0/stm32cubeide/plugins/com.st.stm32cube.ide.mcu.externaltools.gnu-tools-for-stm32.9-2020-q2-update.win32_2.0.0.202105311346/tools/bin/../lib/gcc/arm-none-eabi/9.3.1/../../../../arm-none-eabi/lib/thumb/v6-m/nofp\libnosys.a
END GROUP
START GROUP
LOAD c:/st/stm32cubeide_1.7.0/stm32cubeide/plugins/com.st.stm32cube.ide.mcu.externaltools.gnu-tools-for-stm32.9-2020-q2-update.win32_2.0.0.202105311346/tools/bin/../lib/gcc/arm-none-eabi/9.3.1/thumb/v6-m/nofp\libgcc.a
LOAD c:/st/stm32cubeide_1.7.0/stm32cubeide/plugins/com.st.stm32cube.ide.mcu.externaltools.gnu-tools-for-stm32.9-2020-q2-update.win32_2.0.0.202105311346/tools/bin/../lib/gcc/arm-none-eabi/9.3.1/../../../../arm-none-eabi/lib/thumb/v6-m/nofp\libc_nano.a
LOAD c:/st/stm32cubeide_1.7.0/stm32cubeide/plugins/com.st.stm32cube.ide.mcu.externaltools.gnu-tools-for-stm32.9-2020-q2-update.win32_2.0.0.202105311346/tools/bin/../lib/gcc/arm-none-eabi/9.3.1/../../../../arm-none-eabi/lib/thumb/v6-m/nofp\libnosys.a
END GROUP
LOAD c:/st/stm32cubeide_1.7.0/stm32cubeide/plugins/com.st.stm32cube.ide.mcu.externaltools.gnu-tools-for-stm32.9-2020-q2-update.win32_2.0.0.202105311346/tools/bin/../lib/gcc/arm-none-eabi/9.3.1/thumb/v6-m/nofp/crtend.o
LOAD c:/st/stm32cubeide_1.7.0/stm32cubeide/plugins/com.st.stm32cube.ide.mcu.externaltools.gnu-tools-for-stm32.9-2020-q2-update.win32_2.0.0.202105311346/tools/bin/../lib/gcc/arm-none-eabi/9.3.1/thumb/v6-m/nofp/crtn.o
                0x0000000020001000                _estack = (ORIGIN (RAM) + LENGTH (RAM))
                0x0000000000000200                _Min_Heap_Size = 0x200
                0x0000000000000400                _Min_Stack_Size = 0x400

.isr_vector     0x0000000008000000       0xc0
                0x0000000008000000                . = ALIGN (0x4)
 *(.isr_vector)
 .isr_vector    0x0000000008000000       0xc0 ./Core/Startup/startup_stm32f030c6tx.o
                0x0000000008000000                g_pfnVectors
                0x00000000080000c0                . = ALIGN (0x4)

.text           0x00000000080000c0     0x53f0
                0x00000000080000c0                . = ALIGN (0x4)
 *(.text)
 .text          0x00000000080000c0       0x48 c:/st/stm32cubeide_1.7.0/stm32cubeide/plugins/com.st.stm32cube.ide.mcu.externaltools.gnu-tools-for-stm32.9-2020-q2-update.win32_2.0.0.202105311346/tools/bin/../lib/gcc/arm-none-eabi/9.3.1/thumb/v6-m/nofp/crtbegin.o
 .text          0x0000000008000108      0x114 c:/st/stm32cubeide_1.7.0/stm32cubeide/plugins/com.st.stm32cube.ide.mcu.externaltools.gnu-tools-for-stm32.9-2020-q2-update.win32_2.0.0.202105311346/tools/bin/../lib/gcc/arm-none-eabi/9.3.1/thumb/v6-m/nofp\libgcc.a(_udivsi3.o)
                0x0000000008000108                __aeabi_uidiv
                0x0000000008000108                __udivsi3
                0x0000000008000214                __aeabi_uidivmod
 .text          0x000000000800021c      0x1d4 c:/st/stm32cubeide_1.7.0/stm32cubeide/plugins/com.st.stm32cube.ide.mcu.externaltools.gnu-tools-for-stm32.9-2020-q2-update.win32_2.0.0.202105311346/tools/bin/../lib/gcc/arm-none-eabi/9.3.1/thumb/v6-m/nofp\libgcc.a(_divsi3.o)
                0x000000000800021c                __divsi3
                0x000000000800021c                __aeabi_idiv
                0x00000000080003e8                __aeabi_idivmod
 .text          0x00000000080003f0        0x4 c:/st/stm32cubeide_1.7.0/stm32cubeide/plugins/com.st.stm32cube.ide.mcu.externaltools.gnu-tools-for-stm32.9-2020-q2-update.win32_2.0.0.202105311346/tools/bin/../lib/gcc/arm-none-eabi/9.3.1/thumb/v6-m/nofp\libgcc.a(_dvmd_tls.o)
                0x00000000080003f0                __aeabi_idiv0
                0x00000000080003f0                __aeabi_ldiv0
 .text          0x00000000080003f4      0x338 c:/st/stm32cubeide_1.7.0/stm32cubeide/plugins/com.st.stm32cube.ide.mcu.externaltools.gnu-tools-for-stm32.9-2020-q2-update.win32_2.0.0.202105311346/tools/bin/../lib/gcc/arm-none-eabi/9.3.1/thumb/v6-m/nofp\libgcc.a(addsf3.o)
                0x00000000080003f4                __aeabi_fadd
 .text          0x000000000800072c      0x234 c:/st/stm32cubeide_1.7.0/stm32cubeide/plugins/com.st.stm32cube.ide.mcu.externaltools.gnu-tools-for-stm32.9-2020-q2-update.win32_2.0.0.202105311346/tools/bin/../lib/gcc/arm-none-eabi/9.3.1/thumb/v6-m/nofp\libgcc.a(mulsf3.o)
                0x000000000800072c                __aeabi_fmul
 .text          0x0000000008000960      0x390 c:/st/stm32cubeide_1.7.0/stm32cubeide/plugins/com.st.stm32cube.ide.mcu.externaltools.gnu-tools-for-stm32.9-2020-q2-update.win32_2.0.0.202105311346/tools/bin/../lib/gcc/arm-none-eabi/9.3.1/thumb/v6-m/nofp\libgcc.a(subsf3.o)
                0x0000000008000960                __aeabi_fsub
 .text          0x0000000008000cf0       0x40 c:/st/stm32cubeide_1.7.0/stm32cubeide/plugins/com.st.stm32cube.ide.mcu.externaltools.gnu-tools-for-stm32.9-2020-q2-update.win32_2.0.0.202105311346/tools/bin/../lib/gcc/arm-none-eabi/9.3.1/thumb/v6-m/nofp\libgcc.a(fixsfsi.o)
                0x0000000008000cf0                __aeabi_f2iz
 .text          0x0000000008000d30       0x8c c:/st/stm32cubeide_1.7.0/stm32cubeide/plugins/com.st.stm32cube.ide.mcu.externaltools.gnu-tools-for-stm32.9-2020-q2-update.win32_2.0.0.202105311346/tools/bin/../lib/gcc/arm-none-eabi/9.3.1/thumb/v6-m/nofp\libgcc.a(floatsisf.o)
                0x0000000008000d30                __aeabi_i2f
 .text          0x0000000008000dbc       0x3c c:/st/stm32cubeide_1.7.0/stm32cubeide/plugins/com.st.stm32cube.ide.mcu.externaltools.gnu-tools-for-stm32.9-2020-q2-update.win32_2.0.0.202105311346/tools/bin/../lib/gcc/arm-none-eabi/9.3.1/thumb/v6-m/nofp\libgcc.a(_clzsi2.o)
                0x0000000008000dbc                __clzsi2
 *(.text*)
 .text._ZN6buttonC2EP12GPIO_TypeDeft
                0x0000000008000df8       0x30 ./CPP/Src/button.o
                0x0000000008000df8                button::button(GPIO_TypeDef*, unsigned short)
                0x0000000008000df8                button::button(GPIO_TypeDef*, unsigned short)
 .text._ZN6buttonD2Ev
                0x0000000008000e28       0x1c ./CPP/Src/button.o
                0x0000000008000e28                button::~button()
                0x0000000008000e28                button::~button()
 .text._ZN6buttonD0Ev
                0x0000000008000e44       0x24 ./CPP/Src/button.o
                0x0000000008000e44                button::~button()
 .text._ZN6button6GetPinEv
                0x0000000008000e68       0x14 ./CPP/Src/button.o
                0x0000000008000e68                button::GetPin()
 .text._ZN7controlC2EP8position
                0x0000000008000e7c       0x38 ./CPP/Src/control.o
                0x0000000008000e7c                control::control(position*)
                0x0000000008000e7c                control::control(position*)
 .text._ZN7controlD2Ev
                0x0000000008000eb4       0x1c ./CPP/Src/control.o
                0x0000000008000eb4                control::~control()
                0x0000000008000eb4                control::~control()
 .text._ZN7controlD0Ev
                0x0000000008000ed0       0x24 ./CPP/Src/control.o
                0x0000000008000ed0                control::~control()
 .text._ZN7control5setKPEf
                0x0000000008000ef4       0x18 ./CPP/Src/control.o
                0x0000000008000ef4                control::setKP(float)
 .text._ZN7control5setKDEf
                0x0000000008000f0c       0x18 ./CPP/Src/control.o
                0x0000000008000f0c                control::setKD(float)
 .text._ZN7control8PIDValueEv
                0x0000000008000f24       0x88 ./CPP/Src/control.o
                0x0000000008000f24                control::PIDValue()
 .text._ZN3ledC2EP12GPIO_TypeDeft
                0x0000000008000fac       0x30 ./CPP/Src/led.o
                0x0000000008000fac                led::led(GPIO_TypeDef*, unsigned short)
                0x0000000008000fac                led::led(GPIO_TypeDef*, unsigned short)
 .text._ZN3ledD2Ev
                0x0000000008000fdc       0x1c ./CPP/Src/led.o
                0x0000000008000fdc                led::~led()
                0x0000000008000fdc                led::~led()
 .text._ZN3ledD0Ev
                0x0000000008000ff8       0x24 ./CPP/Src/led.o
                0x0000000008000ff8                led::~led()
 .text._ZN3led2OnEv
                0x000000000800101c       0x20 ./CPP/Src/led.o
                0x000000000800101c                led::On()
 .text._ZN3led3OffEv
                0x000000000800103c       0x20 ./CPP/Src/led.o
                0x000000000800103c                led::Off()
 .text.CppMain  0x000000000800105c      0x15c ./CPP/Src/main.o
                0x000000000800105c                CppMain
 .text.ADC_Interrupt
                0x00000000080011b8       0x38 ./CPP/Src/main.o
                0x00000000080011b8                ADC_Interrupt
 .text.TIM1_Interrupt
                0x00000000080011f0       0x48 ./CPP/Src/main.o
                0x00000000080011f0                TIM1_Interrupt
 .text.HAL_GPIO_EXTI_Callback
                0x0000000008001238       0x68 ./CPP/Src/main.o
                0x0000000008001238                HAL_GPIO_EXTI_Callback
 .text._Z41__static_initialization_and_destruction_0ii
                0x00000000080012a0      0x170 ./CPP/Src/main.o
 .text._GLOBAL__sub_I_p
                0x0000000008001410       0x18 ./CPP/Src/main.o
 .text._GLOBAL__sub_D_p
                0x0000000008001428       0x18 ./CPP/Src/main.o
 .text._ZN5motorC2EP17TIM_HandleTypeDefhP12GPIO_TypeDeftS3_t
                0x0000000008001440       0x54 ./CPP/Src/motor.o
                0x0000000008001440                motor::motor(TIM_HandleTypeDef*, unsigned char, GPIO_TypeDef*, unsigned short, GPIO_TypeDef*, unsigned short)
                0x0000000008001440                motor::motor(TIM_HandleTypeDef*, unsigned char, GPIO_TypeDef*, unsigned short, GPIO_TypeDef*, unsigned short)
 .text._ZN5motorD2Ev
                0x0000000008001494       0x1c ./CPP/Src/motor.o
                0x0000000008001494                motor::~motor()
                0x0000000008001494                motor::~motor()
 .text._ZN5motorD0Ev
                0x00000000080014b0       0x24 ./CPP/Src/motor.o
                0x00000000080014b0                motor::~motor()
 .text._ZN5motor3PWMEh
                0x00000000080014d4       0x7a ./CPP/Src/motor.o
                0x00000000080014d4                motor::PWM(unsigned char)
 .text._ZN5motor2CWEv
                0x000000000800154e       0x30 ./CPP/Src/motor.o
                0x000000000800154e                motor::CW()
 .text._ZN5motor3CCWEv
                0x000000000800157e       0x30 ./CPP/Src/motor.o
                0x000000000800157e                motor::CCW()
 .text._ZN5motor10MotorBreakEv
                0x00000000080015ae       0x30 ./CPP/Src/motor.o
                0x00000000080015ae                motor::MotorBreak()
 *fill*         0x00000000080015de        0x2 
 .text._ZN12motorControlC2EP5motor
                0x00000000080015e0       0x24 ./CPP/Src/motorControl.o
                0x00000000080015e0                motorControl::motorControl(motor*)
                0x00000000080015e0                motorControl::motorControl(motor*)
 .text._ZN12motorControlD2Ev
                0x0000000008001604       0x1c ./CPP/Src/motorControl.o
                0x0000000008001604                motorControl::~motorControl()
                0x0000000008001604                motorControl::~motorControl()
 .text._ZN12motorControlD0Ev
                0x0000000008001620       0x24 ./CPP/Src/motorControl.o
                0x0000000008001620                motorControl::~motorControl()
 .text._ZN12motorControl5SpeedEi
                0x0000000008001644       0x44 ./CPP/Src/motorControl.o
                0x0000000008001644                motorControl::Speed(int)
 .text._ZN12motorControl5BreakEv
                0x0000000008001688       0x1a ./CPP/Src/motorControl.o
                0x0000000008001688                motorControl::Break()
 *fill*         0x00000000080016a2        0x2 
 .text._ZN8positionC2Ev
                0x00000000080016a4       0x1c ./CPP/Src/position.o
                0x00000000080016a4                position::position()
                0x00000000080016a4                position::position()
 .text._ZN8positionD2Ev
                0x00000000080016c0       0x1c ./CPP/Src/position.o
                0x00000000080016c0                position::~position()
                0x00000000080016c0                position::~position()
 .text._ZN8positionD0Ev
                0x00000000080016dc       0x24 ./CPP/Src/position.o
                0x00000000080016dc                position::~position()
 .text._ZN8position9SetAnalogEPhi
                0x0000000008001700       0x96 ./CPP/Src/position.o
                0x0000000008001700                position::SetAnalog(unsigned char*, int)
 .text._ZN8position15InitCalibrationEv
                0x0000000008001796       0x46 ./CPP/Src/position.o
                0x0000000008001796                position::InitCalibration()
 .text._ZN8position16CalibrateSensorsEv
                0x00000000080017dc       0xac ./CPP/Src/position.o
                0x00000000080017dc                position::CalibrateSensors()
 .text._ZN8position10SetSensorsEv
                0x0000000008001888       0x58 ./CPP/Src/position.o
                0x0000000008001888                position::SetSensors()
 .text._ZN8position14DefinePositionEv
                0x00000000080018e0      0x130 ./CPP/Src/position.o
                0x00000000080018e0                position::DefinePosition()
 .text._ZN5robotC2EP7controlP12motorControlS3_
                0x0000000008001a10       0x34 ./CPP/Src/robot.o
                0x0000000008001a10                robot::robot(control*, motorControl*, motorControl*)
                0x0000000008001a10                robot::robot(control*, motorControl*, motorControl*)
 .text._ZN5robotD2Ev
                0x0000000008001a44       0x1c ./CPP/Src/robot.o
                0x0000000008001a44                robot::~robot()
                0x0000000008001a44                robot::~robot()
 .text._ZN5robotD0Ev
                0x0000000008001a60       0x24 ./CPP/Src/robot.o
                0x0000000008001a60                robot::~robot()
 .text._ZN5robot12RunningStateEh
                0x0000000008001a84       0xd4 ./CPP/Src/robot.o
                0x0000000008001a84                robot::RunningState(unsigned char)
 .text._ZN5robot9CalibrateEPi
                0x0000000008001b58       0xe2 ./CPP/Src/robot.o
                0x0000000008001b58                robot::Calibrate(int*)
 *fill*         0x0000000008001c3a        0x2 
 .text.HAL_ADC_ConvCpltCallback
                0x0000000008001c3c       0x20 ./Core/Src/main.o
                0x0000000008001c3c                HAL_ADC_ConvCpltCallback
 .text.HAL_TIM_PeriodElapsedCallback
                0x0000000008001c5c       0x20 ./Core/Src/main.o
                0x0000000008001c5c                HAL_TIM_PeriodElapsedCallback
 .text.main     0x0000000008001c7c       0x70 ./Core/Src/main.o
                0x0000000008001c7c                main
 .text.SystemClock_Config
                0x0000000008001cec       0x94 ./Core/Src/main.o
                0x0000000008001cec                SystemClock_Config
 .text.MX_ADC_Init
                0x0000000008001d80      0x138 ./Core/Src/main.o
 .text.MX_TIM1_Init
                0x0000000008001eb8       0xb0 ./Core/Src/main.o
 .text.MX_TIM16_Init
                0x0000000008001f68      0x108 ./Core/Src/main.o
 .text.MX_TIM17_Init
                0x0000000008002070      0x108 ./Core/Src/main.o
 .text.MX_DMA_Init
                0x0000000008002178       0x3c ./Core/Src/main.o
 .text.MX_GPIO_Init
                0x00000000080021b4      0x168 ./Core/Src/main.o
 .text.Error_Handler
                0x000000000800231c        0xa ./Core/Src/main.o
                0x000000000800231c                Error_Handler
 *fill*         0x0000000008002326        0x2 
 .text.HAL_MspInit
                0x0000000008002328       0x48 ./Core/Src/stm32f0xx_hal_msp.o
                0x0000000008002328                HAL_MspInit
 .text.HAL_ADC_MspInit
                0x0000000008002370       0xf0 ./Core/Src/stm32f0xx_hal_msp.o
                0x0000000008002370                HAL_ADC_MspInit
 .text.HAL_TIM_Base_MspInit
                0x0000000008002460       0xb8 ./Core/Src/stm32f0xx_hal_msp.o
                0x0000000008002460                HAL_TIM_Base_MspInit
 .text.HAL_TIM_MspPostInit
                0x0000000008002518       0xdc ./Core/Src/stm32f0xx_hal_msp.o
                0x0000000008002518                HAL_TIM_MspPostInit
 .text.NMI_Handler
                0x00000000080025f4        0x6 ./Core/Src/stm32f0xx_it.o
                0x00000000080025f4                NMI_Handler
 .text.HardFault_Handler
                0x00000000080025fa        0x6 ./Core/Src/stm32f0xx_it.o
                0x00000000080025fa                HardFault_Handler
 .text.SVC_Handler
                0x0000000008002600        0xa ./Core/Src/stm32f0xx_it.o
                0x0000000008002600                SVC_Handler
 .text.PendSV_Handler
                0x000000000800260a        0xa ./Core/Src/stm32f0xx_it.o
                0x000000000800260a                PendSV_Handler
 .text.SysTick_Handler
                0x0000000008002614        0xe ./Core/Src/stm32f0xx_it.o
                0x0000000008002614                SysTick_Handler
 .text.EXTI4_15_IRQHandler
                0x0000000008002622       0x14 ./Core/Src/stm32f0xx_it.o
                0x0000000008002622                EXTI4_15_IRQHandler
 *fill*         0x0000000008002636        0x2 
 .text.DMA1_Channel1_IRQHandler
                0x0000000008002638       0x18 ./Core/Src/stm32f0xx_it.o
                0x0000000008002638                DMA1_Channel1_IRQHandler
 .text.ADC1_IRQHandler
                0x0000000008002650       0x18 ./Core/Src/stm32f0xx_it.o
                0x0000000008002650                ADC1_IRQHandler
 .text.TIM1_BRK_UP_TRG_COM_IRQHandler
                0x0000000008002668       0x18 ./Core/Src/stm32f0xx_it.o
                0x0000000008002668                TIM1_BRK_UP_TRG_COM_IRQHandler
 .text.TIM1_CC_IRQHandler
                0x0000000008002680       0x18 ./Core/Src/stm32f0xx_it.o
                0x0000000008002680                TIM1_CC_IRQHandler
 .text.SystemInit
                0x0000000008002698        0xa ./Core/Src/system_stm32f0xx.o
                0x0000000008002698                SystemInit
 *fill*         0x00000000080026a2        0x2 
 .text.Reset_Handler
                0x00000000080026a4       0x50 ./Core/Startup/startup_stm32f030c6tx.o
                0x00000000080026a4                Reset_Handler
 .text.Default_Handler
                0x00000000080026f4        0x2 ./Core/Startup/startup_stm32f030c6tx.o
                0x00000000080026f4                I2C1_IRQHandler
                0x00000000080026f4                SPI1_IRQHandler
                0x00000000080026f4                EXTI2_3_IRQHandler
                0x00000000080026f4                TIM17_IRQHandler
                0x00000000080026f4                RTC_IRQHandler
                0x00000000080026f4                TIM16_IRQHandler
                0x00000000080026f4                TIM3_IRQHandler
                0x00000000080026f4                RCC_IRQHandler
                0x00000000080026f4                Default_Handler
                0x00000000080026f4                TIM14_IRQHandler
                0x00000000080026f4                DMA1_Channel4_5_IRQHandler
                0x00000000080026f4                EXTI0_1_IRQHandler
                0x00000000080026f4                WWDG_IRQHandler
                0x00000000080026f4                DMA1_Channel2_3_IRQHandler
                0x00000000080026f4                FLASH_IRQHandler
                0x00000000080026f4                USART1_IRQHandler
 *fill*         0x00000000080026f6        0x2 
 .text.HAL_Init
                0x00000000080026f8       0x28 ./Drivers/STM32F0xx_HAL_Driver/Src/stm32f0xx_hal.o
                0x00000000080026f8                HAL_Init
 .text.HAL_InitTick
                0x0000000008002720       0x68 ./Drivers/STM32F0xx_HAL_Driver/Src/stm32f0xx_hal.o
                0x0000000008002720                HAL_InitTick
 .text.HAL_IncTick
                0x0000000008002788       0x24 ./Drivers/STM32F0xx_HAL_Driver/Src/stm32f0xx_hal.o
                0x0000000008002788                HAL_IncTick
 .text.HAL_GetTick
                0x00000000080027ac       0x14 ./Drivers/STM32F0xx_HAL_Driver/Src/stm32f0xx_hal.o
                0x00000000080027ac                HAL_GetTick
 .text.HAL_ADC_Init
                0x00000000080027c0      0x280 ./Drivers/STM32F0xx_HAL_Driver/Src/stm32f0xx_hal_adc.o
                0x00000000080027c0                HAL_ADC_Init
 .text.HAL_ADC_Start_DMA
                0x0000000008002a40      0x104 ./Drivers/STM32F0xx_HAL_Driver/Src/stm32f0xx_hal_adc.o
                0x0000000008002a40                HAL_ADC_Start_DMA
 .text.HAL_ADC_IRQHandler
                0x0000000008002b44      0x170 ./Drivers/STM32F0xx_HAL_Driver/Src/stm32f0xx_hal_adc.o
                0x0000000008002b44                HAL_ADC_IRQHandler
 .text.HAL_ADC_ConvHalfCpltCallback
                0x0000000008002cb4       0x10 ./Drivers/STM32F0xx_HAL_Driver/Src/stm32f0xx_hal_adc.o
                0x0000000008002cb4                HAL_ADC_ConvHalfCpltCallback
 .text.HAL_ADC_LevelOutOfWindowCallback
                0x0000000008002cc4       0x10 ./Drivers/STM32F0xx_HAL_Driver/Src/stm32f0xx_hal_adc.o
                0x0000000008002cc4                HAL_ADC_LevelOutOfWindowCallback
 .text.HAL_ADC_ErrorCallback
                0x0000000008002cd4       0x10 ./Drivers/STM32F0xx_HAL_Driver/Src/stm32f0xx_hal_adc.o
                0x0000000008002cd4                HAL_ADC_ErrorCallback
 .text.HAL_ADC_ConfigChannel
                0x0000000008002ce4      0x1ec ./Drivers/STM32F0xx_HAL_Driver/Src/stm32f0xx_hal_adc.o
                0x0000000008002ce4                HAL_ADC_ConfigChannel
 .text.ADC_Enable
                0x0000000008002ed0      0x108 ./Drivers/STM32F0xx_HAL_Driver/Src/stm32f0xx_hal_adc.o
 .text.ADC_DMAConvCplt
                0x0000000008002fd8       0xb4 ./Drivers/STM32F0xx_HAL_Driver/Src/stm32f0xx_hal_adc.o
 .text.ADC_DMAHalfConvCplt
                0x000000000800308c       0x1e ./Drivers/STM32F0xx_HAL_Driver/Src/stm32f0xx_hal_adc.o
 .text.ADC_DMAError
                0x00000000080030aa       0x36 ./Drivers/STM32F0xx_HAL_Driver/Src/stm32f0xx_hal_adc.o
 .text.HAL_ADCEx_Calibration_Start
                0x00000000080030e0      0x150 ./Drivers/STM32F0xx_HAL_Driver/Src/stm32f0xx_hal_adc_ex.o
                0x00000000080030e0                HAL_ADCEx_Calibration_Start
 .text.__NVIC_EnableIRQ
                0x0000000008003230       0x34 ./Drivers/STM32F0xx_HAL_Driver/Src/stm32f0xx_hal_cortex.o
 .text.__NVIC_SetPriority
                0x0000000008003264       0xdc ./Drivers/STM32F0xx_HAL_Driver/Src/stm32f0xx_hal_cortex.o
 .text.SysTick_Config
                0x0000000008003340       0x48 ./Drivers/STM32F0xx_HAL_Driver/Src/stm32f0xx_hal_cortex.o
 .text.HAL_NVIC_SetPriority
                0x0000000008003388       0x2a ./Drivers/STM32F0xx_HAL_Driver/Src/stm32f0xx_hal_cortex.o
                0x0000000008003388                HAL_NVIC_SetPriority
 .text.HAL_NVIC_EnableIRQ
                0x00000000080033b2       0x20 ./Drivers/STM32F0xx_HAL_Driver/Src/stm32f0xx_hal_cortex.o
                0x00000000080033b2                HAL_NVIC_EnableIRQ
 .text.HAL_SYSTICK_Config
                0x00000000080033d2       0x1a ./Drivers/STM32F0xx_HAL_Driver/Src/stm32f0xx_hal_cortex.o
                0x00000000080033d2                HAL_SYSTICK_Config
 .text.HAL_DMA_Init
                0x00000000080033ec       0x90 ./Drivers/STM32F0xx_HAL_Driver/Src/stm32f0xx_hal_dma.o
                0x00000000080033ec                HAL_DMA_Init
 .text.HAL_DMA_Start_IT
                0x000000000800347c       0xcc ./Drivers/STM32F0xx_HAL_Driver/Src/stm32f0xx_hal_dma.o
                0x000000000800347c                HAL_DMA_Start_IT
 .text.HAL_DMA_IRQHandler
                0x0000000008003548      0x144 ./Drivers/STM32F0xx_HAL_Driver/Src/stm32f0xx_hal_dma.o
                0x0000000008003548                HAL_DMA_IRQHandler
 .text.DMA_SetConfig
                0x000000000800368c       0x58 ./Drivers/STM32F0xx_HAL_Driver/Src/stm32f0xx_hal_dma.o
 .text.DMA_CalcBaseAndBitshift
                0x00000000080036e4       0x38 ./Drivers/STM32F0xx_HAL_Driver/Src/stm32f0xx_hal_dma.o
 .text.HAL_GPIO_Init
                0x000000000800371c      0x2e0 ./Drivers/STM32F0xx_HAL_Driver/Src/stm32f0xx_hal_gpio.o
                0x000000000800371c                HAL_GPIO_Init
 .text.HAL_GPIO_WritePin
                0x00000000080039fc       0x3a ./Drivers/STM32F0xx_HAL_Driver/Src/stm32f0xx_hal_gpio.o
                0x00000000080039fc                HAL_GPIO_WritePin
 *fill*         0x0000000008003a36        0x2 
 .text.HAL_GPIO_EXTI_IRQHandler
                0x0000000008003a38       0x38 ./Drivers/STM32F0xx_HAL_Driver/Src/stm32f0xx_hal_gpio.o
                0x0000000008003a38                HAL_GPIO_EXTI_IRQHandler
 .text.HAL_RCC_OscConfig
                0x0000000008003a70      0x634 ./Drivers/STM32F0xx_HAL_Driver/Src/stm32f0xx_hal_rcc.o
                0x0000000008003a70                HAL_RCC_OscConfig
 .text.HAL_RCC_ClockConfig
                0x00000000080040a4      0x19c ./Drivers/STM32F0xx_HAL_Driver/Src/stm32f0xx_hal_rcc.o
                0x00000000080040a4                HAL_RCC_ClockConfig
 .text.HAL_RCC_GetSysClockFreq
                0x0000000008004240       0xc8 ./Drivers/STM32F0xx_HAL_Driver/Src/stm32f0xx_hal_rcc.o
                0x0000000008004240                HAL_RCC_GetSysClockFreq
 .text.HAL_TIM_Base_Init
                0x0000000008004308       0xa0 ./Drivers/STM32F0xx_HAL_Driver/Src/stm32f0xx_hal_tim.o
                0x0000000008004308                HAL_TIM_Base_Init
 .text.HAL_TIM_Base_Start_IT
                0x00000000080043a8       0x8c ./Drivers/STM32F0xx_HAL_Driver/Src/stm32f0xx_hal_tim.o
                0x00000000080043a8                HAL_TIM_Base_Start_IT
 .text.HAL_TIM_PWM_Init
                0x0000000008004434       0xa0 ./Drivers/STM32F0xx_HAL_Driver/Src/stm32f0xx_hal_tim.o
                0x0000000008004434                HAL_TIM_PWM_Init
 .text.HAL_TIM_PWM_MspInit
                0x00000000080044d4       0x10 ./Drivers/STM32F0xx_HAL_Driver/Src/stm32f0xx_hal_tim.o
                0x00000000080044d4                HAL_TIM_PWM_MspInit
 .text.HAL_TIM_PWM_Start
                0x00000000080044e4      0x14c ./Drivers/STM32F0xx_HAL_Driver/Src/stm32f0xx_hal_tim.o
                0x00000000080044e4                HAL_TIM_PWM_Start
 .text.HAL_TIM_IRQHandler
                0x0000000008004630      0x22c ./Drivers/STM32F0xx_HAL_Driver/Src/stm32f0xx_hal_tim.o
                0x0000000008004630                HAL_TIM_IRQHandler
 .text.HAL_TIM_PWM_ConfigChannel
                0x000000000800485c      0x18c ./Drivers/STM32F0xx_HAL_Driver/Src/stm32f0xx_hal_tim.o
                0x000000000800485c                HAL_TIM_PWM_ConfigChannel
 .text.HAL_TIM_ConfigClockSource
                0x00000000080049e8      0x1a8 ./Drivers/STM32F0xx_HAL_Driver/Src/stm32f0xx_hal_tim.o
                0x00000000080049e8                HAL_TIM_ConfigClockSource
 .text.HAL_TIM_OC_DelayElapsedCallback
                0x0000000008004b90       0x10 ./Drivers/STM32F0xx_HAL_Driver/Src/stm32f0xx_hal_tim.o
                0x0000000008004b90                HAL_TIM_OC_DelayElapsedCallback
 .text.HAL_TIM_IC_CaptureCallback
                0x0000000008004ba0       0x10 ./Drivers/STM32F0xx_HAL_Driver/Src/stm32f0xx_hal_tim.o
                0x0000000008004ba0                HAL_TIM_IC_CaptureCallback
 .text.HAL_TIM_PWM_PulseFinishedCallback
                0x0000000008004bb0       0x10 ./Drivers/STM32F0xx_HAL_Driver/Src/stm32f0xx_hal_tim.o
                0x0000000008004bb0                HAL_TIM_PWM_PulseFinishedCallback
 .text.HAL_TIM_TriggerCallback
                0x0000000008004bc0       0x10 ./Drivers/STM32F0xx_HAL_Driver/Src/stm32f0xx_hal_tim.o
                0x0000000008004bc0                HAL_TIM_TriggerCallback
 .text.TIM_Base_SetConfig
                0x0000000008004bd0       0xd8 ./Drivers/STM32F0xx_HAL_Driver/Src/stm32f0xx_hal_tim.o
                0x0000000008004bd0                TIM_Base_SetConfig
 .text.TIM_OC1_SetConfig
                0x0000000008004ca8       0xfc ./Drivers/STM32F0xx_HAL_Driver/Src/stm32f0xx_hal_tim.o
 .text.TIM_OC2_SetConfig
                0x0000000008004da4       0xfc ./Drivers/STM32F0xx_HAL_Driver/Src/stm32f0xx_hal_tim.o
                0x0000000008004da4                TIM_OC2_SetConfig
 .text.TIM_OC3_SetConfig
                0x0000000008004ea0      0x100 ./Drivers/STM32F0xx_HAL_Driver/Src/stm32f0xx_hal_tim.o
 .text.TIM_OC4_SetConfig
                0x0000000008004fa0       0xc8 ./Drivers/STM32F0xx_HAL_Driver/Src/stm32f0xx_hal_tim.o
 .text.TIM_TI1_ConfigInputStage
                0x0000000008005068       0x5c ./Drivers/STM32F0xx_HAL_Driver/Src/stm32f0xx_hal_tim.o
 .text.TIM_TI2_ConfigInputStage
                0x00000000080050c4       0x64 ./Drivers/STM32F0xx_HAL_Driver/Src/stm32f0xx_hal_tim.o
 .text.TIM_ITRx_SetConfig
                0x0000000008005128       0x32 ./Drivers/STM32F0xx_HAL_Driver/Src/stm32f0xx_hal_tim.o
 *fill*         0x000000000800515a        0x2 
 .text.TIM_ETR_SetConfig
                0x000000000800515c       0x40 ./Drivers/STM32F0xx_HAL_Driver/Src/stm32f0xx_hal_tim.o
                0x000000000800515c                TIM_ETR_SetConfig
 .text.TIM_CCxChannelCmd
                0x000000000800519c       0x46 ./Drivers/STM32F0xx_HAL_Driver/Src/stm32f0xx_hal_tim.o
                0x000000000800519c                TIM_CCxChannelCmd
 *fill*         0x00000000080051e2        0x2 
 .text.HAL_TIMEx_MasterConfigSynchronization
                0x00000000080051e4       0xa4 ./Drivers/STM32F0xx_HAL_Driver/Src/stm32f0xx_hal_tim_ex.o
                0x00000000080051e4                HAL_TIMEx_MasterConfigSynchronization
 .text.HAL_TIMEx_ConfigBreakDeadTime
                0x0000000008005288       0xbc ./Drivers/STM32F0xx_HAL_Driver/Src/stm32f0xx_hal_tim_ex.o
                0x0000000008005288                HAL_TIMEx_ConfigBreakDeadTime
 .text.HAL_TIMEx_CommutCallback
                0x0000000008005344       0x10 ./Drivers/STM32F0xx_HAL_Driver/Src/stm32f0xx_hal_tim_ex.o
                0x0000000008005344                HAL_TIMEx_CommutCallback
 .text.HAL_TIMEx_BreakCallback
                0x0000000008005354       0x10 ./Drivers/STM32F0xx_HAL_Driver/Src/stm32f0xx_hal_tim_ex.o
                0x0000000008005354                HAL_TIMEx_BreakCallback
 .text._ZdlPvj  0x0000000008005364        0x8 c:/st/stm32cubeide_1.7.0/stm32cubeide/plugins/com.st.stm32cube.ide.mcu.externaltools.gnu-tools-for-stm32.9-2020-q2-update.win32_2.0.0.202105311346/tools/bin/../lib/gcc/arm-none-eabi/9.3.1/../../../../arm-none-eabi/lib/thumb/v6-m/nofp\libstdc++_nano.a(del_ops.o)
                0x0000000008005364                operator delete(void*, unsigned int)
 .text._ZdlPv   0x000000000800536c        0x8 c:/st/stm32cubeide_1.7.0/stm32cubeide/plugins/com.st.stm32cube.ide.mcu.externaltools.gnu-tools-for-stm32.9-2020-q2-update.win32_2.0.0.202105311346/tools/bin/../lib/gcc/arm-none-eabi/9.3.1/../../../../arm-none-eabi/lib/thumb/v6-m/nofp\libstdc++_nano.a(del_op.o)
                0x000000000800536c                operator delete(void*)
 .text.__libc_init_array
                0x0000000008005374       0x48 c:/st/stm32cubeide_1.7.0/stm32cubeide/plugins/com.st.stm32cube.ide.mcu.externaltools.gnu-tools-for-stm32.9-2020-q2-update.win32_2.0.0.202105311346/tools/bin/../lib/gcc/arm-none-eabi/9.3.1/../../../../arm-none-eabi/lib/thumb/v6-m/nofp\libc_nano.a(lib_a-init.o)
                0x0000000008005374                __libc_init_array
 .text.free     0x00000000080053bc       0x14 c:/st/stm32cubeide_1.7.0/stm32cubeide/plugins/com.st.stm32cube.ide.mcu.externaltools.gnu-tools-for-stm32.9-2020-q2-update.win32_2.0.0.202105311346/tools/bin/../lib/gcc/arm-none-eabi/9.3.1/../../../../arm-none-eabi/lib/thumb/v6-m/nofp\libc_nano.a(lib_a-malloc.o)
                0x00000000080053bc                free
 .text.memset   0x00000000080053d0       0x10 c:/st/stm32cubeide_1.7.0/stm32cubeide/plugins/com.st.stm32cube.ide.mcu.externaltools.gnu-tools-for-stm32.9-2020-q2-update.win32_2.0.0.202105311346/tools/bin/../lib/gcc/arm-none-eabi/9.3.1/../../../../arm-none-eabi/lib/thumb/v6-m/nofp\libc_nano.a(lib_a-memset.o)
                0x00000000080053d0                memset
 .text._free_r  0x00000000080053e0       0x94 c:/st/stm32cubeide_1.7.0/stm32cubeide/plugins/com.st.stm32cube.ide.mcu.externaltools.gnu-tools-for-stm32.9-2020-q2-update.win32_2.0.0.202105311346/tools/bin/../lib/gcc/arm-none-eabi/9.3.1/../../../../arm-none-eabi/lib/thumb/v6-m/nofp\libc_nano.a(lib_a-nano-freer.o)
                0x00000000080053e0                _free_r
 .text.__malloc_lock
                0x0000000008005474       0x10 c:/st/stm32cubeide_1.7.0/stm32cubeide/plugins/com.st.stm32cube.ide.mcu.externaltools.gnu-tools-for-stm32.9-2020-q2-update.win32_2.0.0.202105311346/tools/bin/../lib/gcc/arm-none-eabi/9.3.1/../../../../arm-none-eabi/lib/thumb/v6-m/nofp\libc_nano.a(lib_a-mlock.o)
                0x0000000008005474                __malloc_lock
 .text.__malloc_unlock
                0x0000000008005484       0x10 c:/st/stm32cubeide_1.7.0/stm32cubeide/plugins/com.st.stm32cube.ide.mcu.externaltools.gnu-tools-for-stm32.9-2020-q2-update.win32_2.0.0.202105311346/tools/bin/../lib/gcc/arm-none-eabi/9.3.1/../../../../arm-none-eabi/lib/thumb/v6-m/nofp\libc_nano.a(lib_a-mlock.o)
                0x0000000008005484                __malloc_unlock
 .text.__retarget_lock_acquire_recursive
                0x0000000008005494        0x2 c:/st/stm32cubeide_1.7.0/stm32cubeide/plugins/com.st.stm32cube.ide.mcu.externaltools.gnu-tools-for-stm32.9-2020-q2-update.win32_2.0.0.202105311346/tools/bin/../lib/gcc/arm-none-eabi/9.3.1/../../../../arm-none-eabi/lib/thumb/v6-m/nofp\libc_nano.a(lib_a-lock.o)
                0x0000000008005494                __retarget_lock_acquire_recursive
 .text.__retarget_lock_release_recursive
                0x0000000008005496        0x2 c:/st/stm32cubeide_1.7.0/stm32cubeide/plugins/com.st.stm32cube.ide.mcu.externaltools.gnu-tools-for-stm32.9-2020-q2-update.win32_2.0.0.202105311346/tools/bin/../lib/gcc/arm-none-eabi/9.3.1/../../../../arm-none-eabi/lib/thumb/v6-m/nofp\libc_nano.a(lib_a-lock.o)
                0x0000000008005496                __retarget_lock_release_recursive
 *(.glue_7)
 .glue_7        0x0000000008005498        0x0 linker stubs
 *(.glue_7t)
 .glue_7t       0x0000000008005498        0x0 linker stubs
 *(.eh_frame)
 .eh_frame      0x0000000008005498        0x0 c:/st/stm32cubeide_1.7.0/stm32cubeide/plugins/com.st.stm32cube.ide.mcu.externaltools.gnu-tools-for-stm32.9-2020-q2-update.win32_2.0.0.202105311346/tools/bin/../lib/gcc/arm-none-eabi/9.3.1/thumb/v6-m/nofp/crtbegin.o
 *(.init)
 .init          0x0000000008005498        0x4 c:/st/stm32cubeide_1.7.0/stm32cubeide/plugins/com.st.stm32cube.ide.mcu.externaltools.gnu-tools-for-stm32.9-2020-q2-update.win32_2.0.0.202105311346/tools/bin/../lib/gcc/arm-none-eabi/9.3.1/thumb/v6-m/nofp/crti.o
                0x0000000008005498                _init
 .init          0x000000000800549c        0x8 c:/st/stm32cubeide_1.7.0/stm32cubeide/plugins/com.st.stm32cube.ide.mcu.externaltools.gnu-tools-for-stm32.9-2020-q2-update.win32_2.0.0.202105311346/tools/bin/../lib/gcc/arm-none-eabi/9.3.1/thumb/v6-m/nofp/crtn.o
 *(.fini)
 .fini          0x00000000080054a4        0x4 c:/st/stm32cubeide_1.7.0/stm32cubeide/plugins/com.st.stm32cube.ide.mcu.externaltools.gnu-tools-for-stm32.9-2020-q2-update.win32_2.0.0.202105311346/tools/bin/../lib/gcc/arm-none-eabi/9.3.1/thumb/v6-m/nofp/crti.o
                0x00000000080054a4                _fini
 .fini          0x00000000080054a8        0x8 c:/st/stm32cubeide_1.7.0/stm32cubeide/plugins/com.st.stm32cube.ide.mcu.externaltools.gnu-tools-for-stm32.9-2020-q2-update.win32_2.0.0.202105311346/tools/bin/../lib/gcc/arm-none-eabi/9.3.1/thumb/v6-m/nofp/crtn.o
                0x00000000080054b0                . = ALIGN (0x4)
                0x00000000080054b0                _etext = .

.vfp11_veneer   0x00000000080054b0        0x0
 .vfp11_veneer  0x00000000080054b0        0x0 linker stubs

.v4_bx          0x00000000080054b0        0x0
 .v4_bx         0x00000000080054b0        0x0 linker stubs

.iplt           0x00000000080054b0        0x0
 .iplt          0x00000000080054b0        0x0 c:/st/stm32cubeide_1.7.0/stm32cubeide/plugins/com.st.stm32cube.ide.mcu.externaltools.gnu-tools-for-stm32.9-2020-q2-update.win32_2.0.0.202105311346/tools/bin/../lib/gcc/arm-none-eabi/9.3.1/thumb/v6-m/nofp/crtbegin.o

.rodata         0x00000000080054b0       0xe0
                0x00000000080054b0                . = ALIGN (0x4)
 *(.rodata)
 .rodata        0x00000000080054b0       0x20 ./Drivers/STM32F0xx_HAL_Driver/Src/stm32f0xx_hal_rcc.o
 .rodata        0x00000000080054d0       0x40 c:/st/stm32cubeide_1.7.0/stm32cubeide/plugins/com.st.stm32cube.ide.mcu.externaltools.gnu-tools-for-stm32.9-2020-q2-update.win32_2.0.0.202105311346/tools/bin/../lib/gcc/arm-none-eabi/9.3.1/thumb/v6-m/nofp\libgcc.a(mulsf3.o)
 *(.rodata*)
 .rodata._ZTV6button
                0x0000000008005510       0x10 ./CPP/Src/button.o
                0x0000000008005510                vtable for button
 .rodata._ZTV7control
                0x0000000008005520       0x10 ./CPP/Src/control.o
                0x0000000008005520                vtable for control
 .rodata._ZTV3led
                0x0000000008005530       0x10 ./CPP/Src/led.o
                0x0000000008005530                vtable for led
 .rodata._ZTV5motor
                0x0000000008005540       0x10 ./CPP/Src/motor.o
                0x0000000008005540                vtable for motor
 .rodata._ZTV12motorControl
                0x0000000008005550       0x10 ./CPP/Src/motorControl.o
                0x0000000008005550                vtable for motorControl
 .rodata._ZTV8position
                0x0000000008005560       0x10 ./CPP/Src/position.o
                0x0000000008005560                vtable for position
 .rodata._ZTV5robot
                0x0000000008005570       0x10 ./CPP/Src/robot.o
                0x0000000008005570                vtable for robot
 .rodata.AHBPrescTable
                0x0000000008005580       0x10 ./Core/Src/system_stm32f0xx.o
                0x0000000008005580                AHBPrescTable
                0x0000000008005590                . = ALIGN (0x4)

.rel.dyn        0x0000000008005590        0x0
 .rel.iplt      0x0000000008005590        0x0 c:/st/stm32cubeide_1.7.0/stm32cubeide/plugins/com.st.stm32cube.ide.mcu.externaltools.gnu-tools-for-stm32.9-2020-q2-update.win32_2.0.0.202105311346/tools/bin/../lib/gcc/arm-none-eabi/9.3.1/thumb/v6-m/nofp/crtbegin.o

.ARM.extab      0x0000000008005590        0x0
                0x0000000008005590                . = ALIGN (0x4)
 *(.ARM.extab* .gnu.linkonce.armextab.*)
                0x0000000008005590                . = ALIGN (0x4)

.ARM            0x0000000008005590        0x0
                0x0000000008005590                . = ALIGN (0x4)
                0x0000000008005590                __exidx_start = .
 *(.ARM.exidx*)
                0x0000000008005590                __exidx_end = .
                0x0000000008005590                . = ALIGN (0x4)

.preinit_array  0x0000000008005590        0x0
                0x0000000008005590                . = ALIGN (0x4)
                0x0000000008005590                PROVIDE (__preinit_array_start = .)
 *(.preinit_array*)
                0x0000000008005590                PROVIDE (__preinit_array_end = .)
                0x0000000008005590                . = ALIGN (0x4)

.init_array     0x0000000008005590        0x8
                0x0000000008005590                . = ALIGN (0x4)
                0x0000000008005590                PROVIDE (__init_array_start = .)
 *(SORT_BY_NAME(.init_array.*))
 *(.init_array*)
 .init_array    0x0000000008005590        0x4 c:/st/stm32cubeide_1.7.0/stm32cubeide/plugins/com.st.stm32cube.ide.mcu.externaltools.gnu-tools-for-stm32.9-2020-q2-update.win32_2.0.0.202105311346/tools/bin/../lib/gcc/arm-none-eabi/9.3.1/thumb/v6-m/nofp/crtbegin.o
 .init_array    0x0000000008005594        0x4 ./CPP/Src/main.o
                0x0000000008005598                PROVIDE (__init_array_end = .)
                0x0000000008005598                . = ALIGN (0x4)

.fini_array     0x0000000008005598        0x8
                0x0000000008005598                . = ALIGN (0x4)
                [!provide]                        PROVIDE (__fini_array_start = .)
 *(SORT_BY_NAME(.fini_array.*))
 *(.fini_array*)
 .fini_array    0x0000000008005598        0x4 c:/st/stm32cubeide_1.7.0/stm32cubeide/plugins/com.st.stm32cube.ide.mcu.externaltools.gnu-tools-for-stm32.9-2020-q2-update.win32_2.0.0.202105311346/tools/bin/../lib/gcc/arm-none-eabi/9.3.1/thumb/v6-m/nofp/crtbegin.o
 .fini_array    0x000000000800559c        0x4 ./CPP/Src/main.o
                [!provide]                        PROVIDE (__fini_array_end = .)
                0x00000000080055a0                . = ALIGN (0x4)
                0x00000000080055a0                _sidata = LOADADDR (.data)

.data           0x0000000020000000       0x70 load address 0x00000000080055a0
                0x0000000020000000                . = ALIGN (0x4)
                0x0000000020000000                _sdata = .
 *(.data)
 *(.data*)
 .data.SystemCoreClock
                0x0000000020000000        0x4 ./Core/Src/system_stm32f0xx.o
                0x0000000020000000                SystemCoreClock
 .data.uwTickPrio
                0x0000000020000004        0x4 ./Drivers/STM32F0xx_HAL_Driver/Src/stm32f0xx_hal.o
                0x0000000020000004                uwTickPrio
 .data.uwTickFreq
                0x0000000020000008        0x1 ./Drivers/STM32F0xx_HAL_Driver/Src/stm32f0xx_hal.o
                0x0000000020000008                uwTickFreq
 *fill*         0x0000000020000009        0x3 
 .data._impure_ptr
                0x000000002000000c        0x4 c:/st/stm32cubeide_1.7.0/stm32cubeide/plugins/com.st.stm32cube.ide.mcu.externaltools.gnu-tools-for-stm32.9-2020-q2-update.win32_2.0.0.202105311346/tools/bin/../lib/gcc/arm-none-eabi/9.3.1/../../../../arm-none-eabi/lib/thumb/v6-m/nofp\libc_nano.a(lib_a-impure.o)
                0x000000002000000c                _impure_ptr
 .data.impure_data
                0x0000000020000010       0x60 c:/st/stm32cubeide_1.7.0/stm32cubeide/plugins/com.st.stm32cube.ide.mcu.externaltools.gnu-tools-for-stm32.9-2020-q2-update.win32_2.0.0.202105311346/tools/bin/../lib/gcc/arm-none-eabi/9.3.1/../../../../arm-none-eabi/lib/thumb/v6-m/nofp\libc_nano.a(lib_a-impure.o)
 *(.RamFunc)
 *(.RamFunc*)
                0x0000000020000070                . = ALIGN (0x4)
                0x0000000020000070                _edata = .

.igot.plt       0x0000000020000070        0x0 load address 0x0000000008005610
 .igot.plt      0x0000000020000070        0x0 c:/st/stm32cubeide_1.7.0/stm32cubeide/plugins/com.st.stm32cube.ide.mcu.externaltools.gnu-tools-for-stm32.9-2020-q2-update.win32_2.0.0.202105311346/tools/bin/../lib/gcc/arm-none-eabi/9.3.1/thumb/v6-m/nofp/crtbegin.o
                0x0000000020000070                . = ALIGN (0x4)

.bss            0x0000000020000070      0x2b4 load address 0x0000000008005610
                0x0000000020000070                _sbss = .
                0x0000000020000070                __bss_start__ = _sbss
 *(.bss)
 .bss           0x0000000020000070       0x1c c:/st/stm32cubeide_1.7.0/stm32cubeide/plugins/com.st.stm32cube.ide.mcu.externaltools.gnu-tools-for-stm32.9-2020-q2-update.win32_2.0.0.202105311346/tools/bin/../lib/gcc/arm-none-eabi/9.3.1/thumb/v6-m/nofp/crtbegin.o
 *(.bss*)
 .bss.p         0x000000002000008c       0x28 ./CPP/Src/main.o
                0x000000002000008c                p
 .bss.lfdir     0x00000000200000b4        0xc ./CPP/Src/main.o
                0x00000000200000b4                lfdir
 .bss.lfesq     0x00000000200000c0        0xc ./CPP/Src/main.o
                0x00000000200000c0                lfesq
 .bss.lfren     0x00000000200000cc        0xc ./CPP/Src/main.o
                0x00000000200000cc                lfren
 .bss.b         0x00000000200000d8        0xc ./CPP/Src/main.o
                0x00000000200000d8                b
 .bss.z         0x00000000200000e4        0x4 ./CPP/Src/main.o
                0x00000000200000e4                z
 .bss.pos       0x00000000200000e8        0x4 ./CPP/Src/main.o
                0x00000000200000e8                pos
 .bss.debounce  0x00000000200000ec        0x1 ./CPP/Src/main.o
                0x00000000200000ec                debounce
 .bss.state     0x00000000200000ed        0x1 ./CPP/Src/main.o
                0x00000000200000ed                state
 *fill*         0x00000000200000ee        0x2 
 .bss.m1        0x00000000200000f0       0x18 ./CPP/Src/main.o
                0x00000000200000f0                m1
 .bss.m2        0x0000000020000108       0x18 ./CPP/Src/main.o
                0x0000000020000108                m2
 .bss.mdir      0x0000000020000120        0xc ./CPP/Src/main.o
                0x0000000020000120                mdir
 .bss.mesq      0x000000002000012c        0xc ./CPP/Src/main.o
                0x000000002000012c                mesq
 .bss.controle  0x0000000020000138       0x24 ./CPP/Src/main.o
                0x0000000020000138                controle
 .bss.rufus     0x000000002000015c       0x28 ./CPP/Src/main.o
                0x000000002000015c                rufus
 .bss.pidValue  0x0000000020000184        0x4 ./CPP/Src/main.o
                0x0000000020000184                pidValue
 .bss.__malloc_free_list
                0x0000000020000188        0x4 c:/st/stm32cubeide_1.7.0/stm32cubeide/plugins/com.st.stm32cube.ide.mcu.externaltools.gnu-tools-for-stm32.9-2020-q2-update.win32_2.0.0.202105311346/tools/bin/../lib/gcc/arm-none-eabi/9.3.1/../../../../arm-none-eabi/lib/thumb/v6-m/nofp\libc_nano.a(lib_a-nano-mallocr.o)
                0x0000000020000188                __malloc_free_list
 *(COMMON)
 COMMON         0x000000002000018c      0x188 ./Core/Src/main.o
                0x000000002000018c                adcArray
                0x00000000200001b8                htim17
                0x0000000020000200                htim1
                0x0000000020000248                hdma_adc
                0x000000002000028c                hadc
                0x00000000200002cc                htim16
 COMMON         0x0000000020000314        0x4 ./Drivers/STM32F0xx_HAL_Driver/Src/stm32f0xx_hal.o
                0x0000000020000314                uwTick
 COMMON         0x0000000020000318        0x9 c:/st/stm32cubeide_1.7.0/stm32cubeide/plugins/com.st.stm32cube.ide.mcu.externaltools.gnu-tools-for-stm32.9-2020-q2-update.win32_2.0.0.202105311346/tools/bin/../lib/gcc/arm-none-eabi/9.3.1/../../../../arm-none-eabi/lib/thumb/v6-m/nofp\libc_nano.a(lib_a-lock.o)
                0x0000000020000318                __lock___atexit_recursive_mutex
                0x0000000020000319                __lock___arc4random_mutex
                0x000000002000031a                __lock___env_recursive_mutex
                0x000000002000031b                __lock___sinit_recursive_mutex
                0x000000002000031c                __lock___malloc_recursive_mutex
                0x000000002000031d                __lock___at_quick_exit_mutex
                0x000000002000031e                __lock___dd_hash_mutex
                0x000000002000031f                __lock___tz_mutex
                0x0000000020000320                __lock___sfp_recursive_mutex
                0x0000000020000324                . = ALIGN (0x4)
 *fill*         0x0000000020000321        0x3 
                0x0000000020000324                _ebss = .
                0x0000000020000324                __bss_end__ = _ebss

._user_heap_stack
                0x0000000020000324      0x604 load address 0x0000000008005610
                0x0000000020000328                . = ALIGN (0x8)
 *fill*         0x0000000020000324        0x4 
                [!provide]                        PROVIDE (end = .)
                0x0000000020000328                PROVIDE (_end = .)
                0x0000000020000528                . = (. + _Min_Heap_Size)
 *fill*         0x0000000020000328      0x200 
                0x0000000020000928                . = (. + _Min_Stack_Size)
 *fill*         0x0000000020000528      0x400 
                0x0000000020000928                . = ALIGN (0x8)

/DISCARD/
 libc.a(*)
 libm.a(*)
 libgcc.a(*)

.ARM.attributes
                0x0000000000000000       0x28
 *(.ARM.attributes)
 .ARM.attributes
                0x0000000000000000       0x1e c:/st/stm32cubeide_1.7.0/stm32cubeide/plugins/com.st.stm32cube.ide.mcu.externaltools.gnu-tools-for-stm32.9-2020-q2-update.win32_2.0.0.202105311346/tools/bin/../lib/gcc/arm-none-eabi/9.3.1/thumb/v6-m/nofp/crti.o
 .ARM.attributes
                0x000000000000001e       0x2c c:/st/stm32cubeide_1.7.0/stm32cubeide/plugins/com.st.stm32cube.ide.mcu.externaltools.gnu-tools-for-stm32.9-2020-q2-update.win32_2.0.0.202105311346/tools/bin/../lib/gcc/arm-none-eabi/9.3.1/thumb/v6-m/nofp/crtbegin.o
 .ARM.attributes
                0x000000000000004a       0x2c ./CPP/Src/button.o
 .ARM.attributes
                0x0000000000000076       0x2c ./CPP/Src/control.o
 .ARM.attributes
                0x00000000000000a2       0x2c ./CPP/Src/led.o
 .ARM.attributes
                0x00000000000000ce       0x2c ./CPP/Src/main.o
 .ARM.attributes
                0x00000000000000fa       0x2c ./CPP/Src/motor.o
 .ARM.attributes
                0x0000000000000126       0x2c ./CPP/Src/motorControl.o
 .ARM.attributes
                0x0000000000000152       0x2c ./CPP/Src/position.o
 .ARM.attributes
                0x000000000000017e       0x2c ./CPP/Src/robot.o
 .ARM.attributes
                0x00000000000001aa       0x2c ./Core/Src/main.o
 .ARM.attributes
                0x00000000000001d6       0x2c ./Core/Src/stm32f0xx_hal_msp.o
 .ARM.attributes
                0x0000000000000202       0x2c ./Core/Src/stm32f0xx_it.o
 .ARM.attributes
                0x000000000000022e       0x2c ./Core/Src/system_stm32f0xx.o
 .ARM.attributes
                0x000000000000025a       0x21 ./Core/Startup/startup_stm32f030c6tx.o
 .ARM.attributes
                0x000000000000027b       0x2c ./Drivers/STM32F0xx_HAL_Driver/Src/stm32f0xx_hal.o
 .ARM.attributes
                0x00000000000002a7       0x2c ./Drivers/STM32F0xx_HAL_Driver/Src/stm32f0xx_hal_adc.o
 .ARM.attributes
                0x00000000000002d3       0x2c ./Drivers/STM32F0xx_HAL_Driver/Src/stm32f0xx_hal_adc_ex.o
 .ARM.attributes
                0x00000000000002ff       0x2c ./Drivers/STM32F0xx_HAL_Driver/Src/stm32f0xx_hal_cortex.o
 .ARM.attributes
                0x000000000000032b       0x2c ./Drivers/STM32F0xx_HAL_Driver/Src/stm32f0xx_hal_dma.o
 .ARM.attributes
                0x0000000000000357       0x2c ./Drivers/STM32F0xx_HAL_Driver/Src/stm32f0xx_hal_gpio.o
 .ARM.attributes
                0x0000000000000383       0x2c ./Drivers/STM32F0xx_HAL_Driver/Src/stm32f0xx_hal_rcc.o
 .ARM.attributes
                0x00000000000003af       0x2c ./Drivers/STM32F0xx_HAL_Driver/Src/stm32f0xx_hal_tim.o
 .ARM.attributes
                0x00000000000003db       0x2c ./Drivers/STM32F0xx_HAL_Driver/Src/stm32f0xx_hal_tim_ex.o
 .ARM.attributes
                0x0000000000000407       0x2c c:/st/stm32cubeide_1.7.0/stm32cubeide/plugins/com.st.stm32cube.ide.mcu.externaltools.gnu-tools-for-stm32.9-2020-q2-update.win32_2.0.0.202105311346/tools/bin/../lib/gcc/arm-none-eabi/9.3.1/../../../../arm-none-eabi/lib/thumb/v6-m/nofp\libstdc++_nano.a(del_ops.o)
 .ARM.attributes
                0x0000000000000433       0x2c c:/st/stm32cubeide_1.7.0/stm32cubeide/plugins/com.st.stm32cube.ide.mcu.externaltools.gnu-tools-for-stm32.9-2020-q2-update.win32_2.0.0.202105311346/tools/bin/../lib/gcc/arm-none-eabi/9.3.1/../../../../arm-none-eabi/lib/thumb/v6-m/nofp\libstdc++_nano.a(del_op.o)
 .ARM.attributes
                0x000000000000045f       0x2c c:/st/stm32cubeide_1.7.0/stm32cubeide/plugins/com.st.stm32cube.ide.mcu.externaltools.gnu-tools-for-stm32.9-2020-q2-update.win32_2.0.0.202105311346/tools/bin/../lib/gcc/arm-none-eabi/9.3.1/../../../../arm-none-eabi/lib/thumb/v6-m/nofp\libc_nano.a(lib_a-impure.o)
 .ARM.attributes
                0x000000000000048b       0x2c c:/st/stm32cubeide_1.7.0/stm32cubeide/plugins/com.st.stm32cube.ide.mcu.externaltools.gnu-tools-for-stm32.9-2020-q2-update.win32_2.0.0.202105311346/tools/bin/../lib/gcc/arm-none-eabi/9.3.1/../../../../arm-none-eabi/lib/thumb/v6-m/nofp\libc_nano.a(lib_a-init.o)
 .ARM.attributes
                0x00000000000004b7       0x2c c:/st/stm32cubeide_1.7.0/stm32cubeide/plugins/com.st.stm32cube.ide.mcu.externaltools.gnu-tools-for-stm32.9-2020-q2-update.win32_2.0.0.202105311346/tools/bin/../lib/gcc/arm-none-eabi/9.3.1/../../../../arm-none-eabi/lib/thumb/v6-m/nofp\libc_nano.a(lib_a-malloc.o)
 .ARM.attributes
                0x00000000000004e3       0x2c c:/st/stm32cubeide_1.7.0/stm32cubeide/plugins/com.st.stm32cube.ide.mcu.externaltools.gnu-tools-for-stm32.9-2020-q2-update.win32_2.0.0.202105311346/tools/bin/../lib/gcc/arm-none-eabi/9.3.1/../../../../arm-none-eabi/lib/thumb/v6-m/nofp\libc_nano.a(lib_a-memset.o)
 .ARM.attributes
                0x000000000000050f       0x2c c:/st/stm32cubeide_1.7.0/stm32cubeide/plugins/com.st.stm32cube.ide.mcu.externaltools.gnu-tools-for-stm32.9-2020-q2-update.win32_2.0.0.202105311346/tools/bin/../lib/gcc/arm-none-eabi/9.3.1/../../../../arm-none-eabi/lib/thumb/v6-m/nofp\libc_nano.a(lib_a-nano-freer.o)
 .ARM.attributes
                0x000000000000053b       0x2c c:/st/stm32cubeide_1.7.0/stm32cubeide/plugins/com.st.stm32cube.ide.mcu.externaltools.gnu-tools-for-stm32.9-2020-q2-update.win32_2.0.0.202105311346/tools/bin/../lib/gcc/arm-none-eabi/9.3.1/../../../../arm-none-eabi/lib/thumb/v6-m/nofp\libc_nano.a(lib_a-nano-mallocr.o)
 .ARM.attributes
                0x0000000000000567       0x2c c:/st/stm32cubeide_1.7.0/stm32cubeide/plugins/com.st.stm32cube.ide.mcu.externaltools.gnu-tools-for-stm32.9-2020-q2-update.win32_2.0.0.202105311346/tools/bin/../lib/gcc/arm-none-eabi/9.3.1/../../../../arm-none-eabi/lib/thumb/v6-m/nofp\libc_nano.a(lib_a-mlock.o)
 .ARM.attributes
                0x0000000000000593       0x2c c:/st/stm32cubeide_1.7.0/stm32cubeide/plugins/com.st.stm32cube.ide.mcu.externaltools.gnu-tools-for-stm32.9-2020-q2-update.win32_2.0.0.202105311346/tools/bin/../lib/gcc/arm-none-eabi/9.3.1/../../../../arm-none-eabi/lib/thumb/v6-m/nofp\libc_nano.a(lib_a-lock.o)
 .ARM.attributes
                0x00000000000005bf       0x1e c:/st/stm32cubeide_1.7.0/stm32cubeide/plugins/com.st.stm32cube.ide.mcu.externaltools.gnu-tools-for-stm32.9-2020-q2-update.win32_2.0.0.202105311346/tools/bin/../lib/gcc/arm-none-eabi/9.3.1/thumb/v6-m/nofp\libgcc.a(_udivsi3.o)
 .ARM.attributes
                0x00000000000005dd       0x1e c:/st/stm32cubeide_1.7.0/stm32cubeide/plugins/com.st.stm32cube.ide.mcu.externaltools.gnu-tools-for-stm32.9-2020-q2-update.win32_2.0.0.202105311346/tools/bin/../lib/gcc/arm-none-eabi/9.3.1/thumb/v6-m/nofp\libgcc.a(_divsi3.o)
 .ARM.attributes
                0x00000000000005fb       0x1e c:/st/stm32cubeide_1.7.0/stm32cubeide/plugins/com.st.stm32cube.ide.mcu.externaltools.gnu-tools-for-stm32.9-2020-q2-update.win32_2.0.0.202105311346/tools/bin/../lib/gcc/arm-none-eabi/9.3.1/thumb/v6-m/nofp\libgcc.a(_dvmd_tls.o)
 .ARM.attributes
                0x0000000000000619       0x2c c:/st/stm32cubeide_1.7.0/stm32cubeide/plugins/com.st.stm32cube.ide.mcu.externaltools.gnu-tools-for-stm32.9-2020-q2-update.win32_2.0.0.202105311346/tools/bin/../lib/gcc/arm-none-eabi/9.3.1/thumb/v6-m/nofp\libgcc.a(addsf3.o)
 .ARM.attributes
                0x0000000000000645       0x2c c:/st/stm32cubeide_1.7.0/stm32cubeide/plugins/com.st.stm32cube.ide.mcu.externaltools.gnu-tools-for-stm32.9-2020-q2-update.win32_2.0.0.202105311346/tools/bin/../lib/gcc/arm-none-eabi/9.3.1/thumb/v6-m/nofp\libgcc.a(mulsf3.o)
 .ARM.attributes
                0x0000000000000671       0x2c c:/st/stm32cubeide_1.7.0/stm32cubeide/plugins/com.st.stm32cube.ide.mcu.externaltools.gnu-tools-for-stm32.9-2020-q2-update.win32_2.0.0.202105311346/tools/bin/../lib/gcc/arm-none-eabi/9.3.1/thumb/v6-m/nofp\libgcc.a(subsf3.o)
 .ARM.attributes
                0x000000000000069d       0x2c c:/st/stm32cubeide_1.7.0/stm32cubeide/plugins/com.st.stm32cube.ide.mcu.externaltools.gnu-tools-for-stm32.9-2020-q2-update.win32_2.0.0.202105311346/tools/bin/../lib/gcc/arm-none-eabi/9.3.1/thumb/v6-m/nofp\libgcc.a(fixsfsi.o)
 .ARM.attributes
                0x00000000000006c9       0x2c c:/st/stm32cubeide_1.7.0/stm32cubeide/plugins/com.st.stm32cube.ide.mcu.externaltools.gnu-tools-for-stm32.9-2020-q2-update.win32_2.0.0.202105311346/tools/bin/../lib/gcc/arm-none-eabi/9.3.1/thumb/v6-m/nofp\libgcc.a(floatsisf.o)
 .ARM.attributes
                0x00000000000006f5       0x1e c:/st/stm32cubeide_1.7.0/stm32cubeide/plugins/com.st.stm32cube.ide.mcu.externaltools.gnu-tools-for-stm32.9-2020-q2-update.win32_2.0.0.202105311346/tools/bin/../lib/gcc/arm-none-eabi/9.3.1/thumb/v6-m/nofp\libgcc.a(_clzsi2.o)
 .ARM.attributes
                0x0000000000000713       0x1e c:/st/stm32cubeide_1.7.0/stm32cubeide/plugins/com.st.stm32cube.ide.mcu.externaltools.gnu-tools-for-stm32.9-2020-q2-update.win32_2.0.0.202105311346/tools/bin/../lib/gcc/arm-none-eabi/9.3.1/thumb/v6-m/nofp/crtn.o
OUTPUT(Rufus_CPP.elf elf32-littlearm)
LOAD linker stubs
LOAD c:/st/stm32cubeide_1.7.0/stm32cubeide/plugins/com.st.stm32cube.ide.mcu.externaltools.gnu-tools-for-stm32.9-2020-q2-update.win32_2.0.0.202105311346/tools/bin/../lib/gcc/arm-none-eabi/9.3.1/../../../../arm-none-eabi/lib/thumb/v6-m/nofp\libc.a
LOAD c:/st/stm32cubeide_1.7.0/stm32cubeide/plugins/com.st.stm32cube.ide.mcu.externaltools.gnu-tools-for-stm32.9-2020-q2-update.win32_2.0.0.202105311346/tools/bin/../lib/gcc/arm-none-eabi/9.3.1/../../../../arm-none-eabi/lib/thumb/v6-m/nofp\libm.a
LOAD c:/st/stm32cubeide_1.7.0/stm32cubeide/plugins/com.st.stm32cube.ide.mcu.externaltools.gnu-tools-for-stm32.9-2020-q2-update.win32_2.0.0.202105311346/tools/bin/../lib/gcc/arm-none-eabi/9.3.1/thumb/v6-m/nofp\libgcc.a

.debug_info     0x0000000000000000     0xd7fd
 .debug_info    0x0000000000000000      0x491 ./CPP/Src/button.o
 .debug_info    0x0000000000000491      0x47d ./CPP/Src/control.o
 .debug_info    0x000000000000090e      0x4c7 ./CPP/Src/led.o
 .debug_info    0x0000000000000dd5      0xaae ./CPP/Src/main.o
 .debug_info    0x0000000000001883      0xb55 ./CPP/Src/motor.o
 .debug_info    0x00000000000023d8      0x391 ./CPP/Src/motorControl.o
 .debug_info    0x0000000000002769      0x524 ./CPP/Src/position.o
 .debug_info    0x0000000000002c8d      0x501 ./CPP/Src/robot.o
 .debug_info    0x000000000000318e     0x1196 ./Core/Src/main.o
 .debug_info    0x0000000000004324      0xdb7 ./Core/Src/stm32f0xx_hal_msp.o
 .debug_info    0x00000000000050db      0x9e5 ./Core/Src/stm32f0xx_it.o
 .debug_info    0x0000000000005ac0      0x2c3 ./Core/Src/system_stm32f0xx.o
 .debug_info    0x0000000000005d83       0x22 ./Core/Startup/startup_stm32f030c6tx.o
 .debug_info    0x0000000000005da5      0x6be ./Drivers/STM32F0xx_HAL_Driver/Src/stm32f0xx_hal.o
 .debug_info    0x0000000000006463      0xd62 ./Drivers/STM32F0xx_HAL_Driver/Src/stm32f0xx_hal_adc.o
 .debug_info    0x00000000000071c5      0x65c ./Drivers/STM32F0xx_HAL_Driver/Src/stm32f0xx_hal_adc_ex.o
 .debug_info    0x0000000000007821      0x7a0 ./Drivers/STM32F0xx_HAL_Driver/Src/stm32f0xx_hal_cortex.o
 .debug_info    0x0000000000007fc1      0x80a ./Drivers/STM32F0xx_HAL_Driver/Src/stm32f0xx_hal_dma.o
 .debug_info    0x00000000000087cb      0x6d3 ./Drivers/STM32F0xx_HAL_Driver/Src/stm32f0xx_hal_gpio.o
 .debug_info    0x0000000000008e9e      0x88d ./Drivers/STM32F0xx_HAL_Driver/Src/stm32f0xx_hal_rcc.o
 .debug_info    0x000000000000972b     0x2ba9 ./Drivers/STM32F0xx_HAL_Driver/Src/stm32f0xx_hal_tim.o
 .debug_info    0x000000000000c2d4     0x1529 ./Drivers/STM32F0xx_HAL_Driver/Src/stm32f0xx_hal_tim_ex.o

.debug_abbrev   0x0000000000000000     0x2ddf
 .debug_abbrev  0x0000000000000000      0x252 ./CPP/Src/button.o
 .debug_abbrev  0x0000000000000252      0x278 ./CPP/Src/control.o
 .debug_abbrev  0x00000000000004ca      0x270 ./CPP/Src/led.o
 .debug_abbrev  0x000000000000073a      0x222 ./CPP/Src/main.o
 .debug_abbrev  0x000000000000095c      0x2f5 ./CPP/Src/motor.o
 .debug_abbrev  0x0000000000000c51      0x240 ./CPP/Src/motorControl.o
 .debug_abbrev  0x0000000000000e91      0x27c ./CPP/Src/position.o
 .debug_abbrev  0x000000000000110d      0x271 ./CPP/Src/robot.o
 .debug_abbrev  0x000000000000137e      0x260 ./Core/Src/main.o
 .debug_abbrev  0x00000000000015de      0x206 ./Core/Src/stm32f0xx_hal_msp.o
 .debug_abbrev  0x00000000000017e4      0x187 ./Core/Src/stm32f0xx_it.o
 .debug_abbrev  0x000000000000196b      0x145 ./Core/Src/system_stm32f0xx.o
 .debug_abbrev  0x0000000000001ab0       0x12 ./Core/Startup/startup_stm32f030c6tx.o
 .debug_abbrev  0x0000000000001ac2      0x21e ./Drivers/STM32F0xx_HAL_Driver/Src/stm32f0xx_hal.o
 .debug_abbrev  0x0000000000001ce0      0x1f1 ./Drivers/STM32F0xx_HAL_Driver/Src/stm32f0xx_hal_adc.o
 .debug_abbrev  0x0000000000001ed1      0x149 ./Drivers/STM32F0xx_HAL_Driver/Src/stm32f0xx_hal_adc_ex.o
 .debug_abbrev  0x000000000000201a      0x2a9 ./Drivers/STM32F0xx_HAL_Driver/Src/stm32f0xx_hal_cortex.o
 .debug_abbrev  0x00000000000022c3      0x213 ./Drivers/STM32F0xx_HAL_Driver/Src/stm32f0xx_hal_dma.o
 .debug_abbrev  0x00000000000024d6      0x1e8 ./Drivers/STM32F0xx_HAL_Driver/Src/stm32f0xx_hal_gpio.o
 .debug_abbrev  0x00000000000026be      0x23b ./Drivers/STM32F0xx_HAL_Driver/Src/stm32f0xx_hal_rcc.o
 .debug_abbrev  0x00000000000028f9      0x26f ./Drivers/STM32F0xx_HAL_Driver/Src/stm32f0xx_hal_tim.o
 .debug_abbrev  0x0000000000002b68      0x277 ./Drivers/STM32F0xx_HAL_Driver/Src/stm32f0xx_hal_tim_ex.o

.debug_aranges  0x0000000000000000      0xd10
 .debug_aranges
                0x0000000000000000       0x40 ./CPP/Src/button.o
 .debug_aranges
                0x0000000000000040       0x50 ./CPP/Src/control.o
 .debug_aranges
                0x0000000000000090       0x48 ./CPP/Src/led.o
 .debug_aranges
                0x00000000000000d8       0x50 ./CPP/Src/main.o
 .debug_aranges
                0x0000000000000128       0x50 ./CPP/Src/motor.o
 .debug_aranges
                0x0000000000000178       0x40 ./CPP/Src/motorControl.o
 .debug_aranges
                0x00000000000001b8       0x58 ./CPP/Src/position.o
 .debug_aranges
                0x0000000000000210       0x50 ./CPP/Src/robot.o
 .debug_aranges
                0x0000000000000260       0x70 ./Core/Src/main.o
 .debug_aranges
                0x00000000000002d0       0x48 ./Core/Src/stm32f0xx_hal_msp.o
 .debug_aranges
                0x0000000000000318       0x68 ./Core/Src/stm32f0xx_it.o
 .debug_aranges
                0x0000000000000380       0x28 ./Core/Src/system_stm32f0xx.o
 .debug_aranges
                0x00000000000003a8       0x28 ./Core/Startup/startup_stm32f030c6tx.o
 .debug_aranges
                0x00000000000003d0       0xd0 ./Drivers/STM32F0xx_HAL_Driver/Src/stm32f0xx_hal.o
 .debug_aranges
                0x00000000000004a0       0xf8 ./Drivers/STM32F0xx_HAL_Driver/Src/stm32f0xx_hal_adc.o
 .debug_aranges
                0x0000000000000598       0x20 ./Drivers/STM32F0xx_HAL_Driver/Src/stm32f0xx_hal_adc_ex.o
 .debug_aranges
                0x00000000000005b8       0xc0 ./Drivers/STM32F0xx_HAL_Driver/Src/stm32f0xx_hal_cortex.o
 .debug_aranges
                0x0000000000000678       0x88 ./Drivers/STM32F0xx_HAL_Driver/Src/stm32f0xx_hal_dma.o
 .debug_aranges
                0x0000000000000700       0x58 ./Drivers/STM32F0xx_HAL_Driver/Src/stm32f0xx_hal_gpio.o
 .debug_aranges
                0x0000000000000758       0x80 ./Drivers/STM32F0xx_HAL_Driver/Src/stm32f0xx_hal_rcc.o
 .debug_aranges
                0x00000000000007d8      0x3d0 ./Drivers/STM32F0xx_HAL_Driver/Src/stm32f0xx_hal_tim.o
 .debug_aranges
                0x0000000000000ba8      0x168 ./Drivers/STM32F0xx_HAL_Driver/Src/stm32f0xx_hal_tim_ex.o

.debug_ranges   0x0000000000000000      0xbb8
 .debug_ranges  0x0000000000000000       0x30 ./CPP/Src/button.o
 .debug_ranges  0x0000000000000030       0x40 ./CPP/Src/control.o
 .debug_ranges  0x0000000000000070       0x38 ./CPP/Src/led.o
 .debug_ranges  0x00000000000000a8       0x40 ./CPP/Src/main.o
 .debug_ranges  0x00000000000000e8       0x40 ./CPP/Src/motor.o
 .debug_ranges  0x0000000000000128       0x30 ./CPP/Src/motorControl.o
 .debug_ranges  0x0000000000000158       0x48 ./CPP/Src/position.o
 .debug_ranges  0x00000000000001a0       0x40 ./CPP/Src/robot.o
 .debug_ranges  0x00000000000001e0       0x60 ./Core/Src/main.o
 .debug_ranges  0x0000000000000240       0x38 ./Core/Src/stm32f0xx_hal_msp.o
 .debug_ranges  0x0000000000000278       0x58 ./Core/Src/stm32f0xx_it.o
 .debug_ranges  0x00000000000002d0       0x18 ./Core/Src/system_stm32f0xx.o
 .debug_ranges  0x00000000000002e8       0x20 ./Core/Startup/startup_stm32f030c6tx.o
 .debug_ranges  0x0000000000000308       0xc0 ./Drivers/STM32F0xx_HAL_Driver/Src/stm32f0xx_hal.o
 .debug_ranges  0x00000000000003c8       0xe8 ./Drivers/STM32F0xx_HAL_Driver/Src/stm32f0xx_hal_adc.o
 .debug_ranges  0x00000000000004b0       0x10 ./Drivers/STM32F0xx_HAL_Driver/Src/stm32f0xx_hal_adc_ex.o
 .debug_ranges  0x00000000000004c0       0xb0 ./Drivers/STM32F0xx_HAL_Driver/Src/stm32f0xx_hal_cortex.o
 .debug_ranges  0x0000000000000570       0x78 ./Drivers/STM32F0xx_HAL_Driver/Src/stm32f0xx_hal_dma.o
 .debug_ranges  0x00000000000005e8       0x48 ./Drivers/STM32F0xx_HAL_Driver/Src/stm32f0xx_hal_gpio.o
 .debug_ranges  0x0000000000000630       0x70 ./Drivers/STM32F0xx_HAL_Driver/Src/stm32f0xx_hal_rcc.o
 .debug_ranges  0x00000000000006a0      0x3c0 ./Drivers/STM32F0xx_HAL_Driver/Src/stm32f0xx_hal_tim.o
 .debug_ranges  0x0000000000000a60      0x158 ./Drivers/STM32F0xx_HAL_Driver/Src/stm32f0xx_hal_tim_ex.o

.debug_macro    0x0000000000000000    0x1164d
 .debug_macro   0x0000000000000000      0x1df ./CPP/Src/button.o
 .debug_macro   0x00000000000001df      0xb56 ./CPP/Src/button.o
 .debug_macro   0x0000000000000d35      0x133 ./CPP/Src/button.o
 .debug_macro   0x0000000000000e68       0x2e ./CPP/Src/button.o
 .debug_macro   0x0000000000000e96       0x22 ./CPP/Src/button.o
 .debug_macro   0x0000000000000eb8       0x1c ./CPP/Src/button.o
 .debug_macro   0x0000000000000ed4       0x22 ./CPP/Src/button.o
 .debug_macro   0x0000000000000ef6       0x8e ./CPP/Src/button.o
 .debug_macro   0x0000000000000f84       0x51 ./CPP/Src/button.o
 .debug_macro   0x0000000000000fd5      0x103 ./CPP/Src/button.o
 .debug_macro   0x00000000000010d8       0x6a ./CPP/Src/button.o
 .debug_macro   0x0000000000001142      0x1df ./CPP/Src/button.o
 .debug_macro   0x0000000000001321       0x1c ./CPP/Src/button.o
 .debug_macro   0x000000000000133d       0x22 ./CPP/Src/button.o
 .debug_macro   0x000000000000135f       0xb5 ./CPP/Src/button.o
 .debug_macro   0x0000000000001414      0x391 ./CPP/Src/button.o
 .debug_macro   0x00000000000017a5     0x6e67 ./CPP/Src/button.o
 .debug_macro   0x000000000000860c       0x66 ./CPP/Src/button.o
 .debug_macro   0x0000000000008672     0x34a6 ./CPP/Src/button.o
 .debug_macro   0x000000000000bb18      0x17b ./CPP/Src/button.o
 .debug_macro   0x000000000000bc93       0x55 ./CPP/Src/button.o
 .debug_macro   0x000000000000bce8      0x924 ./CPP/Src/button.o
 .debug_macro   0x000000000000c60c       0xe5 ./CPP/Src/button.o
 .debug_macro   0x000000000000c6f1      0x1af ./CPP/Src/button.o
 .debug_macro   0x000000000000c8a0       0xb3 ./CPP/Src/button.o
 .debug_macro   0x000000000000c953      0x1a0 ./CPP/Src/button.o
 .debug_macro   0x000000000000caf3      0x1ed ./CPP/Src/button.o
 .debug_macro   0x000000000000cce0       0x34 ./CPP/Src/button.o
 .debug_macro   0x000000000000cd14       0x43 ./CPP/Src/button.o
 .debug_macro   0x000000000000cd57       0x28 ./CPP/Src/button.o
 .debug_macro   0x000000000000cd7f      0x33d ./CPP/Src/button.o
 .debug_macro   0x000000000000d0bc       0xbc ./CPP/Src/button.o
 .debug_macro   0x000000000000d178       0xb0 ./CPP/Src/button.o
 .debug_macro   0x000000000000d228      0x15a ./CPP/Src/button.o
 .debug_macro   0x000000000000d382      0x22c ./CPP/Src/button.o
 .debug_macro   0x000000000000d5ae       0x61 ./CPP/Src/button.o
 .debug_macro   0x000000000000d60f       0xa5 ./CPP/Src/button.o
 .debug_macro   0x000000000000d6b4       0x4c ./CPP/Src/button.o
 .debug_macro   0x000000000000d700       0x2b ./CPP/Src/button.o
 .debug_macro   0x000000000000d72b      0x8d8 ./CPP/Src/button.o
 .debug_macro   0x000000000000e003       0x28 ./CPP/Src/button.o
 .debug_macro   0x000000000000e02b       0xf1 ./CPP/Src/button.o
 .debug_macro   0x000000000000e11c       0x70 ./CPP/Src/button.o
 .debug_macro   0x000000000000e18c      0x1ef ./CPP/Src/control.o
 .debug_macro   0x000000000000e37b      0x1df ./CPP/Src/led.o
 .debug_macro   0x000000000000e55a      0x234 ./CPP/Src/main.o
 .debug_macro   0x000000000000e78e       0x10 ./CPP/Src/main.o
 .debug_macro   0x000000000000e79e      0x1df ./CPP/Src/motor.o
 .debug_macro   0x000000000000e97d      0x1e9 ./CPP/Src/motorControl.o
 .debug_macro   0x000000000000eb66      0x1e5 ./CPP/Src/position.o
 .debug_macro   0x000000000000ed4b      0x20d ./CPP/Src/robot.o
 .debug_macro   0x000000000000ef58      0x1d0 ./Core/Src/main.o
 .debug_macro   0x000000000000f128      0xa7e ./Core/Src/main.o
 .debug_macro   0x000000000000fba6      0x391 ./Core/Src/main.o
 .debug_macro   0x000000000000ff37      0x174 ./Core/Src/main.o
 .debug_macro   0x00000000000100ab      0x1d0 ./Core/Src/stm32f0xx_hal_msp.o
 .debug_macro   0x000000000001027b      0x1da ./Core/Src/stm32f0xx_it.o
 .debug_macro   0x0000000000010455      0x1c1 ./Core/Src/system_stm32f0xx.o
 .debug_macro   0x0000000000010616      0x1e5 ./Drivers/STM32F0xx_HAL_Driver/Src/stm32f0xx_hal.o
 .debug_macro   0x00000000000107fb      0x1e5 ./Drivers/STM32F0xx_HAL_Driver/Src/stm32f0xx_hal_adc.o
 .debug_macro   0x00000000000109e0      0x1cd ./Drivers/STM32F0xx_HAL_Driver/Src/stm32f0xx_hal_adc_ex.o
 .debug_macro   0x0000000000010bad      0x1c1 ./Drivers/STM32F0xx_HAL_Driver/Src/stm32f0xx_hal_cortex.o
 .debug_macro   0x0000000000010d6e      0x1c1 ./Drivers/STM32F0xx_HAL_Driver/Src/stm32f0xx_hal_dma.o
 .debug_macro   0x0000000000010f2f      0x1c8 ./Drivers/STM32F0xx_HAL_Driver/Src/stm32f0xx_hal_gpio.o
 .debug_macro   0x00000000000110f7      0x1d3 ./Drivers/STM32F0xx_HAL_Driver/Src/stm32f0xx_hal_rcc.o
 .debug_macro   0x00000000000112ca      0x1c2 ./Drivers/STM32F0xx_HAL_Driver/Src/stm32f0xx_hal_tim.o
 .debug_macro   0x000000000001148c      0x1c1 ./Drivers/STM32F0xx_HAL_Driver/Src/stm32f0xx_hal_tim_ex.o

.debug_line     0x0000000000000000    0x10319
 .debug_line    0x0000000000000000      0x78e ./CPP/Src/button.o
 .debug_line    0x000000000000078e      0x807 ./CPP/Src/control.o
 .debug_line    0x0000000000000f95      0x79d ./CPP/Src/led.o
 .debug_line    0x0000000000001732      0x95f ./CPP/Src/main.o
 .debug_line    0x0000000000002091      0x82b ./CPP/Src/motor.o
 .debug_line    0x00000000000028bc      0x7b8 ./CPP/Src/motorControl.o
 .debug_line    0x0000000000003074      0x978 ./CPP/Src/position.o
 .debug_line    0x00000000000039ec      0x8c5 ./CPP/Src/robot.o
 .debug_line    0x00000000000042b1      0x9de ./Core/Src/main.o
 .debug_line    0x0000000000004c8f      0x81f ./Core/Src/stm32f0xx_hal_msp.o
 .debug_line    0x00000000000054ae      0x7bd ./Core/Src/stm32f0xx_it.o
 .debug_line    0x0000000000005c6b      0x750 ./Core/Src/system_stm32f0xx.o
 .debug_line    0x00000000000063bb       0x89 ./Core/Startup/startup_stm32f030c6tx.o
 .debug_line    0x0000000000006444      0x95b ./Drivers/STM32F0xx_HAL_Driver/Src/stm32f0xx_hal.o
 .debug_line    0x0000000000006d9f     0x1176 ./Drivers/STM32F0xx_HAL_Driver/Src/stm32f0xx_hal_adc.o
 .debug_line    0x0000000000007f15      0x774 ./Drivers/STM32F0xx_HAL_Driver/Src/stm32f0xx_hal_adc_ex.o
 .debug_line    0x0000000000008689      0xa07 ./Drivers/STM32F0xx_HAL_Driver/Src/stm32f0xx_hal_cortex.o
 .debug_line    0x0000000000009090      0xc77 ./Drivers/STM32F0xx_HAL_Driver/Src/stm32f0xx_hal_dma.o
 .debug_line    0x0000000000009d07      0xad8 ./Drivers/STM32F0xx_HAL_Driver/Src/stm32f0xx_hal_gpio.o
 .debug_line    0x000000000000a7df      0xd47 ./Drivers/STM32F0xx_HAL_Driver/Src/stm32f0xx_hal_rcc.o
 .debug_line    0x000000000000b526     0x3571 ./Drivers/STM32F0xx_HAL_Driver/Src/stm32f0xx_hal_tim.o
 .debug_line    0x000000000000ea97     0x1882 ./Drivers/STM32F0xx_HAL_Driver/Src/stm32f0xx_hal_tim_ex.o

.debug_str      0x0000000000000000    0x5fab9
 .debug_str     0x0000000000000000    0x5c2c2 ./CPP/Src/button.o
                                      0x5c56f (size before relaxing)
 .debug_str     0x000000000005c2c2      0x14a ./CPP/Src/control.o
                                      0x5c551 (size before relaxing)
 .debug_str     0x000000000005c40c       0xc6 ./CPP/Src/led.o
                                      0x5c549 (size before relaxing)
 .debug_str     0x000000000005c4d2      0x5a0 ./CPP/Src/main.o
                                      0x5cc14 (size before relaxing)
 .debug_str     0x000000000005ca72      0x161 ./CPP/Src/motor.o
                                      0x5cbb2 (size before relaxing)
 .debug_str     0x000000000005cbd3      0x110 ./CPP/Src/motorControl.o
                                      0x5c532 (size before relaxing)
 .debug_str     0x000000000005cce3      0x197 ./CPP/Src/position.o
                                      0x5c5ae (size before relaxing)
 .debug_str     0x000000000005ce7a      0x189 ./CPP/Src/robot.o
                                      0x5c5fd (size before relaxing)
 .debug_str     0x000000000005d003      0x83f ./Core/Src/main.o
                                      0x5cbc8 (size before relaxing)
 .debug_str     0x000000000005d842       0x98 ./Core/Src/stm32f0xx_hal_msp.o
                                      0x5c874 (size before relaxing)
 .debug_str     0x000000000005d8da       0xbc ./Core/Src/stm32f0xx_it.o
                                      0x5c694 (size before relaxing)
 .debug_str     0x000000000005d996       0x5f ./Core/Src/system_stm32f0xx.o
                                      0x5be66 (size before relaxing)
 .debug_str     0x000000000005d9f5       0x7a ./Core/Startup/startup_stm32f030c6tx.o
 .debug_str     0x000000000005da6f      0x317 ./Drivers/STM32F0xx_HAL_Driver/Src/stm32f0xx_hal.o
                                      0x5c33d (size before relaxing)
 .debug_str     0x000000000005dd86      0x36e ./Drivers/STM32F0xx_HAL_Driver/Src/stm32f0xx_hal_adc.o
                                      0x5c566 (size before relaxing)
 .debug_str     0x000000000005e0f4       0xa8 ./Drivers/STM32F0xx_HAL_Driver/Src/stm32f0xx_hal_adc_ex.o
                                      0x5c21f (size before relaxing)
 .debug_str     0x000000000005e19c      0x1d3 ./Drivers/STM32F0xx_HAL_Driver/Src/stm32f0xx_hal_cortex.o
                                      0x5c1f1 (size before relaxing)
 .debug_str     0x000000000005e36f      0x24d ./Drivers/STM32F0xx_HAL_Driver/Src/stm32f0xx_hal_dma.o
                                      0x5c23e (size before relaxing)
 .debug_str     0x000000000005e5bc      0x114 ./Drivers/STM32F0xx_HAL_Driver/Src/stm32f0xx_hal_gpio.o
                                      0x5c045 (size before relaxing)
 .debug_str     0x000000000005e6d0      0x235 ./Drivers/STM32F0xx_HAL_Driver/Src/stm32f0xx_hal_rcc.o
                                      0x5c270 (size before relaxing)
 .debug_str     0x000000000005e905      0xd5a ./Drivers/STM32F0xx_HAL_Driver/Src/stm32f0xx_hal_tim.o
                                      0x5d221 (size before relaxing)
 .debug_str     0x000000000005f65f      0x45a ./Drivers/STM32F0xx_HAL_Driver/Src/stm32f0xx_hal_tim_ex.o
                                      0x5c9d2 (size before relaxing)

.comment        0x0000000000000000       0x53
 .comment       0x0000000000000000       0x53 ./CPP/Src/button.o
                                         0x54 (size before relaxing)
 .comment       0x0000000000000053       0x54 ./CPP/Src/control.o
 .comment       0x0000000000000053       0x54 ./CPP/Src/led.o
 .comment       0x0000000000000053       0x54 ./CPP/Src/main.o
 .comment       0x0000000000000053       0x54 ./CPP/Src/motor.o
 .comment       0x0000000000000053       0x54 ./CPP/Src/motorControl.o
 .comment       0x0000000000000053       0x54 ./CPP/Src/position.o
 .comment       0x0000000000000053       0x54 ./CPP/Src/robot.o
 .comment       0x0000000000000053       0x54 ./Core/Src/main.o
 .comment       0x0000000000000053       0x54 ./Core/Src/stm32f0xx_hal_msp.o
 .comment       0x0000000000000053       0x54 ./Core/Src/stm32f0xx_it.o
 .comment       0x0000000000000053       0x54 ./Core/Src/system_stm32f0xx.o
 .comment       0x0000000000000053       0x54 ./Drivers/STM32F0xx_HAL_Driver/Src/stm32f0xx_hal.o
 .comment       0x0000000000000053       0x54 ./Drivers/STM32F0xx_HAL_Driver/Src/stm32f0xx_hal_adc.o
 .comment       0x0000000000000053       0x54 ./Drivers/STM32F0xx_HAL_Driver/Src/stm32f0xx_hal_adc_ex.o
 .comment       0x0000000000000053       0x54 ./Drivers/STM32F0xx_HAL_Driver/Src/stm32f0xx_hal_cortex.o
 .comment       0x0000000000000053       0x54 ./Drivers/STM32F0xx_HAL_Driver/Src/stm32f0xx_hal_dma.o
 .comment       0x0000000000000053       0x54 ./Drivers/STM32F0xx_HAL_Driver/Src/stm32f0xx_hal_gpio.o
 .comment       0x0000000000000053       0x54 ./Drivers/STM32F0xx_HAL_Driver/Src/stm32f0xx_hal_rcc.o
 .comment       0x0000000000000053       0x54 ./Drivers/STM32F0xx_HAL_Driver/Src/stm32f0xx_hal_tim.o
 .comment       0x0000000000000053       0x54 ./Drivers/STM32F0xx_HAL_Driver/Src/stm32f0xx_hal_tim_ex.o

.debug_frame    0x0000000000000000     0x2fec
 .debug_frame   0x0000000000000000       0xb0 ./CPP/Src/button.o
 .debug_frame   0x00000000000000b0       0xf4 ./CPP/Src/control.o
 .debug_frame   0x00000000000001a4       0xd0 ./CPP/Src/led.o
 .debug_frame   0x0000000000000274       0xe0 ./CPP/Src/main.o
 .debug_frame   0x0000000000000354       0xf0 ./CPP/Src/motor.o
 .debug_frame   0x0000000000000444       0xb0 ./CPP/Src/motorControl.o
 .debug_frame   0x00000000000004f4      0x110 ./CPP/Src/position.o
 .debug_frame   0x0000000000000604       0xf0 ./CPP/Src/robot.o
 .debug_frame   0x00000000000006f4      0x168 ./Core/Src/main.o
 .debug_frame   0x000000000000085c       0xd0 ./Core/Src/stm32f0xx_hal_msp.o
 .debug_frame   0x000000000000092c      0x128 ./Core/Src/stm32f0xx_it.o
 .debug_frame   0x0000000000000a54       0x4c ./Core/Src/system_stm32f0xx.o
 .debug_frame   0x0000000000000aa0      0x2a4 ./Drivers/STM32F0xx_HAL_Driver/Src/stm32f0xx_hal.o
 .debug_frame   0x0000000000000d44      0x3a0 ./Drivers/STM32F0xx_HAL_Driver/Src/stm32f0xx_hal_adc.o
 .debug_frame   0x00000000000010e4       0x30 ./Drivers/STM32F0xx_HAL_Driver/Src/stm32f0xx_hal_adc_ex.o
 .debug_frame   0x0000000000001114      0x2a0 ./Drivers/STM32F0xx_HAL_Driver/Src/stm32f0xx_hal_cortex.o
 .debug_frame   0x00000000000013b4      0x1d0 ./Drivers/STM32F0xx_HAL_Driver/Src/stm32f0xx_hal_dma.o
 .debug_frame   0x0000000000001584      0x110 ./Drivers/STM32F0xx_HAL_Driver/Src/stm32f0xx_hal_gpio.o
 .debug_frame   0x0000000000001694      0x198 ./Drivers/STM32F0xx_HAL_Driver/Src/stm32f0xx_hal_rcc.o
 .debug_frame   0x000000000000182c      0xf00 ./Drivers/STM32F0xx_HAL_Driver/Src/stm32f0xx_hal_tim.o
 .debug_frame   0x000000000000272c      0x560 ./Drivers/STM32F0xx_HAL_Driver/Src/stm32f0xx_hal_tim_ex.o
 .debug_frame   0x0000000000002c8c       0x28 c:/st/stm32cubeide_1.7.0/stm32cubeide/plugins/com.st.stm32cube.ide.mcu.externaltools.gnu-tools-for-stm32.9-2020-q2-update.win32_2.0.0.202105311346/tools/bin/../lib/gcc/arm-none-eabi/9.3.1/../../../../arm-none-eabi/lib/thumb/v6-m/nofp\libstdc++_nano.a(del_ops.o)
 .debug_frame   0x0000000000002cb4       0x28 c:/st/stm32cubeide_1.7.0/stm32cubeide/plugins/com.st.stm32cube.ide.mcu.externaltools.gnu-tools-for-stm32.9-2020-q2-update.win32_2.0.0.202105311346/tools/bin/../lib/gcc/arm-none-eabi/9.3.1/../../../../arm-none-eabi/lib/thumb/v6-m/nofp\libstdc++_nano.a(del_op.o)
 .debug_frame   0x0000000000002cdc       0x2c c:/st/stm32cubeide_1.7.0/stm32cubeide/plugins/com.st.stm32cube.ide.mcu.externaltools.gnu-tools-for-stm32.9-2020-q2-update.win32_2.0.0.202105311346/tools/bin/../lib/gcc/arm-none-eabi/9.3.1/../../../../arm-none-eabi/lib/thumb/v6-m/nofp\libc_nano.a(lib_a-init.o)
 .debug_frame   0x0000000000002d08       0x40 c:/st/stm32cubeide_1.7.0/stm32cubeide/plugins/com.st.stm32cube.ide.mcu.externaltools.gnu-tools-for-stm32.9-2020-q2-update.win32_2.0.0.202105311346/tools/bin/../lib/gcc/arm-none-eabi/9.3.1/../../../../arm-none-eabi/lib/thumb/v6-m/nofp\libc_nano.a(lib_a-malloc.o)
 .debug_frame   0x0000000000002d48       0x20 c:/st/stm32cubeide_1.7.0/stm32cubeide/plugins/com.st.stm32cube.ide.mcu.externaltools.gnu-tools-for-stm32.9-2020-q2-update.win32_2.0.0.202105311346/tools/bin/../lib/gcc/arm-none-eabi/9.3.1/../../../../arm-none-eabi/lib/thumb/v6-m/nofp\libc_nano.a(lib_a-memset.o)
 .debug_frame   0x0000000000002d68       0x2c c:/st/stm32cubeide_1.7.0/stm32cubeide/plugins/com.st.stm32cube.ide.mcu.externaltools.gnu-tools-for-stm32.9-2020-q2-update.win32_2.0.0.202105311346/tools/bin/../lib/gcc/arm-none-eabi/9.3.1/../../../../arm-none-eabi/lib/thumb/v6-m/nofp\libc_nano.a(lib_a-nano-freer.o)
 .debug_frame   0x0000000000002d94       0x30 c:/st/stm32cubeide_1.7.0/stm32cubeide/plugins/com.st.stm32cube.ide.mcu.externaltools.gnu-tools-for-stm32.9-2020-q2-update.win32_2.0.0.202105311346/tools/bin/../lib/gcc/arm-none-eabi/9.3.1/../../../../arm-none-eabi/lib/thumb/v6-m/nofp\libc_nano.a(lib_a-nano-mallocr.o)
 .debug_frame   0x0000000000002dc4       0x40 c:/st/stm32cubeide_1.7.0/stm32cubeide/plugins/com.st.stm32cube.ide.mcu.externaltools.gnu-tools-for-stm32.9-2020-q2-update.win32_2.0.0.202105311346/tools/bin/../lib/gcc/arm-none-eabi/9.3.1/../../../../arm-none-eabi/lib/thumb/v6-m/nofp\libc_nano.a(lib_a-mlock.o)
 .debug_frame   0x0000000000002e04       0xb0 c:/st/stm32cubeide_1.7.0/stm32cubeide/plugins/com.st.stm32cube.ide.mcu.externaltools.gnu-tools-for-stm32.9-2020-q2-update.win32_2.0.0.202105311346/tools/bin/../lib/gcc/arm-none-eabi/9.3.1/../../../../arm-none-eabi/lib/thumb/v6-m/nofp\libc_nano.a(lib_a-lock.o)
 .debug_frame   0x0000000000002eb4       0x20 c:/st/stm32cubeide_1.7.0/stm32cubeide/plugins/com.st.stm32cube.ide.mcu.externaltools.gnu-tools-for-stm32.9-2020-q2-update.win32_2.0.0.202105311346/tools/bin/../lib/gcc/arm-none-eabi/9.3.1/thumb/v6-m/nofp\libgcc.a(_udivsi3.o)
 .debug_frame   0x0000000000002ed4       0x20 c:/st/stm32cubeide_1.7.0/stm32cubeide/plugins/com.st.stm32cube.ide.mcu.externaltools.gnu-tools-for-stm32.9-2020-q2-update.win32_2.0.0.202105311346/tools/bin/../lib/gcc/arm-none-eabi/9.3.1/thumb/v6-m/nofp\libgcc.a(_divsi3.o)
 .debug_frame   0x0000000000002ef4       0x38 c:/st/stm32cubeide_1.7.0/stm32cubeide/plugins/com.st.stm32cube.ide.mcu.externaltools.gnu-tools-for-stm32.9-2020-q2-update.win32_2.0.0.202105311346/tools/bin/../lib/gcc/arm-none-eabi/9.3.1/thumb/v6-m/nofp\libgcc.a(addsf3.o)
 .debug_frame   0x0000000000002f2c       0x3c c:/st/stm32cubeide_1.7.0/stm32cubeide/plugins/com.st.stm32cube.ide.mcu.externaltools.gnu-tools-for-stm32.9-2020-q2-update.win32_2.0.0.202105311346/tools/bin/../lib/gcc/arm-none-eabi/9.3.1/thumb/v6-m/nofp\libgcc.a(mulsf3.o)
 .debug_frame   0x0000000000002f68       0x38 c:/st/stm32cubeide_1.7.0/stm32cubeide/plugins/com.st.stm32cube.ide.mcu.externaltools.gnu-tools-for-stm32.9-2020-q2-update.win32_2.0.0.202105311346/tools/bin/../lib/gcc/arm-none-eabi/9.3.1/thumb/v6-m/nofp\libgcc.a(subsf3.o)
 .debug_frame   0x0000000000002fa0       0x20 c:/st/stm32cubeide_1.7.0/stm32cubeide/plugins/com.st.stm32cube.ide.mcu.externaltools.gnu-tools-for-stm32.9-2020-q2-update.win32_2.0.0.202105311346/tools/bin/../lib/gcc/arm-none-eabi/9.3.1/thumb/v6-m/nofp\libgcc.a(fixsfsi.o)
 .debug_frame   0x0000000000002fc0       0x2c c:/st/stm32cubeide_1.7.0/stm32cubeide/plugins/com.st.stm32cube.ide.mcu.externaltools.gnu-tools-for-stm32.9-2020-q2-update.win32_2.0.0.202105311346/tools/bin/../lib/gcc/arm-none-eabi/9.3.1/thumb/v6-m/nofp\libgcc.a(floatsisf.o)
