Archive member included to satisfy reference by file (symbol)

c:/st/stm32cubeide_1.7.0/stm32cubeide/plugins/com.st.stm32cube.ide.mcu.externaltools.gnu-tools-for-stm32.9-2020-q2-update.win32_2.0.0.202105311346/tools/bin/../lib/gcc/arm-none-eabi/9.3.1/../../../../arm-none-eabi/lib/thumb/v6-m/nofp\libstdc++_nano.a(del_ops.o)
                              ./CPP/Src/button.o (operator delete(void*, unsigned int))
c:/st/stm32cubeide_1.7.0/stm32cubeide/plugins/com.st.stm32cube.ide.mcu.externaltools.gnu-tools-for-stm32.9-2020-q2-update.win32_2.0.0.202105311346/tools/bin/../lib/gcc/arm-none-eabi/9.3.1/../../../../arm-none-eabi/lib/thumb/v6-m/nofp\libstdc++_nano.a(del_op.o)
                              c:/st/stm32cubeide_1.7.0/stm32cubeide/plugins/com.st.stm32cube.ide.mcu.externaltools.gnu-tools-for-stm32.9-2020-q2-update.win32_2.0.0.202105311346/tools/bin/../lib/gcc/arm-none-eabi/9.3.1/../../../../arm-none-eabi/lib/thumb/v6-m/nofp\libstdc++_nano.a(del_ops.o) (operator delete(void*))
c:/st/stm32cubeide_1.7.0/stm32cubeide/plugins/com.st.stm32cube.ide.mcu.externaltools.gnu-tools-for-stm32.9-2020-q2-update.win32_2.0.0.202105311346/tools/bin/../lib/gcc/arm-none-eabi/9.3.1/../../../../arm-none-eabi/lib/thumb/v6-m/nofp\libc_nano.a(lib_a-errno.o)
                              ./Core/Src/syscalls.o (__errno)
c:/st/stm32cubeide_1.7.0/stm32cubeide/plugins/com.st.stm32cube.ide.mcu.externaltools.gnu-tools-for-stm32.9-2020-q2-update.win32_2.0.0.202105311346/tools/bin/../lib/gcc/arm-none-eabi/9.3.1/../../../../arm-none-eabi/lib/thumb/v6-m/nofp\libc_nano.a(lib_a-exit.o)
                              c:/st/stm32cubeide_1.7.0/stm32cubeide/plugins/com.st.stm32cube.ide.mcu.externaltools.gnu-tools-for-stm32.9-2020-q2-update.win32_2.0.0.202105311346/tools/bin/../lib/gcc/arm-none-eabi/9.3.1/../../../../arm-none-eabi/lib/thumb/v6-m/nofp/crt0.o (exit)
c:/st/stm32cubeide_1.7.0/stm32cubeide/plugins/com.st.stm32cube.ide.mcu.externaltools.gnu-tools-for-stm32.9-2020-q2-update.win32_2.0.0.202105311346/tools/bin/../lib/gcc/arm-none-eabi/9.3.1/../../../../arm-none-eabi/lib/thumb/v6-m/nofp\libc_nano.a(lib_a-impure.o)
                              c:/st/stm32cubeide_1.7.0/stm32cubeide/plugins/com.st.stm32cube.ide.mcu.externaltools.gnu-tools-for-stm32.9-2020-q2-update.win32_2.0.0.202105311346/tools/bin/../lib/gcc/arm-none-eabi/9.3.1/../../../../arm-none-eabi/lib/thumb/v6-m/nofp\libc_nano.a(lib_a-exit.o) (_global_impure_ptr)
c:/st/stm32cubeide_1.7.0/stm32cubeide/plugins/com.st.stm32cube.ide.mcu.externaltools.gnu-tools-for-stm32.9-2020-q2-update.win32_2.0.0.202105311346/tools/bin/../lib/gcc/arm-none-eabi/9.3.1/../../../../arm-none-eabi/lib/thumb/v6-m/nofp\libc_nano.a(lib_a-init.o)
                              c:/st/stm32cubeide_1.7.0/stm32cubeide/plugins/com.st.stm32cube.ide.mcu.externaltools.gnu-tools-for-stm32.9-2020-q2-update.win32_2.0.0.202105311346/tools/bin/../lib/gcc/arm-none-eabi/9.3.1/../../../../arm-none-eabi/lib/thumb/v6-m/nofp/crt0.o (__libc_init_array)
c:/st/stm32cubeide_1.7.0/stm32cubeide/plugins/com.st.stm32cube.ide.mcu.externaltools.gnu-tools-for-stm32.9-2020-q2-update.win32_2.0.0.202105311346/tools/bin/../lib/gcc/arm-none-eabi/9.3.1/../../../../arm-none-eabi/lib/thumb/v6-m/nofp\libc_nano.a(lib_a-malloc.o)
                              c:/st/stm32cubeide_1.7.0/stm32cubeide/plugins/com.st.stm32cube.ide.mcu.externaltools.gnu-tools-for-stm32.9-2020-q2-update.win32_2.0.0.202105311346/tools/bin/../lib/gcc/arm-none-eabi/9.3.1/../../../../arm-none-eabi/lib/thumb/v6-m/nofp\libstdc++_nano.a(del_op.o) (free)
c:/st/stm32cubeide_1.7.0/stm32cubeide/plugins/com.st.stm32cube.ide.mcu.externaltools.gnu-tools-for-stm32.9-2020-q2-update.win32_2.0.0.202105311346/tools/bin/../lib/gcc/arm-none-eabi/9.3.1/../../../../arm-none-eabi/lib/thumb/v6-m/nofp\libc_nano.a(lib_a-memcpy-stub.o)
                              ./CPP/Src/map.o (memcpy)
c:/st/stm32cubeide_1.7.0/stm32cubeide/plugins/com.st.stm32cube.ide.mcu.externaltools.gnu-tools-for-stm32.9-2020-q2-update.win32_2.0.0.202105311346/tools/bin/../lib/gcc/arm-none-eabi/9.3.1/../../../../arm-none-eabi/lib/thumb/v6-m/nofp\libc_nano.a(lib_a-memset.o)
                              c:/st/stm32cubeide_1.7.0/stm32cubeide/plugins/com.st.stm32cube.ide.mcu.externaltools.gnu-tools-for-stm32.9-2020-q2-update.win32_2.0.0.202105311346/tools/bin/../lib/gcc/arm-none-eabi/9.3.1/../../../../arm-none-eabi/lib/thumb/v6-m/nofp/crt0.o (memset)
c:/st/stm32cubeide_1.7.0/stm32cubeide/plugins/com.st.stm32cube.ide.mcu.externaltools.gnu-tools-for-stm32.9-2020-q2-update.win32_2.0.0.202105311346/tools/bin/../lib/gcc/arm-none-eabi/9.3.1/../../../../arm-none-eabi/lib/thumb/v6-m/nofp\libc_nano.a(lib_a-nano-freer.o)
                              c:/st/stm32cubeide_1.7.0/stm32cubeide/plugins/com.st.stm32cube.ide.mcu.externaltools.gnu-tools-for-stm32.9-2020-q2-update.win32_2.0.0.202105311346/tools/bin/../lib/gcc/arm-none-eabi/9.3.1/../../../../arm-none-eabi/lib/thumb/v6-m/nofp\libc_nano.a(lib_a-malloc.o) (_free_r)
[...]
Memory Configuration

Name             Origin             Length             Attributes
RAM              0x0000000020000000 0x0000000000001000 xrw
FLASH            0x0000000008000000 0x0000000000008000 xr
*default*        0x0000000000000000 0xffffffffffffffff

Linker script and memory map

LOAD c:/st/stm32cubeide_1.7.0/stm32cubeide/plugins/com.st.stm32cube.ide.mcu.externaltools.gnu-tools-for-stm32.9-2020-q2-update.win32_2.0.0.202105311346/tools/bin/../lib/gcc/arm-none-eabi/9.3.1/thumb/v6-m/nofp/crti.o
LOAD c:/st/stm32cubeide_1.7.0/stm32cubeide/plugins/com.st.stm32cube.ide.mcu.externaltools.gnu-tools-for-stm32.9-2020-q2-update.win32_2.0.0.202105311346/tools/bin/../lib/gcc/arm-none-eabi/9.3.1/thumb/v6-m/nofp/crtbegin.o
LOAD c:/st/stm32cubeide_1.7.0/stm32cubeide/plugins/com.st.stm32cube.ide.mcu.externaltools.gnu-tools-for-stm32.9-2020-q2-update.win32_2.0.0.202105311346/tools/bin/../lib/gcc/arm-none-eabi/9.3.1/../../../../arm-none-eabi/lib/thumb/v6-m/nofp/crt0.o
LOAD ./CPP/Src/button.o
LOAD ./CPP/Src/control.o
LOAD ./CPP/Src/encoder.o
LOAD ./CPP/Src/led.o
LOAD ./CPP/Src/main.o
LOAD ./CPP/Src/map.o
LOAD ./CPP/Src/motor.o
LOAD ./CPP/Src/motorControl.o
LOAD ./CPP/Src/position.o
LOAD ./CPP/Src/robot.o
LOAD ./CPP/Src/sensorSide.o
LOAD ./Core/Src/main.o
LOAD ./Core/Src/stm32f0xx_hal_msp.o
LOAD ./Core/Src/stm32f0xx_it.o
LOAD ./Core/Src/syscalls.o
LOAD ./Core/Src/sysmem.o
LOAD ./Core/Src/system_stm32f0xx.o
LOAD ./Core/Startup/startup_stm32f030c6tx.o
LOAD ./Drivers/STM32F0xx_HAL_Driver/Src/stm32f0xx_hal.o
LOAD ./Drivers/STM32F0xx_HAL_Driver/Src/stm32f0xx_hal_adc.o
LOAD ./Drivers/STM32F0xx_HAL_Driver/Src/stm32f0xx_hal_adc_ex.o
LOAD ./Drivers/STM32F0xx_HAL_Driver/Src/stm32f0xx_hal_cortex.o
LOAD ./Drivers/STM32F0xx_HAL_Driver/Src/stm32f0xx_hal_dma.o
LOAD ./Drivers/STM32F0xx_HAL_Driver/Src/stm32f0xx_hal_exti.o
LOAD ./Drivers/STM32F0xx_HAL_Driver/Src/stm32f0xx_hal_flash.o
LOAD ./Drivers/STM32F0xx_HAL_Driver/Src/stm32f0xx_hal_flash_ex.o
LOAD ./Drivers/STM32F0xx_HAL_Driver/Src/stm32f0xx_hal_gpio.o
LOAD ./Drivers/STM32F0xx_HAL_Driver/Src/stm32f0xx_hal_i2c.o
LOAD ./Drivers/STM32F0xx_HAL_Driver/Src/stm32f0xx_hal_i2c_ex.o
LOAD ./Drivers/STM32F0xx_HAL_Driver/Src/stm32f0xx_hal_pwr.o
LOAD ./Drivers/STM32F0xx_HAL_Driver/Src/stm32f0xx_hal_pwr_ex.o
LOAD ./Drivers/STM32F0xx_HAL_Driver/Src/stm32f0xx_hal_rcc.o
LOAD ./Drivers/STM32F0xx_HAL_Driver/Src/stm32f0xx_hal_rcc_ex.o
LOAD ./Drivers/STM32F0xx_HAL_Driver/Src/stm32f0xx_hal_tim.o
LOAD ./Drivers/STM32F0xx_HAL_Driver/Src/stm32f0xx_hal_tim_ex.o
START GROUP
LOAD c:/st/stm32cubeide_1.7.0/stm32cubeide/plugins/com.st.stm32cube.ide.mcu.externaltools.gnu-tools-for-stm32.9-2020-q2-update.win32_2.0.0.202105311346/tools/bin/../lib/gcc/arm-none-eabi/9.3.1/../../../../arm-none-eabi/lib/thumb/v6-m/nofp\libstdc++_nano.a
LOAD c:/st/stm32cubeide_1.7.0/stm32cubeide/plugins/com.st.stm32cube.ide.mcu.externaltools.gnu-tools-for-stm32.9-2020-q2-update.win32_2.0.0.202105311346/tools/bin/../lib/gcc/arm-none-eabi/9.3.1/../../../../arm-none-eabi/lib/thumb/v6-m/nofp\libsupc++_nano.a
END GROUP
LOAD c:/st/stm32cubeide_1.7.0/stm32cubeide/plugins/com.st.stm32cube.ide.mcu.externaltools.gnu-tools-for-stm32.9-2020-q2-update.win32_2.0.0.202105311346/tools/bin/../lib/gcc/arm-none-eabi/9.3.1/../../../../arm-none-eabi/lib/thumb/v6-m/nofp\libstdc++_nano.a
LOAD c:/st/stm32cubeide_1.7.0/stm32cubeide/plugins/com.st.stm32cube.ide.mcu.externaltools.gnu-tools-for-stm32.9-2020-q2-update.win32_2.0.0.202105311346/tools/bin/../lib/gcc/arm-none-eabi/9.3.1/../../../../arm-none-eabi/lib/thumb/v6-m/nofp\libm.a
LOAD c:/st/stm32cubeide_1.7.0/stm32cubeide/plugins/com.st.stm32cube.ide.mcu.externaltools.gnu-tools-for-stm32.9-2020-q2-update.win32_2.0.0.202105311346/tools/bin/../lib/gcc/arm-none-eabi/9.3.1/../../../../arm-none-eabi/lib/thumb/v6-m/nofp\libc_nano.a
START GROUP
LOAD c:/st/stm32cubeide_1.7.0/stm32cubeide/plugins/com.st.stm32cube.ide.mcu.externaltools.gnu-tools-for-stm32.9-2020-q2-update.win32_2.0.0.202105311346/tools/bin/../lib/gcc/arm-none-eabi/9.3.1/thumb/v6-m/nofp\libgcc.a
LOAD c:/st/stm32cubeide_1.7.0/stm32cubeide/plugins/com.st.stm32cube.ide.mcu.externaltools.gnu-tools-for-stm32.9-2020-q2-update.win32_2.0.0.202105311346/tools/bin/../lib/gcc/arm-none-eabi/9.3.1/../../../../arm-none-eabi/lib/thumb/v6-m/nofp\libc_nano.a
END GROUP
START GROUP
LOAD c:/st/stm32cubeide_1.7.0/stm32cubeide/plugins/com.st.stm32cube.ide.mcu.externaltools.gnu-tools-for-stm32.9-2020-q2-update.win32_2.0.0.202105311346/tools/bin/../lib/gcc/arm-none-eabi/9.3.1/thumb/v6-m/nofp\libgcc.a
LOAD c:/st/stm32cubeide_1.7.0/stm32cubeide/plugins/com.st.stm32cube.ide.mcu.externaltools.gnu-tools-for-stm32.9-2020-q2-update.win32_2.0.0.202105311346/tools/bin/../lib/gcc/arm-none-eabi/9.3.1/../../../../arm-none-eabi/lib/thumb/v6-m/nofp\libc_nano.a
LOAD c:/st/stm32cubeide_1.7.0/stm32cubeide/plugins/com.st.stm32cube.ide.mcu.externaltools.gnu-tools-for-stm32.9-2020-q2-update.win32_2.0.0.202105311346/tools/bin/../lib/gcc/arm-none-eabi/9.3.1/../../../../arm-none-eabi/lib/thumb/v6-m/nofp\libnosys.a
END GROUP
START GROUP
LOAD c:/st/stm32cubeide_1.7.0/stm32cubeide/plugins/com.st.stm32cube.ide.mcu.externaltools.gnu-tools-for-stm32.9-2020-q2-update.win32_2.0.0.202105311346/tools/bin/../lib/gcc/arm-none-eabi/9.3.1/thumb/v6-m/nofp\libgcc.a
LOAD c:/st/stm32cubeide_1.7.0/stm32cubeide/plugins/com.st.stm32cube.ide.mcu.externaltools.gnu-tools-for-stm32.9-2020-q2-update.win32_2.0.0.202105311346/tools/bin/../lib/gcc/arm-none-eabi/9.3.1/../../../../arm-none-eabi/lib/thumb/v6-m/nofp\libc_nano.a
LOAD c:/st/stm32cubeide_1.7.0/stm32cubeide/plugins/com.st.stm32cube.ide.mcu.externaltools.gnu-tools-for-stm32.9-2020-q2-update.win32_2.0.0.202105311346/tools/bin/../lib/gcc/arm-none-eabi/9.3.1/../../../../arm-none-eabi/lib/thumb/v6-m/nofp\libnosys.a
END GROUP
LOAD c:/st/stm32cubeide_1.7.0/stm32cubeide/plugins/com.st.stm32cube.ide.mcu.externaltools.gnu-tools-for-stm32.9-2020-q2-update.win32_2.0.0.202105311346/tools/bin/../lib/gcc/arm-none-eabi/9.3.1/thumb/v6-m/nofp/crtend.o
LOAD c:/st/stm32cubeide_1.7.0/stm32cubeide/plugins/com.st.stm32cube.ide.mcu.externaltools.gnu-tools-for-stm32.9-2020-q2-update.win32_2.0.0.202105311346/tools/bin/../lib/gcc/arm-none-eabi/9.3.1/thumb/v6-m/nofp/crtn.o
                0x0000000020001000                _estack = (ORIGIN (RAM) + LENGTH (RAM))
                0x0000000000000200                _Min_Heap_Size = 0x200
                0x0000000000000400                _Min_Stack_Size = 0x400

.isr_vector     0x0000000008000000       0xc0
                0x0000000008000000                . = ALIGN (0x4)
 *(.isr_vector)
 .isr_vector    0x0000000008000000       0xc0 ./Core/Startup/startup_stm32f030c6tx.o
                0x0000000008000000                g_pfnVectors
                0x00000000080000c0                . = ALIGN (0x4)

.text           0x00000000080000c0     0x6e6c
                0x00000000080000c0                . = ALIGN (0x4)
 *(.text)
 .text          0x00000000080000c0       0x48 c:/st/stm32cubeide_1.7.0/stm32cubeide/plugins/com.st.stm32cube.ide.mcu.externaltools.gnu-tools-for-stm32.9-2020-q2-update.win32_2.0.0.202105311346/tools/bin/../lib/gcc/arm-none-eabi/9.3.1/thumb/v6-m/nofp/crtbegin.o
 .text          0x0000000008000108      0x114 c:/st/stm32cubeide_1.7.0/stm32cubeide/plugins/com.st.stm32cube.ide.mcu.externaltools.gnu-tools-for-stm32.9-2020-q2-update.win32_2.0.0.202105311346/tools/bin/../lib/gcc/arm-none-eabi/9.3.1/thumb/v6-m/nofp\libgcc.a(_udivsi3.o)
                0x0000000008000108                __aeabi_uidiv
                0x0000000008000108                __udivsi3
                0x0000000008000214                __aeabi_uidivmod
 .text          0x000000000800021c      0x1d4 c:/st/stm32cubeide_1.7.0/stm32cubeide/plugins/com.st.stm32cube.ide.mcu.externaltools.gnu-tools-for-stm32.9-2020-q2-update.win32_2.0.0.202105311346/tools/bin/../lib/gcc/arm-none-eabi/9.3.1/thumb/v6-m/nofp\libgcc.a(_divsi3.o)
                0x000000000800021c                __divsi3
                0x000000000800021c                __aeabi_idiv
                0x00000000080003e8                __aeabi_idivmod
 .text          0x00000000080003f0        0x4 c:/st/stm32cubeide_1.7.0/stm32cubeide/plugins/com.st.stm32cube.ide.mcu.externaltools.gnu-tools-for-stm32.9-2020-q2-update.win32_2.0.0.202105311346/tools/bin/../lib/gcc/arm-none-eabi/9.3.1/thumb/v6-m/nofp\libgcc.a(_dvmd_tls.o)
                0x00000000080003f0                __aeabi_idiv0
                0x00000000080003f0                __aeabi_ldiv0
 .text          0x00000000080003f4       0x74 c:/st/stm32cubeide_1.7.0/stm32cubeide/plugins/com.st.stm32cube.ide.mcu.externaltools.gnu-tools-for-stm32.9-2020-q2-update.win32_2.0.0.202105311346/tools/bin/../lib/gcc/arm-none-eabi/9.3.1/thumb/v6-m/nofp\libgcc.a(_arm_cmpsf2.o)
                0x00000000080003f4                __aeabi_cfrcmple
                0x00000000080003fc                __aeabi_cfcmpeq
                0x00000000080003fc                __aeabi_cfcmple
                0x000000000800040c                __aeabi_fcmpeq
                0x0000000008000418                __aeabi_fcmplt
                0x000000000800042c                __aeabi_fcmple
                0x0000000008000440                __aeabi_fcmpgt
                0x0000000008000454                __aeabi_fcmpge
 .text          0x0000000008000468      0x338 c:/st/stm32cubeide_1.7.0/stm32cubeide/plugins/com.st.stm32cube.ide.mcu.externaltools.gnu-tools-for-stm32.9-2020-q2-update.win32_2.0.0.202105311346/tools/bin/../lib/gcc/arm-none-eabi/9.3.1/thumb/v6-m/nofp\libgcc.a(addsf3.o)
                0x0000000008000468                __aeabi_fadd
 .text          0x00000000080007a0      0x218 c:/st/stm32cubeide_1.7.0/stm32cubeide/plugins/com.st.stm32cube.ide.mcu.externaltools.gnu-tools-for-stm32.9-2020-q2-update.win32_2.0.0.202105311346/tools/bin/../lib/gcc/arm-none-eabi/9.3.1/thumb/v6-m/nofp\libgcc.a(divsf3.o)
                0x00000000080007a0                __aeabi_fdiv
 .text          0x00000000080009b8       0x50 c:/st/stm32cubeide_1.7.0/stm32cubeide/plugins/com.st.stm32cube.ide.mcu.externaltools.gnu-tools-for-stm32.9-2020-q2-update.win32_2.0.0.202105311346/tools/bin/../lib/gcc/arm-none-eabi/9.3.1/thumb/v6-m/nofp\libgcc.a(eqsf2.o)
                0x00000000080009b8                __eqsf2
                0x00000000080009b8                __nesf2
 .text          0x0000000008000a08       0x98 c:/st/stm32cubeide_1.7.0/stm32cubeide/plugins/com.st.stm32cube.ide.mcu.externaltools.gnu-tools-for-stm32.9-2020-q2-update.win32_2.0.0.202105311346/tools/bin/../lib/gcc/arm-none-eabi/9.3.1/thumb/v6-m/nofp\libgcc.a(gesf2.o)
                0x0000000008000a08                __gesf2
                0x0000000008000a08                __gtsf2
 .text          0x0000000008000aa0       0x94 c:/st/stm32cubeide_1.7.0/stm32cubeide/plugins/com.st.stm32cube.ide.mcu.externaltools.gnu-tools-for-stm32.9-2020-q2-update.win32_2.0.0.202105311346/tools/bin/../lib/gcc/arm-none-eabi/9.3.1/thumb/v6-m/nofp\libgcc.a(lesf2.o)
                0x0000000008000aa0                __ltsf2
                0x0000000008000aa0                __lesf2
 .text          0x0000000008000b34      0x234 c:/st/stm32cubeide_1.7.0/stm32cubeide/plugins/com.st.stm32cube.ide.mcu.externaltools.gnu-tools-for-stm32.9-2020-q2-update.win32_2.0.0.202105311346/tools/bin/../lib/gcc/arm-none-eabi/9.3.1/thumb/v6-m/nofp\libgcc.a(mulsf3.o)
                0x0000000008000b34                __aeabi_fmul
 .text          0x0000000008000d68      0x390 c:/st/stm32cubeide_1.7.0/stm32cubeide/plugins/com.st.stm32cube.ide.mcu.externaltools.gnu-tools-for-stm32.9-2020-q2-update.win32_2.0.0.202105311346/tools/bin/../lib/gcc/arm-none-eabi/9.3.1/thumb/v6-m/nofp\libgcc.a(subsf3.o)
                0x0000000008000d68                __aeabi_fsub
 .text          0x00000000080010f8       0x40 c:/st/stm32cubeide_1.7.0/stm32cubeide/plugins/com.st.stm32cube.ide.mcu.externaltools.gnu-tools-for-stm32.9-2020-q2-update.win32_2.0.0.202105311346/tools/bin/../lib/gcc/arm-none-eabi/9.3.1/thumb/v6-m/nofp\libgcc.a(fixsfsi.o)
                0x00000000080010f8                __aeabi_f2iz
 .text          0x0000000008001138       0x8c c:/st/stm32cubeide_1.7.0/stm32cubeide/plugins/com.st.stm32cube.ide.mcu.externaltools.gnu-tools-for-stm32.9-2020-q2-update.win32_2.0.0.202105311346/tools/bin/../lib/gcc/arm-none-eabi/9.3.1/thumb/v6-m/nofp\libgcc.a(floatsisf.o)
                0x0000000008001138                __aeabi_i2f
 .text          0x00000000080011c4       0x78 c:/st/stm32cubeide_1.7.0/stm32cubeide/plugins/com.st.stm32cube.ide.mcu.externaltools.gnu-tools-for-stm32.9-2020-q2-update.win32_2.0.0.202105311346/tools/bin/../lib/gcc/arm-none-eabi/9.3.1/thumb/v6-m/nofp\libgcc.a(floatunsisf.o)
                0x00000000080011c4                __aeabi_ui2f
 .text          0x000000000800123c      0x5d0 c:/st/stm32cubeide_1.7.0/stm32cubeide/plugins/com.st.stm32cube.ide.mcu.externaltools.gnu-tools-for-stm32.9-2020-q2-update.win32_2.0.0.202105311346/tools/bin/../lib/gcc/arm-none-eabi/9.3.1/thumb/v6-m/nofp\libgcc.a(divdf3.o)
                0x000000000800123c                __aeabi_ddiv
 .text          0x000000000800180c      0x4d8 c:/st/stm32cubeide_1.7.0/stm32cubeide/plugins/com.st.stm32cube.ide.mcu.externaltools.gnu-tools-for-stm32.9-2020-q2-update.win32_2.0.0.202105311346/tools/bin/../lib/gcc/arm-none-eabi/9.3.1/thumb/v6-m/nofp\libgcc.a(muldf3.o)
                0x000000000800180c                __aeabi_dmul
 .text          0x0000000008001ce4       0x6c c:/st/stm32cubeide_1.7.0/stm32cubeide/plugins/com.st.stm32cube.ide.mcu.externaltools.gnu-tools-for-stm32.9-2020-q2-update.win32_2.0.0.202105311346/tools/bin/../lib/gcc/arm-none-eabi/9.3.1/thumb/v6-m/nofp\libgcc.a(fixdfsi.o)
                0x0000000008001ce4                __aeabi_d2iz
 .text          0x0000000008001d50       0x60 c:/st/stm32cubeide_1.7.0/stm32cubeide/plugins/com.st.stm32cube.ide.mcu.externaltools.gnu-tools-for-stm32.9-2020-q2-update.win32_2.0.0.202105311346/tools/bin/../lib/gcc/arm-none-eabi/9.3.1/thumb/v6-m/nofp\libgcc.a(floatsidf.o)
                0x0000000008001d50                __aeabi_i2d
 .text          0x0000000008001db0       0x3c c:/st/stm32cubeide_1.7.0/stm32cubeide/plugins/com.st.stm32cube.ide.mcu.externaltools.gnu-tools-for-stm32.9-2020-q2-update.win32_2.0.0.202105311346/tools/bin/../lib/gcc/arm-none-eabi/9.3.1/thumb/v6-m/nofp\libgcc.a(_clzsi2.o)
                0x0000000008001db0                __clzsi2
 *(.text*)
 .text._ZN6buttonC2EP12GPIO_TypeDeft
                0x0000000008001dec       0x30 ./CPP/Src/button.o
                0x0000000008001dec                button::button(GPIO_TypeDef*, unsigned short)
                0x0000000008001dec                button::button(GPIO_TypeDef*, unsigned short)
 .text._ZN6buttonD2Ev
                0x0000000008001e1c       0x1c ./CPP/Src/button.o
                0x0000000008001e1c                button::~button()
                0x0000000008001e1c                button::~button()
 .text._ZN6buttonD0Ev
                0x0000000008001e38       0x24 ./CPP/Src/button.o
                0x0000000008001e38                button::~button()
 .text._ZN6button6GetPinEv
                0x0000000008001e5c       0x14 ./CPP/Src/button.o
                0x0000000008001e5c                button::GetPin()
 .text._ZN7controlC2EP8position
                0x0000000008001e70       0x38 ./CPP/Src/control.o
                0x0000000008001e70                control::control(position*)
                0x0000000008001e70                control::control(position*)
 .text._ZN7controlD2Ev
                0x0000000008001ea8       0x1c ./CPP/Src/control.o
                0x0000000008001ea8                control::~control()
                0x0000000008001ea8                control::~control()
 .text._ZN7controlD0Ev
                0x0000000008001ec4       0x24 ./CPP/Src/control.o
                0x0000000008001ec4                control::~control()
 .text._ZN7control9setConstsEhh
                0x0000000008001ee8       0x5c ./CPP/Src/control.o
                0x0000000008001ee8                control::setConsts(unsigned char, unsigned char)
 .text._ZN7control8PIDValueEv
                0x0000000008001f44       0x88 ./CPP/Src/control.o
                0x0000000008001f44                control::PIDValue()
 .text._ZN7encoderC2EP12GPIO_TypeDeft
                0x0000000008001fcc       0x44 ./CPP/Src/encoder.o
                0x0000000008001fcc                encoder::encoder(GPIO_TypeDef*, unsigned short)
                0x0000000008001fcc                encoder::encoder(GPIO_TypeDef*, unsigned short)
 .text._ZN7encoderD2Ev
                0x0000000008002010       0x1c ./CPP/Src/encoder.o
                0x0000000008002010                encoder::~encoder()
                0x0000000008002010                encoder::~encoder()
 .text._ZN7encoderD0Ev
                0x000000000800202c       0x24 ./CPP/Src/encoder.o
                0x000000000800202c                encoder::~encoder()
 .text._ZN7encoder6GetPinEv
                0x0000000008002050       0x14 ./CPP/Src/encoder.o
                0x0000000008002050                encoder::GetPin()
 .text._ZN7encoder6SetRpsEv
                0x0000000008002064       0x70 ./CPP/Src/encoder.o
                0x0000000008002064                encoder::SetRps()
 .text._ZN7encoder4ContEv
                0x00000000080020d4       0x30 ./CPP/Src/encoder.o
                0x00000000080020d4                encoder::Cont()
 .text._ZN7encoder15RestartRotationEv
                0x0000000008002104       0x16 ./CPP/Src/encoder.o
                0x0000000008002104                encoder::RestartRotation()
 .text._ZN7encoder12RotationContEi
                0x000000000800211a       0x32 ./CPP/Src/encoder.o
                0x000000000800211a                encoder::RotationCont(int)
 .text._ZN7encoder11GetRotationEv
                0x000000000800214c       0x14 ./CPP/Src/encoder.o
                0x000000000800214c                encoder::GetRotation()
 .text._ZN3ledC2EP12GPIO_TypeDeft
                0x0000000008002160       0x30 ./CPP/Src/led.o
                0x0000000008002160                led::led(GPIO_TypeDef*, unsigned short)
                0x0000000008002160                led::led(GPIO_TypeDef*, unsigned short)
 .text._ZN3ledD2Ev
                0x0000000008002190       0x1c ./CPP/Src/led.o
                0x0000000008002190                led::~led()
                0x0000000008002190                led::~led()
 .text._ZN3ledD0Ev
                0x00000000080021ac       0x24 ./CPP/Src/led.o
                0x00000000080021ac                led::~led()
 .text._ZN3led2OnEv
                0x00000000080021d0       0x20 ./CPP/Src/led.o
                0x00000000080021d0                led::On()
 .text._ZN3led3OffEv
                0x00000000080021f0       0x20 ./CPP/Src/led.o
                0x00000000080021f0                led::Off()
 .text.CppMain  0x0000000008002210       0xd0 ./CPP/Src/main.o
                0x0000000008002210                CppMain
 .text.ADC_Interrupt
                0x00000000080022e0       0x30 ./CPP/Src/main.o
                0x00000000080022e0                ADC_Interrupt
 .text.TIM1_Interrupt
                0x0000000008002310      0x1a0 ./CPP/Src/main.o
                0x0000000008002310                TIM1_Interrupt
 .text.HAL_GPIO_EXTI_Callback
                0x00000000080024b0      0x1ec ./CPP/Src/main.o
                0x00000000080024b0                HAL_GPIO_EXTI_Callback
 .text._Z41__static_initialization_and_destruction_0ii
                0x000000000800269c      0x228 ./CPP/Src/main.o
 .text._GLOBAL__sub_I_p
                0x00000000080028c4       0x18 ./CPP/Src/main.o
 .text._GLOBAL__sub_D_p
                0x00000000080028dc       0x18 ./CPP/Src/main.o
 .text._ZN3mapC2Ev
                0x00000000080028f4       0x1c ./CPP/Src/map.o
                0x00000000080028f4                map::map()
                0x00000000080028f4                map::map()
 .text._ZN3mapD2Ev
                0x0000000008002910       0x1c ./CPP/Src/map.o
                0x0000000008002910                map::~map()
                0x0000000008002910                map::~map()
 .text._ZN3mapD0Ev
                0x000000000800292c       0x28 ./CPP/Src/map.o
                0x000000000800292c                map::~map()
 .text._ZN3map10InitTracksEv
                0x0000000008002954      0x17c ./CPP/Src/map.o
                0x0000000008002954                map::InitTracks()
 .text._ZN3map17SetTrackRotationsEhtt
                0x0000000008002ad0       0x5a ./CPP/Src/map.o
                0x0000000008002ad0                map::SetTrackRotations(unsigned char, unsigned short, unsigned short)
 *fill*         0x0000000008002b2a        0x2 
 .text._ZN5motorC2EP17TIM_HandleTypeDefhP12GPIO_TypeDeftS3_t
                0x0000000008002b2c       0x54 ./CPP/Src/motor.o
                0x0000000008002b2c                motor::motor(TIM_HandleTypeDef*, unsigned char, GPIO_TypeDef*, unsigned short, GPIO_TypeDef*, unsigned short)
                0x0000000008002b2c                motor::motor(TIM_HandleTypeDef*, unsigned char, GPIO_TypeDef*, unsigned short, GPIO_TypeDef*, unsigned short)
 .text._ZN5motorD2Ev
                0x0000000008002b80       0x1c ./CPP/Src/motor.o
                0x0000000008002b80                motor::~motor()
                0x0000000008002b80                motor::~motor()
 .text._ZN5motorD0Ev
                0x0000000008002b9c       0x24 ./CPP/Src/motor.o
                0x0000000008002b9c                motor::~motor()
 .text._ZN5motor3PWMEh
                0x0000000008002bc0       0x7a ./CPP/Src/motor.o
                0x0000000008002bc0                motor::PWM(unsigned char)
 .text._ZN5motor2CWEv
                0x0000000008002c3a       0x30 ./CPP/Src/motor.o
                0x0000000008002c3a                motor::CW()
 .text._ZN5motor3CCWEv
                0x0000000008002c6a       0x30 ./CPP/Src/motor.o
                0x0000000008002c6a                motor::CCW()
 .text._ZN5motor10MotorBreakEv
                0x0000000008002c9a       0x30 ./CPP/Src/motor.o
                0x0000000008002c9a                motor::MotorBreak()
 *fill*         0x0000000008002cca        0x2 
 .text._ZN12motorControlC2EP5motorP7encoder
                0x0000000008002ccc       0x2c ./CPP/Src/motorControl.o
                0x0000000008002ccc                motorControl::motorControl(motor*, encoder*)
                0x0000000008002ccc                motorControl::motorControl(motor*, encoder*)
 .text._ZN12motorControlD2Ev
                0x0000000008002cf8       0x1c ./CPP/Src/motorControl.o
                0x0000000008002cf8                motorControl::~motorControl()
                0x0000000008002cf8                motorControl::~motorControl()
 .text._ZN12motorControlD0Ev
                0x0000000008002d14       0x24 ./CPP/Src/motorControl.o
                0x0000000008002d14                motorControl::~motorControl()
 .text._ZN12motorControl5SpeedEi
                0x0000000008002d38       0x54 ./CPP/Src/motorControl.o
                0x0000000008002d38                motorControl::Speed(int)
 .text._ZN12motorControl5BreakEv
                0x0000000008002d8c       0x1a ./CPP/Src/motorControl.o
                0x0000000008002d8c                motorControl::Break()
 .text._ZN12motorControl12GetRotationsEv
                0x0000000008002da6       0x1c ./CPP/Src/motorControl.o
                0x0000000008002da6                motorControl::GetRotations()
 .text._ZN12motorControl8GetSpeedEv
                0x0000000008002dc2       0x14 ./CPP/Src/motorControl.o
                0x0000000008002dc2                motorControl::GetSpeed()
 *fill*         0x0000000008002dd6        0x2 
 .text._ZN8positionC2Ev
                0x0000000008002dd8       0x1c ./CPP/Src/position.o
                0x0000000008002dd8                position::position()
                0x0000000008002dd8                position::position()
 .text._ZN8positionD2Ev
                0x0000000008002df4       0x1c ./CPP/Src/position.o
                0x0000000008002df4                position::~position()
                0x0000000008002df4                position::~position()
 .text._ZN8positionD0Ev
                0x0000000008002e10       0x24 ./CPP/Src/position.o
                0x0000000008002e10                position::~position()
 .text._ZN8position9SetAnalogEPhi
                0x0000000008002e34       0x96 ./CPP/Src/position.o
                0x0000000008002e34                position::SetAnalog(unsigned char*, int)
 .text._ZN8position15InitCalibrationEv
                0x0000000008002eca       0x46 ./CPP/Src/position.o
                0x0000000008002eca                position::InitCalibration()
 .text._ZN8position16CalibrateSensorsEv
                0x0000000008002f10       0xac ./CPP/Src/position.o
                0x0000000008002f10                position::CalibrateSensors()
 .text._ZN8position10SetSensorsEv
                0x0000000008002fbc       0x58 ./CPP/Src/position.o
                0x0000000008002fbc                position::SetSensors()
 .text._ZN8position14DefinePositionEv
                0x0000000008003014      0x130 ./CPP/Src/position.o
                0x0000000008003014                position::DefinePosition()
 .text._ZN5robotC2EP7controlP12motorControlS3_P3map
                0x0000000008003144       0x40 ./CPP/Src/robot.o
                0x0000000008003144                robot::robot(control*, motorControl*, motorControl*, map*)
                0x0000000008003144                robot::robot(control*, motorControl*, motorControl*, map*)
 .text._ZN5robotD2Ev
                0x0000000008003184       0x1c ./CPP/Src/robot.o
                0x0000000008003184                robot::~robot()
                0x0000000008003184                robot::~robot()
 .text._ZN5robotD0Ev
                0x00000000080031a0       0x24 ./CPP/Src/robot.o
                0x00000000080031a0                robot::~robot()
 .text._ZN5robot7RunningEv
                0x00000000080031c4       0xe8 ./CPP/Src/robot.o
                0x00000000080031c4                robot::Running()
 .text._ZN5robot6FinishEPm
                0x00000000080032ac       0x5c ./CPP/Src/robot.o
                0x00000000080032ac                robot::Finish(unsigned long*)
 .text._ZN5robot9CalibrateEPm
                0x0000000008003308      0x110 ./CPP/Src/robot.o
                0x0000000008003308                robot::Calibrate(unsigned long*)
 .text._ZN5robot11GetPositionEv
                0x0000000008003418       0x14 ./CPP/Src/robot.o
                0x0000000008003418                robot::GetPosition()
 .text._ZN5robot9NextStateEv
                0x000000000800342c       0x24 ./CPP/Src/robot.o
                0x000000000800342c                robot::NextState()
 .text._ZN5robot11ChangeTrackEv
                0x0000000008003450       0x68 ./CPP/Src/robot.o
                0x0000000008003450                robot::ChangeTrack()
 .text._ZN5robot7sumPlusEv
                0x00000000080034b8       0x1a ./CPP/Src/robot.o
                0x00000000080034b8                robot::sumPlus()
 .text._ZN5robot7sumLessEv
                0x00000000080034d2       0x1a ./CPP/Src/robot.o
                0x00000000080034d2                robot::sumLess()
 .text._ZN10sensorSideC2EP12GPIO_TypeDeft
                0x00000000080034ec       0x38 ./CPP/Src/sensorSide.o
                0x00000000080034ec                sensorSide::sensorSide(GPIO_TypeDef*, unsigned short)
                0x00000000080034ec                sensorSide::sensorSide(GPIO_TypeDef*, unsigned short)
 .text._ZN10sensorSideD2Ev
                0x0000000008003524       0x1c ./CPP/Src/sensorSide.o
                0x0000000008003524                sensorSide::~sensorSide()
                0x0000000008003524                sensorSide::~sensorSide()
 .text._ZN10sensorSideD0Ev
                0x0000000008003540       0x24 ./CPP/Src/sensorSide.o
                0x0000000008003540                sensorSide::~sensorSide()
 .text._ZN10sensorSide9NextTrackEv
                0x0000000008003564       0x1c ./CPP/Src/sensorSide.o
                0x0000000008003564                sensorSide::NextTrack()
 .text._ZN10sensorSide12CurrentTrackEv
                0x0000000008003580       0x14 ./CPP/Src/sensorSide.o
                0x0000000008003580                sensorSide::CurrentTrack()
 .text._ZN10sensorSide6GetPinEv
                0x0000000008003594       0x14 ./CPP/Src/sensorSide.o
                0x0000000008003594                sensorSide::GetPin()
 .text._ZN10sensorSide5StateEv
                0x00000000080035a8       0x22 ./CPP/Src/sensorSide.o
                0x00000000080035a8                sensorSide::State()
 *fill*         0x00000000080035ca        0x2 
 .text.HAL_ADC_ConvCpltCallback
                0x00000000080035cc       0x20 ./Core/Src/main.o
                0x00000000080035cc                HAL_ADC_ConvCpltCallback
 .text.HAL_TIM_PeriodElapsedCallback
                0x00000000080035ec       0x20 ./Core/Src/main.o
                0x00000000080035ec                HAL_TIM_PeriodElapsedCallback
 .text.main     0x000000000800360c       0x70 ./Core/Src/main.o
                0x000000000800360c                main
 .text.SystemClock_Config
                0x000000000800367c       0x94 ./Core/Src/main.o
                0x000000000800367c                SystemClock_Config
 .text.MX_ADC_Init
                0x0000000008003710      0x138 ./Core/Src/main.o
 .text.MX_TIM1_Init
                0x0000000008003848       0xb0 ./Core/Src/main.o
 .text.MX_TIM16_Init
                0x00000000080038f8      0x108 ./Core/Src/main.o
 .text.MX_TIM17_Init
                0x0000000008003a00      0x108 ./Core/Src/main.o
 .text.MX_DMA_Init
                0x0000000008003b08       0x3c ./Core/Src/main.o
 .text.MX_GPIO_Init
                0x0000000008003b44      0x1e0 ./Core/Src/main.o
 .text.Error_Handler
                0x0000000008003d24        0xa ./Core/Src/main.o
                0x0000000008003d24                Error_Handler
 *fill*         0x0000000008003d2e        0x2 
 .text.HAL_MspInit
                0x0000000008003d30       0x48 ./Core/Src/stm32f0xx_hal_msp.o
                0x0000000008003d30                HAL_MspInit
 .text.HAL_ADC_MspInit
                0x0000000008003d78       0xf0 ./Core/Src/stm32f0xx_hal_msp.o
                0x0000000008003d78                HAL_ADC_MspInit
 .text.HAL_TIM_Base_MspInit
                0x0000000008003e68       0xb8 ./Core/Src/stm32f0xx_hal_msp.o
                0x0000000008003e68                HAL_TIM_Base_MspInit
 .text.HAL_TIM_MspPostInit
                0x0000000008003f20       0xdc ./Core/Src/stm32f0xx_hal_msp.o
                0x0000000008003f20                HAL_TIM_MspPostInit
 .text.NMI_Handler
                0x0000000008003ffc        0x6 ./Core/Src/stm32f0xx_it.o
                0x0000000008003ffc                NMI_Handler
 .text.HardFault_Handler
                0x0000000008004002        0x6 ./Core/Src/stm32f0xx_it.o
                0x0000000008004002                HardFault_Handler
 .text.SVC_Handler
                0x0000000008004008        0xa ./Core/Src/stm32f0xx_it.o
                0x0000000008004008                SVC_Handler
 .text.PendSV_Handler
                0x0000000008004012        0xa ./Core/Src/stm32f0xx_it.o
                0x0000000008004012                PendSV_Handler
 .text.SysTick_Handler
                0x000000000800401c        0xe ./Core/Src/stm32f0xx_it.o
                0x000000000800401c                SysTick_Handler
 .text.EXTI0_1_IRQHandler
                0x000000000800402a       0x10 ./Core/Src/stm32f0xx_it.o
                0x000000000800402a                EXTI0_1_IRQHandler
 .text.EXTI4_15_IRQHandler
                0x000000000800403a       0x2e ./Core/Src/stm32f0xx_it.o
                0x000000000800403a                EXTI4_15_IRQHandler
 .text.DMA1_Channel1_IRQHandler
                0x0000000008004068       0x18 ./Core/Src/stm32f0xx_it.o
                0x0000000008004068                DMA1_Channel1_IRQHandler
 .text.ADC1_IRQHandler
                0x0000000008004080       0x18 ./Core/Src/stm32f0xx_it.o
                0x0000000008004080                ADC1_IRQHandler
 .text.TIM1_BRK_UP_TRG_COM_IRQHandler
                0x0000000008004098       0x18 ./Core/Src/stm32f0xx_it.o
                0x0000000008004098                TIM1_BRK_UP_TRG_COM_IRQHandler
 .text.TIM1_CC_IRQHandler
                0x00000000080040b0       0x18 ./Core/Src/stm32f0xx_it.o
                0x00000000080040b0                TIM1_CC_IRQHandler
 .text.SystemInit
                0x00000000080040c8        0xa ./Core/Src/system_stm32f0xx.o
                0x00000000080040c8                SystemInit
 *fill*         0x00000000080040d2        0x2 
 .text.Reset_Handler
                0x00000000080040d4       0x50 ./Core/Startup/startup_stm32f030c6tx.o
                0x00000000080040d4                Reset_Handler
 .text.Default_Handler
                0x0000000008004124        0x2 ./Core/Startup/startup_stm32f030c6tx.o
                0x0000000008004124                I2C1_IRQHandler
                0x0000000008004124                SPI1_IRQHandler
                0x0000000008004124                EXTI2_3_IRQHandler
                0x0000000008004124                TIM17_IRQHandler
                0x0000000008004124                RTC_IRQHandler
                0x0000000008004124                TIM16_IRQHandler
                0x0000000008004124                TIM3_IRQHandler
                0x0000000008004124                RCC_IRQHandler
                0x0000000008004124                Default_Handler
                0x0000000008004124                TIM14_IRQHandler
                0x0000000008004124                DMA1_Channel4_5_IRQHandler
                0x0000000008004124                WWDG_IRQHandler
                0x0000000008004124                DMA1_Channel2_3_IRQHandler
                0x0000000008004124                FLASH_IRQHandler
                0x0000000008004124                USART1_IRQHandler
 *fill*         0x0000000008004126        0x2 
 .text.HAL_Init
                0x0000000008004128       0x28 ./Drivers/STM32F0xx_HAL_Driver/Src/stm32f0xx_hal.o
                0x0000000008004128                HAL_Init
 .text.HAL_InitTick
                0x0000000008004150       0x68 ./Drivers/STM32F0xx_HAL_Driver/Src/stm32f0xx_hal.o
                0x0000000008004150                HAL_InitTick
 .text.HAL_IncTick
                0x00000000080041b8       0x24 ./Drivers/STM32F0xx_HAL_Driver/Src/stm32f0xx_hal.o
                0x00000000080041b8                HAL_IncTick
 .text.HAL_GetTick
                0x00000000080041dc       0x14 ./Drivers/STM32F0xx_HAL_Driver/Src/stm32f0xx_hal.o
                0x00000000080041dc                HAL_GetTick
 .text.HAL_ADC_Init
                0x00000000080041f0      0x280 ./Drivers/STM32F0xx_HAL_Driver/Src/stm32f0xx_hal_adc.o
                0x00000000080041f0                HAL_ADC_Init
 .text.HAL_ADC_Start_DMA
                0x0000000008004470      0x104 ./Drivers/STM32F0xx_HAL_Driver/Src/stm32f0xx_hal_adc.o
                0x0000000008004470                HAL_ADC_Start_DMA
 .text.HAL_ADC_IRQHandler
                0x0000000008004574      0x170 ./Drivers/STM32F0xx_HAL_Driver/Src/stm32f0xx_hal_adc.o
                0x0000000008004574                HAL_ADC_IRQHandler
 .text.HAL_ADC_ConvHalfCpltCallback
                0x00000000080046e4       0x10 ./Drivers/STM32F0xx_HAL_Driver/Src/stm32f0xx_hal_adc.o
                0x00000000080046e4                HAL_ADC_ConvHalfCpltCallback
 .text.HAL_ADC_LevelOutOfWindowCallback
                0x00000000080046f4       0x10 ./Drivers/STM32F0xx_HAL_Driver/Src/stm32f0xx_hal_adc.o
                0x00000000080046f4                HAL_ADC_LevelOutOfWindowCallback
 .text.HAL_ADC_ErrorCallback
                0x0000000008004704       0x10 ./Drivers/STM32F0xx_HAL_Driver/Src/stm32f0xx_hal_adc.o
                0x0000000008004704                HAL_ADC_ErrorCallback
 .text.HAL_ADC_ConfigChannel
                0x0000000008004714      0x1ec ./Drivers/STM32F0xx_HAL_Driver/Src/stm32f0xx_hal_adc.o
                0x0000000008004714                HAL_ADC_ConfigChannel
 .text.ADC_Enable
                0x0000000008004900      0x108 ./Drivers/STM32F0xx_HAL_Driver/Src/stm32f0xx_hal_adc.o
 .text.ADC_DMAConvCplt
                0x0000000008004a08       0xb4 ./Drivers/STM32F0xx_HAL_Driver/Src/stm32f0xx_hal_adc.o
 .text.ADC_DMAHalfConvCplt
                0x0000000008004abc       0x1e ./Drivers/STM32F0xx_HAL_Driver/Src/stm32f0xx_hal_adc.o
 .text.ADC_DMAError
                0x0000000008004ada       0x36 ./Drivers/STM32F0xx_HAL_Driver/Src/stm32f0xx_hal_adc.o
 .text.HAL_ADCEx_Calibration_Start
                0x0000000008004b10      0x150 ./Drivers/STM32F0xx_HAL_Driver/Src/stm32f0xx_hal_adc_ex.o
                0x0000000008004b10                HAL_ADCEx_Calibration_Start
 .text.__NVIC_EnableIRQ
                0x0000000008004c60       0x34 ./Drivers/STM32F0xx_HAL_Driver/Src/stm32f0xx_hal_cortex.o
 .text.__NVIC_SetPriority
                0x0000000008004c94       0xdc ./Drivers/STM32F0xx_HAL_Driver/Src/stm32f0xx_hal_cortex.o
 .text.SysTick_Config
                0x0000000008004d70       0x48 ./Drivers/STM32F0xx_HAL_Driver/Src/stm32f0xx_hal_cortex.o
 .text.HAL_NVIC_SetPriority
                0x0000000008004db8       0x2a ./Drivers/STM32F0xx_HAL_Driver/Src/stm32f0xx_hal_cortex.o
                0x0000000008004db8                HAL_NVIC_SetPriority
 .text.HAL_NVIC_EnableIRQ
                0x0000000008004de2       0x20 ./Drivers/STM32F0xx_HAL_Driver/Src/stm32f0xx_hal_cortex.o
                0x0000000008004de2                HAL_NVIC_EnableIRQ
 .text.HAL_SYSTICK_Config
                0x0000000008004e02       0x1a ./Drivers/STM32F0xx_HAL_Driver/Src/stm32f0xx_hal_cortex.o
                0x0000000008004e02                HAL_SYSTICK_Config
 .text.HAL_DMA_Init
                0x0000000008004e1c       0x90 ./Drivers/STM32F0xx_HAL_Driver/Src/stm32f0xx_hal_dma.o
                0x0000000008004e1c                HAL_DMA_Init
 .text.HAL_DMA_Start_IT
                0x0000000008004eac       0xcc ./Drivers/STM32F0xx_HAL_Driver/Src/stm32f0xx_hal_dma.o
                0x0000000008004eac                HAL_DMA_Start_IT
 .text.HAL_DMA_IRQHandler
                0x0000000008004f78      0x144 ./Drivers/STM32F0xx_HAL_Driver/Src/stm32f0xx_hal_dma.o
                0x0000000008004f78                HAL_DMA_IRQHandler
 .text.DMA_SetConfig
                0x00000000080050bc       0x58 ./Drivers/STM32F0xx_HAL_Driver/Src/stm32f0xx_hal_dma.o
 .text.DMA_CalcBaseAndBitshift
                0x0000000008005114       0x38 ./Drivers/STM32F0xx_HAL_Driver/Src/stm32f0xx_hal_dma.o
 .text.HAL_GPIO_Init
                0x000000000800514c      0x2e0 ./Drivers/STM32F0xx_HAL_Driver/Src/stm32f0xx_hal_gpio.o
                0x000000000800514c                HAL_GPIO_Init
 .text.HAL_GPIO_ReadPin
                0x000000000800542c       0x3a ./Drivers/STM32F0xx_HAL_Driver/Src/stm32f0xx_hal_gpio.o
                0x000000000800542c                HAL_GPIO_ReadPin
 .text.HAL_GPIO_WritePin
                0x0000000008005466       0x3a ./Drivers/STM32F0xx_HAL_Driver/Src/stm32f0xx_hal_gpio.o
                0x0000000008005466                HAL_GPIO_WritePin
 .text.HAL_GPIO_EXTI_IRQHandler
                0x00000000080054a0       0x38 ./Drivers/STM32F0xx_HAL_Driver/Src/stm32f0xx_hal_gpio.o
                0x00000000080054a0                HAL_GPIO_EXTI_IRQHandler
 .text.HAL_RCC_OscConfig
                0x00000000080054d8      0x634 ./Drivers/STM32F0xx_HAL_Driver/Src/stm32f0xx_hal_rcc.o
                0x00000000080054d8                HAL_RCC_OscConfig
 .text.HAL_RCC_ClockConfig
                0x0000000008005b0c      0x19c ./Drivers/STM32F0xx_HAL_Driver/Src/stm32f0xx_hal_rcc.o
                0x0000000008005b0c                HAL_RCC_ClockConfig
 .text.HAL_RCC_GetSysClockFreq
                0x0000000008005ca8       0xc8 ./Drivers/STM32F0xx_HAL_Driver/Src/stm32f0xx_hal_rcc.o
                0x0000000008005ca8                HAL_RCC_GetSysClockFreq
 .text.HAL_TIM_Base_Init
                0x0000000008005d70       0xa0 ./Drivers/STM32F0xx_HAL_Driver/Src/stm32f0xx_hal_tim.o
                0x0000000008005d70                HAL_TIM_Base_Init
 .text.HAL_TIM_Base_Start_IT
                0x0000000008005e10       0x8c ./Drivers/STM32F0xx_HAL_Driver/Src/stm32f0xx_hal_tim.o
                0x0000000008005e10                HAL_TIM_Base_Start_IT
 .text.HAL_TIM_PWM_Init
                0x0000000008005e9c       0xa0 ./Drivers/STM32F0xx_HAL_Driver/Src/stm32f0xx_hal_tim.o
                0x0000000008005e9c                HAL_TIM_PWM_Init
 .text.HAL_TIM_PWM_MspInit
                0x0000000008005f3c       0x10 ./Drivers/STM32F0xx_HAL_Driver/Src/stm32f0xx_hal_tim.o
                0x0000000008005f3c                HAL_TIM_PWM_MspInit
 .text.HAL_TIM_PWM_Start
                0x0000000008005f4c      0x14c ./Drivers/STM32F0xx_HAL_Driver/Src/stm32f0xx_hal_tim.o
                0x0000000008005f4c                HAL_TIM_PWM_Start
 .text.HAL_TIM_IRQHandler
                0x0000000008006098      0x22c ./Drivers/STM32F0xx_HAL_Driver/Src/stm32f0xx_hal_tim.o
                0x0000000008006098                HAL_TIM_IRQHandler
 .text.HAL_TIM_PWM_ConfigChannel
                0x00000000080062c4      0x18c ./Drivers/STM32F0xx_HAL_Driver/Src/stm32f0xx_hal_tim.o
                0x00000000080062c4                HAL_TIM_PWM_ConfigChannel
 .text.HAL_TIM_ConfigClockSource
                0x0000000008006450      0x1a8 ./Drivers/STM32F0xx_HAL_Driver/Src/stm32f0xx_hal_tim.o
                0x0000000008006450                HAL_TIM_ConfigClockSource
 .text.HAL_TIM_OC_DelayElapsedCallback
                0x00000000080065f8       0x10 ./Drivers/STM32F0xx_HAL_Driver/Src/stm32f0xx_hal_tim.o
                0x00000000080065f8                HAL_TIM_OC_DelayElapsedCallback
 .text.HAL_TIM_IC_CaptureCallback
                0x0000000008006608       0x10 ./Drivers/STM32F0xx_HAL_Driver/Src/stm32f0xx_hal_tim.o
                0x0000000008006608                HAL_TIM_IC_CaptureCallback
 .text.HAL_TIM_PWM_PulseFinishedCallback
                0x0000000008006618       0x10 ./Drivers/STM32F0xx_HAL_Driver/Src/stm32f0xx_hal_tim.o
                0x0000000008006618                HAL_TIM_PWM_PulseFinishedCallback
 .text.HAL_TIM_TriggerCallback
                0x0000000008006628       0x10 ./Drivers/STM32F0xx_HAL_Driver/Src/stm32f0xx_hal_tim.o
                0x0000000008006628                HAL_TIM_TriggerCallback
 .text.TIM_Base_SetConfig
                0x0000000008006638       0xd8 ./Drivers/STM32F0xx_HAL_Driver/Src/stm32f0xx_hal_tim.o
                0x0000000008006638                TIM_Base_SetConfig
 .text.TIM_OC1_SetConfig
                0x0000000008006710       0xfc ./Drivers/STM32F0xx_HAL_Driver/Src/stm32f0xx_hal_tim.o
 .text.TIM_OC2_SetConfig
                0x000000000800680c       0xfc ./Drivers/STM32F0xx_HAL_Driver/Src/stm32f0xx_hal_tim.o
                0x000000000800680c                TIM_OC2_SetConfig
 .text.TIM_OC3_SetConfig
                0x0000000008006908      0x100 ./Drivers/STM32F0xx_HAL_Driver/Src/stm32f0xx_hal_tim.o
 .text.TIM_OC4_SetConfig
                0x0000000008006a08       0xc8 ./Drivers/STM32F0xx_HAL_Driver/Src/stm32f0xx_hal_tim.o
 .text.TIM_TI1_ConfigInputStage
                0x0000000008006ad0       0x5c ./Drivers/STM32F0xx_HAL_Driver/Src/stm32f0xx_hal_tim.o
 .text.TIM_TI2_ConfigInputStage
                0x0000000008006b2c       0x64 ./Drivers/STM32F0xx_HAL_Driver/Src/stm32f0xx_hal_tim.o
 .text.TIM_ITRx_SetConfig
                0x0000000008006b90       0x32 ./Drivers/STM32F0xx_HAL_Driver/Src/stm32f0xx_hal_tim.o
 *fill*         0x0000000008006bc2        0x2 
 .text.TIM_ETR_SetConfig
                0x0000000008006bc4       0x40 ./Drivers/STM32F0xx_HAL_Driver/Src/stm32f0xx_hal_tim.o
                0x0000000008006bc4                TIM_ETR_SetConfig
 .text.TIM_CCxChannelCmd
                0x0000000008006c04       0x46 ./Drivers/STM32F0xx_HAL_Driver/Src/stm32f0xx_hal_tim.o
                0x0000000008006c04                TIM_CCxChannelCmd
 *fill*         0x0000000008006c4a        0x2 
 .text.HAL_TIMEx_MasterConfigSynchronization
                0x0000000008006c4c       0xa4 ./Drivers/STM32F0xx_HAL_Driver/Src/stm32f0xx_hal_tim_ex.o
                0x0000000008006c4c                HAL_TIMEx_MasterConfigSynchronization
 .text.HAL_TIMEx_ConfigBreakDeadTime
                0x0000000008006cf0       0xbc ./Drivers/STM32F0xx_HAL_Driver/Src/stm32f0xx_hal_tim_ex.o
                0x0000000008006cf0                HAL_TIMEx_ConfigBreakDeadTime
 .text.HAL_TIMEx_CommutCallback
                0x0000000008006dac       0x10 ./Drivers/STM32F0xx_HAL_Driver/Src/stm32f0xx_hal_tim_ex.o
                0x0000000008006dac                HAL_TIMEx_CommutCallback
 .text.HAL_TIMEx_BreakCallback
                0x0000000008006dbc       0x10 ./Drivers/STM32F0xx_HAL_Driver/Src/stm32f0xx_hal_tim_ex.o
                0x0000000008006dbc                HAL_TIMEx_BreakCallback
 .text._ZdlPvj  0x0000000008006dcc        0x8 c:/st/stm32cubeide_1.7.0/stm32cubeide/plugins/com.st.stm32cube.ide.mcu.externaltools.gnu-tools-for-stm32.9-2020-q2-update.win32_2.0.0.202105311346/tools/bin/../lib/gcc/arm-none-eabi/9.3.1/../../../../arm-none-eabi/lib/thumb/v6-m/nofp\libstdc++_nano.a(del_ops.o)
                0x0000000008006dcc                operator delete(void*, unsigned int)
 .text._ZdlPv   0x0000000008006dd4        0x8 c:/st/stm32cubeide_1.7.0/stm32cubeide/plugins/com.st.stm32cube.ide.mcu.externaltools.gnu-tools-for-stm32.9-2020-q2-update.win32_2.0.0.202105311346/tools/bin/../lib/gcc/arm-none-eabi/9.3.1/../../../../arm-none-eabi/lib/thumb/v6-m/nofp\libstdc++_nano.a(del_op.o)
                0x0000000008006dd4                operator delete(void*)
 .text.__libc_init_array
                0x0000000008006ddc       0x48 c:/st/stm32cubeide_1.7.0/stm32cubeide/plugins/com.st.stm32cube.ide.mcu.externaltools.gnu-tools-for-stm32.9-2020-q2-update.win32_2.0.0.202105311346/tools/bin/../lib/gcc/arm-none-eabi/9.3.1/../../../../arm-none-eabi/lib/thumb/v6-m/nofp\libc_nano.a(lib_a-init.o)
                0x0000000008006ddc                __libc_init_array
 .text.free     0x0000000008006e24       0x14 c:/st/stm32cubeide_1.7.0/stm32cubeide/plugins/com.st.stm32cube.ide.mcu.externaltools.gnu-tools-for-stm32.9-2020-q2-update.win32_2.0.0.202105311346/tools/bin/../lib/gcc/arm-none-eabi/9.3.1/../../../../arm-none-eabi/lib/thumb/v6-m/nofp\libc_nano.a(lib_a-malloc.o)
                0x0000000008006e24                free
 .text.memcpy   0x0000000008006e38       0x12 c:/st/stm32cubeide_1.7.0/stm32cubeide/plugins/com.st.stm32cube.ide.mcu.externaltools.gnu-tools-for-stm32.9-2020-q2-update.win32_2.0.0.202105311346/tools/bin/../lib/gcc/arm-none-eabi/9.3.1/../../../../arm-none-eabi/lib/thumb/v6-m/nofp\libc_nano.a(lib_a-memcpy-stub.o)
                0x0000000008006e38                memcpy
 .text.memset   0x0000000008006e4a       0x10 c:/st/stm32cubeide_1.7.0/stm32cubeide/plugins/com.st.stm32cube.ide.mcu.externaltools.gnu-tools-for-stm32.9-2020-q2-update.win32_2.0.0.202105311346/tools/bin/../lib/gcc/arm-none-eabi/9.3.1/../../../../arm-none-eabi/lib/thumb/v6-m/nofp\libc_nano.a(lib_a-memset.o)
                0x0000000008006e4a                memset
 *fill*         0x0000000008006e5a        0x2 
 .text._free_r  0x0000000008006e5c       0x94 c:/st/stm32cubeide_1.7.0/stm32cubeide/plugins/com.st.stm32cube.ide.mcu.externaltools.gnu-tools-for-stm32.9-2020-q2-update.win32_2.0.0.202105311346/tools/bin/../lib/gcc/arm-none-eabi/9.3.1/../../../../arm-none-eabi/lib/thumb/v6-m/nofp\libc_nano.a(lib_a-nano-freer.o)
                0x0000000008006e5c                _free_r
 .text.__malloc_lock
                0x0000000008006ef0       0x10 c:/st/stm32cubeide_1.7.0/stm32cubeide/plugins/com.st.stm32cube.ide.mcu.externaltools.gnu-tools-for-stm32.9-2020-q2-update.win32_2.0.0.202105311346/tools/bin/../lib/gcc/arm-none-eabi/9.3.1/../../../../arm-none-eabi/lib/thumb/v6-m/nofp\libc_nano.a(lib_a-mlock.o)
                0x0000000008006ef0                __malloc_lock
 .text.__malloc_unlock
                0x0000000008006f00       0x10 c:/st/stm32cubeide_1.7.0/stm32cubeide/plugins/com.st.stm32cube.ide.mcu.externaltools.gnu-tools-for-stm32.9-2020-q2-update.win32_2.0.0.202105311346/tools/bin/../lib/gcc/arm-none-eabi/9.3.1/../../../../arm-none-eabi/lib/thumb/v6-m/nofp\libc_nano.a(lib_a-mlock.o)
                0x0000000008006f00                __malloc_unlock
 .text.__retarget_lock_acquire_recursive
                0x0000000008006f10        0x2 c:/st/stm32cubeide_1.7.0/stm32cubeide/plugins/com.st.stm32cube.ide.mcu.externaltools.gnu-tools-for-stm32.9-2020-q2-update.win32_2.0.0.202105311346/tools/bin/../lib/gcc/arm-none-eabi/9.3.1/../../../../arm-none-eabi/lib/thumb/v6-m/nofp\libc_nano.a(lib_a-lock.o)
                0x0000000008006f10                __retarget_lock_acquire_recursive
 .text.__retarget_lock_release_recursive
                0x0000000008006f12        0x2 c:/st/stm32cubeide_1.7.0/stm32cubeide/plugins/com.st.stm32cube.ide.mcu.externaltools.gnu-tools-for-stm32.9-2020-q2-update.win32_2.0.0.202105311346/tools/bin/../lib/gcc/arm-none-eabi/9.3.1/../../../../arm-none-eabi/lib/thumb/v6-m/nofp\libc_nano.a(lib_a-lock.o)
                0x0000000008006f12                __retarget_lock_release_recursive
 *(.glue_7)
 .glue_7        0x0000000008006f14        0x0 linker stubs
 *(.glue_7t)
 .glue_7t       0x0000000008006f14        0x0 linker stubs
 *(.eh_frame)
 .eh_frame      0x0000000008006f14        0x0 c:/st/stm32cubeide_1.7.0/stm32cubeide/plugins/com.st.stm32cube.ide.mcu.externaltools.gnu-tools-for-stm32.9-2020-q2-update.win32_2.0.0.202105311346/tools/bin/../lib/gcc/arm-none-eabi/9.3.1/thumb/v6-m/nofp/crtbegin.o
 *(.init)
 .init          0x0000000008006f14        0x4 c:/st/stm32cubeide_1.7.0/stm32cubeide/plugins/com.st.stm32cube.ide.mcu.externaltools.gnu-tools-for-stm32.9-2020-q2-update.win32_2.0.0.202105311346/tools/bin/../lib/gcc/arm-none-eabi/9.3.1/thumb/v6-m/nofp/crti.o
                0x0000000008006f14                _init
 .init          0x0000000008006f18        0x8 c:/st/stm32cubeide_1.7.0/stm32cubeide/plugins/com.st.stm32cube.ide.mcu.externaltools.gnu-tools-for-stm32.9-2020-q2-update.win32_2.0.0.202105311346/tools/bin/../lib/gcc/arm-none-eabi/9.3.1/thumb/v6-m/nofp/crtn.o
 *(.fini)
 .fini          0x0000000008006f20        0x4 c:/st/stm32cubeide_1.7.0/stm32cubeide/plugins/com.st.stm32cube.ide.mcu.externaltools.gnu-tools-for-stm32.9-2020-q2-update.win32_2.0.0.202105311346/tools/bin/../lib/gcc/arm-none-eabi/9.3.1/thumb/v6-m/nofp/crti.o
                0x0000000008006f20                _fini
 .fini          0x0000000008006f24        0x8 c:/st/stm32cubeide_1.7.0/stm32cubeide/plugins/com.st.stm32cube.ide.mcu.externaltools.gnu-tools-for-stm32.9-2020-q2-update.win32_2.0.0.202105311346/tools/bin/../lib/gcc/arm-none-eabi/9.3.1/thumb/v6-m/nofp/crtn.o
                0x0000000008006f2c                . = ALIGN (0x4)
                0x0000000008006f2c                _etext = .

.vfp11_veneer   0x0000000008006f2c        0x0
 .vfp11_veneer  0x0000000008006f2c        0x0 linker stubs

.v4_bx          0x0000000008006f2c        0x0
 .v4_bx         0x0000000008006f2c        0x0 linker stubs

.iplt           0x0000000008006f2c        0x0
 .iplt          0x0000000008006f2c        0x0 c:/st/stm32cubeide_1.7.0/stm32cubeide/plugins/com.st.stm32cube.ide.mcu.externaltools.gnu-tools-for-stm32.9-2020-q2-update.win32_2.0.0.202105311346/tools/bin/../lib/gcc/arm-none-eabi/9.3.1/thumb/v6-m/nofp/crtbegin.o

.rodata         0x0000000008006f2c      0x470
                0x0000000008006f2c                . = ALIGN (0x4)
 *(.rodata)
 .rodata        0x0000000008006f2c      0x24c ./CPP/Src/map.o
 .rodata        0x0000000008007178       0x20 ./Drivers/STM32F0xx_HAL_Driver/Src/stm32f0xx_hal_rcc.o
 .rodata        0x0000000008007198       0x80 c:/st/stm32cubeide_1.7.0/stm32cubeide/plugins/com.st.stm32cube.ide.mcu.externaltools.gnu-tools-for-stm32.9-2020-q2-update.win32_2.0.0.202105311346/tools/bin/../lib/gcc/arm-none-eabi/9.3.1/thumb/v6-m/nofp\libgcc.a(divsf3.o)
 .rodata        0x0000000008007218       0x40 c:/st/stm32cubeide_1.7.0/stm32cubeide/plugins/com.st.stm32cube.ide.mcu.externaltools.gnu-tools-for-stm32.9-2020-q2-update.win32_2.0.0.202105311346/tools/bin/../lib/gcc/arm-none-eabi/9.3.1/thumb/v6-m/nofp\libgcc.a(mulsf3.o)
 .rodata        0x0000000008007258       0x40 c:/st/stm32cubeide_1.7.0/stm32cubeide/plugins/com.st.stm32cube.ide.mcu.externaltools.gnu-tools-for-stm32.9-2020-q2-update.win32_2.0.0.202105311346/tools/bin/../lib/gcc/arm-none-eabi/9.3.1/thumb/v6-m/nofp\libgcc.a(divdf3.o)
 .rodata        0x0000000008007298       0x40 c:/st/stm32cubeide_1.7.0/stm32cubeide/plugins/com.st.stm32cube.ide.mcu.externaltools.gnu-tools-for-stm32.9-2020-q2-update.win32_2.0.0.202105311346/tools/bin/../lib/gcc/arm-none-eabi/9.3.1/thumb/v6-m/nofp\libgcc.a(muldf3.o)
 *(.rodata*)
 .rodata._ZTV6button
                0x00000000080072d8       0x10 ./CPP/Src/button.o
                0x00000000080072d8                vtable for button
 .rodata._ZTV7control
                0x00000000080072e8       0x10 ./CPP/Src/control.o
                0x00000000080072e8                vtable for control
 .rodata._ZTV7encoder
                0x00000000080072f8       0x10 ./CPP/Src/encoder.o
                0x00000000080072f8                vtable for encoder
 .rodata._ZTV3led
                0x0000000008007308       0x10 ./CPP/Src/led.o
                0x0000000008007308                vtable for led
 .rodata.CppMain
                0x0000000008007318       0x14 ./CPP/Src/main.o
 .rodata._ZTV3map
                0x000000000800732c       0x10 ./CPP/Src/map.o
                0x000000000800732c                vtable for map
 .rodata._ZTV5motor
                0x000000000800733c       0x10 ./CPP/Src/motor.o
                0x000000000800733c                vtable for motor
 .rodata._ZTV12motorControl
                0x000000000800734c       0x10 ./CPP/Src/motorControl.o
                0x000000000800734c                vtable for motorControl
 .rodata._ZTV8position
                0x000000000800735c       0x10 ./CPP/Src/position.o
                0x000000000800735c                vtable for position
 .rodata._ZTV5robot
                0x000000000800736c       0x10 ./CPP/Src/robot.o
                0x000000000800736c                vtable for robot
 .rodata._ZTV10sensorSide
                0x000000000800737c       0x10 ./CPP/Src/sensorSide.o
                0x000000000800737c                vtable for sensorSide
 .rodata.AHBPrescTable
                0x000000000800738c       0x10 ./Core/Src/system_stm32f0xx.o
                0x000000000800738c                AHBPrescTable
                0x000000000800739c                . = ALIGN (0x4)

.rel.dyn        0x000000000800739c        0x0
 .rel.iplt      0x000000000800739c        0x0 c:/st/stm32cubeide_1.7.0/stm32cubeide/plugins/com.st.stm32cube.ide.mcu.externaltools.gnu-tools-for-stm32.9-2020-q2-update.win32_2.0.0.202105311346/tools/bin/../lib/gcc/arm-none-eabi/9.3.1/thumb/v6-m/nofp/crtbegin.o

.ARM.extab      0x000000000800739c        0x0
                0x000000000800739c                . = ALIGN (0x4)
 *(.ARM.extab* .gnu.linkonce.armextab.*)
                0x000000000800739c                . = ALIGN (0x4)

.ARM            0x000000000800739c        0x0
                0x000000000800739c                . = ALIGN (0x4)
                0x000000000800739c                __exidx_start = .
 *(.ARM.exidx*)
                0x000000000800739c                __exidx_end = .
                0x000000000800739c                . = ALIGN (0x4)

.preinit_array  0x000000000800739c        0x0
                0x000000000800739c                . = ALIGN (0x4)
                0x000000000800739c                PROVIDE (__preinit_array_start = .)
 *(.preinit_array*)
                0x000000000800739c                PROVIDE (__preinit_array_end = .)
                0x000000000800739c                . = ALIGN (0x4)

.init_array     0x000000000800739c        0x8
                0x000000000800739c                . = ALIGN (0x4)
                0x000000000800739c                PROVIDE (__init_array_start = .)
 *(SORT_BY_NAME(.init_array.*))
 *(.init_array*)
 .init_array    0x000000000800739c        0x4 c:/st/stm32cubeide_1.7.0/stm32cubeide/plugins/com.st.stm32cube.ide.mcu.externaltools.gnu-tools-for-stm32.9-2020-q2-update.win32_2.0.0.202105311346/tools/bin/../lib/gcc/arm-none-eabi/9.3.1/thumb/v6-m/nofp/crtbegin.o
 .init_array    0x00000000080073a0        0x4 ./CPP/Src/main.o
                0x00000000080073a4                PROVIDE (__init_array_end = .)
                0x00000000080073a4                . = ALIGN (0x4)

.fini_array     0x00000000080073a4        0x8
                0x00000000080073a4                . = ALIGN (0x4)
                [!provide]                        PROVIDE (__fini_array_start = .)
 *(SORT_BY_NAME(.fini_array.*))
 *(.fini_array*)
 .fini_array    0x00000000080073a4        0x4 c:/st/stm32cubeide_1.7.0/stm32cubeide/plugins/com.st.stm32cube.ide.mcu.externaltools.gnu-tools-for-stm32.9-2020-q2-update.win32_2.0.0.202105311346/tools/bin/../lib/gcc/arm-none-eabi/9.3.1/thumb/v6-m/nofp/crtbegin.o
 .fini_array    0x00000000080073a8        0x4 ./CPP/Src/main.o
                [!provide]                        PROVIDE (__fini_array_end = .)
                0x00000000080073ac                . = ALIGN (0x4)
                0x00000000080073ac                _sidata = LOADADDR (.data)

.data           0x0000000020000000       0x70 load address 0x00000000080073ac
                0x0000000020000000                . = ALIGN (0x4)
                0x0000000020000000                _sdata = .
 *(.data)
 *(.data*)
 .data.SystemCoreClock
                0x0000000020000000        0x4 ./Core/Src/system_stm32f0xx.o
                0x0000000020000000                SystemCoreClock
 .data.uwTickPrio
                0x0000000020000004        0x4 ./Drivers/STM32F0xx_HAL_Driver/Src/stm32f0xx_hal.o
                0x0000000020000004                uwTickPrio
 .data.uwTickFreq
                0x0000000020000008        0x1 ./Drivers/STM32F0xx_HAL_Driver/Src/stm32f0xx_hal.o
                0x0000000020000008                uwTickFreq
 *fill*         0x0000000020000009        0x3 
 .data._impure_ptr
                0x000000002000000c        0x4 c:/st/stm32cubeide_1.7.0/stm32cubeide/plugins/com.st.stm32cube.ide.mcu.externaltools.gnu-tools-for-stm32.9-2020-q2-update.win32_2.0.0.202105311346/tools/bin/../lib/gcc/arm-none-eabi/9.3.1/../../../../arm-none-eabi/lib/thumb/v6-m/nofp\libc_nano.a(lib_a-impure.o)
                0x000000002000000c                _impure_ptr
 .data.impure_data
                0x0000000020000010       0x60 c:/st/stm32cubeide_1.7.0/stm32cubeide/plugins/com.st.stm32cube.ide.mcu.externaltools.gnu-tools-for-stm32.9-2020-q2-update.win32_2.0.0.202105311346/tools/bin/../lib/gcc/arm-none-eabi/9.3.1/../../../../arm-none-eabi/lib/thumb/v6-m/nofp\libc_nano.a(lib_a-impure.o)
 *(.RamFunc)
 *(.RamFunc*)
                0x0000000020000070                . = ALIGN (0x4)
                0x0000000020000070                _edata = .

.igot.plt       0x0000000020000070        0x0 load address 0x000000000800741c
 .igot.plt      0x0000000020000070        0x0 c:/st/stm32cubeide_1.7.0/stm32cubeide/plugins/com.st.stm32cube.ide.mcu.externaltools.gnu-tools-for-stm32.9-2020-q2-update.win32_2.0.0.202105311346/tools/bin/../lib/gcc/arm-none-eabi/9.3.1/thumb/v6-m/nofp/crtbegin.o
                0x0000000020000070                . = ALIGN (0x4)

.bss            0x0000000020000070      0x6e4 load address 0x000000000800741c
                0x0000000020000070                _sbss = .
                0x0000000020000070                __bss_start__ = _sbss
 *(.bss)
 .bss           0x0000000020000070       0x1c c:/st/stm32cubeide_1.7.0/stm32cubeide/plugins/com.st.stm32cube.ide.mcu.externaltools.gnu-tools-for-stm32.9-2020-q2-update.win32_2.0.0.202105311346/tools/bin/../lib/gcc/arm-none-eabi/9.3.1/thumb/v6-m/nofp/crtbegin.o
 *(.bss*)
 .bss.p         0x000000002000008c       0x28 ./CPP/Src/main.o
                0x000000002000008c                p
 .bss.marcEsq   0x00000000200000b4        0xc ./CPP/Src/main.o
                0x00000000200000b4                marcEsq
 .bss.marcDir   0x00000000200000c0        0xc ./CPP/Src/main.o
                0x00000000200000c0                marcDir
 .bss.lfdir     0x00000000200000cc        0xc ./CPP/Src/main.o
                0x00000000200000cc                lfdir
 .bss.lfesq     0x00000000200000d8        0xc ./CPP/Src/main.o
                0x00000000200000d8                lfesq
 .bss.lfren     0x00000000200000e4        0xc ./CPP/Src/main.o
                0x00000000200000e4                lfren
 .bss.ldeb1     0x00000000200000f0        0xc ./CPP/Src/main.o
                0x00000000200000f0                ldeb1
 .bss.ldeb2     0x00000000200000fc        0xc ./CPP/Src/main.o
                0x00000000200000fc                ldeb2
 .bss.b         0x0000000020000108        0xc ./CPP/Src/main.o
                0x0000000020000108                b
 .bss.enc1      0x0000000020000114       0x1c ./CPP/Src/main.o
                0x0000000020000114                enc1
 .bss.enc2      0x0000000020000130       0x1c ./CPP/Src/main.o
                0x0000000020000130                enc2
 .bss.z         0x000000002000014c        0x4 ./CPP/Src/main.o
                0x000000002000014c                z
 .bss.debounce  0x0000000020000150        0x2 ./CPP/Src/main.o
                0x0000000020000150                debounce
 .bss.state     0x0000000020000152        0x2 ./CPP/Src/main.o
                0x0000000020000152                state
 .bss.dbEsq     0x0000000020000154        0x2 ./CPP/Src/main.o
                0x0000000020000154                dbEsq
 .bss.dbDir     0x0000000020000156        0x2 ./CPP/Src/main.o
                0x0000000020000156                dbDir
 .bss.m1        0x0000000020000158       0x18 ./CPP/Src/main.o
                0x0000000020000158                m1
 .bss.m2        0x0000000020000170       0x18 ./CPP/Src/main.o
                0x0000000020000170                m2
 .bss.mdir      0x0000000020000188       0x14 ./CPP/Src/main.o
                0x0000000020000188                mdir
 .bss.mesq      0x000000002000019c       0x14 ./CPP/Src/main.o
                0x000000002000019c                mesq
 .bss.ctr       0x00000000200001b0       0x24 ./CPP/Src/main.o
                0x00000000200001b0                ctr
 .bss.circuit   0x00000000200001d4      0x3a4 ./CPP/Src/main.o
                0x00000000200001d4                circuit
 .bss.rufus     0x0000000020000578       0x3c ./CPP/Src/main.o
                0x0000000020000578                rufus
 .bss.__malloc_free_list
                0x00000000200005b4        0x4 c:/st/stm32cubeide_1.7.0/stm32cubeide/plugins/com.st.stm32cube.ide.mcu.externaltools.gnu-tools-for-stm32.9-2020-q2-update.win32_2.0.0.202105311346/tools/bin/../lib/gcc/arm-none-eabi/9.3.1/../../../../arm-none-eabi/lib/thumb/v6-m/nofp\libc_nano.a(lib_a-nano-mallocr.o)
                0x00000000200005b4                __malloc_free_list
 *(COMMON)
 COMMON         0x00000000200005b8      0x18c ./Core/Src/main.o
                0x00000000200005b8                adcArray
                0x00000000200005e4                htim17
                0x000000002000062c                check
                0x0000000020000630                htim1
                0x0000000020000678                hdma_adc
                0x00000000200006bc                hadc
                0x00000000200006fc                htim16
 COMMON         0x0000000020000744        0x4 ./Drivers/STM32F0xx_HAL_Driver/Src/stm32f0xx_hal.o
                0x0000000020000744                uwTick
 COMMON         0x0000000020000748        0x9 c:/st/stm32cubeide_1.7.0/stm32cubeide/plugins/com.st.stm32cube.ide.mcu.externaltools.gnu-tools-for-stm32.9-2020-q2-update.win32_2.0.0.202105311346/tools/bin/../lib/gcc/arm-none-eabi/9.3.1/../../../../arm-none-eabi/lib/thumb/v6-m/nofp\libc_nano.a(lib_a-lock.o)
                0x0000000020000748                __lock___atexit_recursive_mutex
                0x0000000020000749                __lock___arc4random_mutex
                0x000000002000074a                __lock___env_recursive_mutex
                0x000000002000074b                __lock___sinit_recursive_mutex
                0x000000002000074c                __lock___malloc_recursive_mutex
                0x000000002000074d                __lock___at_quick_exit_mutex
                0x000000002000074e                __lock___dd_hash_mutex
                0x000000002000074f                __lock___tz_mutex
                0x0000000020000750                __lock___sfp_recursive_mutex
                0x0000000020000754                . = ALIGN (0x4)
 *fill*         0x0000000020000751        0x3 
                0x0000000020000754                _ebss = .
                0x0000000020000754                __bss_end__ = _ebss

._user_heap_stack
                0x0000000020000754      0x604 load address 0x000000000800741c
                0x0000000020000758                . = ALIGN (0x8)
 *fill*         0x0000000020000754        0x4 
                [!provide]                        PROVIDE (end = .)
                0x0000000020000758                PROVIDE (_end = .)
                0x0000000020000958                . = (. + _Min_Heap_Size)
 *fill*         0x0000000020000758      0x200 
                0x0000000020000d58                . = (. + _Min_Stack_Size)
 *fill*         0x0000000020000958      0x400 
                0x0000000020000d58                . = ALIGN (0x8)

/DISCARD/
 libc.a(*)
 libm.a(*)
 libgcc.a(*)

.ARM.attributes
                0x0000000000000000       0x28
 *(.ARM.attributes)
 .ARM.attributes
                0x0000000000000000       0x1e c:/st/stm32cubeide_1.7.0/stm32cubeide/plugins/com.st.stm32cube.ide.mcu.externaltools.gnu-tools-for-stm32.9-2020-q2-update.win32_2.0.0.202105311346/tools/bin/../lib/gcc/arm-none-eabi/9.3.1/thumb/v6-m/nofp/crti.o
 .ARM.attributes
                0x000000000000001e       0x2c c:/st/stm32cubeide_1.7.0/stm32cubeide/plugins/com.st.stm32cube.ide.mcu.externaltools.gnu-tools-for-stm32.9-2020-q2-update.win32_2.0.0.202105311346/tools/bin/../lib/gcc/arm-none-eabi/9.3.1/thumb/v6-m/nofp/crtbegin.o
 .ARM.attributes
                0x000000000000004a       0x2c ./CPP/Src/button.o
 .ARM.attributes
                0x0000000000000076       0x2c ./CPP/Src/control.o
 .ARM.attributes
                0x00000000000000a2       0x2c ./CPP/Src/encoder.o
 .ARM.attributes
                0x00000000000000ce       0x2c ./CPP/Src/led.o
 .ARM.attributes
                0x00000000000000fa       0x2c ./CPP/Src/main.o
 .ARM.attributes
                0x0000000000000126       0x2c ./CPP/Src/map.o
 .ARM.attributes
                0x0000000000000152       0x2c ./CPP/Src/motor.o
 .ARM.attributes
                0x000000000000017e       0x2c ./CPP/Src/motorControl.o
 .ARM.attributes
                0x00000000000001aa       0x2c ./CPP/Src/position.o
 .ARM.attributes
                0x00000000000001d6       0x2c ./CPP/Src/robot.o
 .ARM.attributes
                0x0000000000000202       0x2c ./CPP/Src/sensorSide.o
 .ARM.attributes
                0x000000000000022e       0x2c ./Core/Src/main.o
 .ARM.attributes
                0x000000000000025a       0x2c ./Core/Src/stm32f0xx_hal_msp.o
 .ARM.attributes
                0x0000000000000286       0x2c ./Core/Src/stm32f0xx_it.o
 .ARM.attributes
                0x00000000000002b2       0x2c ./Core/Src/system_stm32f0xx.o
 .ARM.attributes
                0x00000000000002de       0x21 ./Core/Startup/startup_stm32f030c6tx.o
 .ARM.attributes
                0x00000000000002ff       0x2c ./Drivers/STM32F0xx_HAL_Driver/Src/stm32f0xx_hal.o
 .ARM.attributes
                0x000000000000032b       0x2c ./Drivers/STM32F0xx_HAL_Driver/Src/stm32f0xx_hal_adc.o
 .ARM.attributes
                0x0000000000000357       0x2c ./Drivers/STM32F0xx_HAL_Driver/Src/stm32f0xx_hal_adc_ex.o
 .ARM.attributes
                0x0000000000000383       0x2c ./Drivers/STM32F0xx_HAL_Driver/Src/stm32f0xx_hal_cortex.o
 .ARM.attributes
                0x00000000000003af       0x2c ./Drivers/STM32F0xx_HAL_Driver/Src/stm32f0xx_hal_dma.o
 .ARM.attributes
                0x00000000000003db       0x2c ./Drivers/STM32F0xx_HAL_Driver/Src/stm32f0xx_hal_gpio.o
 .ARM.attributes
                0x0000000000000407       0x2c ./Drivers/STM32F0xx_HAL_Driver/Src/stm32f0xx_hal_rcc.o
 .ARM.attributes
                0x0000000000000433       0x2c ./Drivers/STM32F0xx_HAL_Driver/Src/stm32f0xx_hal_tim.o
 .ARM.attributes
                0x000000000000045f       0x2c ./Drivers/STM32F0xx_HAL_Driver/Src/stm32f0xx_hal_tim_ex.o
 .ARM.attributes
                0x000000000000048b       0x2c c:/st/stm32cubeide_1.7.0/stm32cubeide/plugins/com.st.stm32cube.ide.mcu.externaltools.gnu-tools-for-stm32.9-2020-q2-update.win32_2.0.0.202105311346/tools/bin/../lib/gcc/arm-none-eabi/9.3.1/../../../../arm-none-eabi/lib/thumb/v6-m/nofp\libstdc++_nano.a(del_ops.o)
 .ARM.attributes
                0x00000000000004b7       0x2c c:/st/stm32cubeide_1.7.0/stm32cubeide/plugins/com.st.stm32cube.ide.mcu.externaltools.gnu-tools-for-stm32.9-2020-q2-update.win32_2.0.0.202105311346/tools/bin/../lib/gcc/arm-none-eabi/9.3.1/../../../../arm-none-eabi/lib/thumb/v6-m/nofp\libstdc++_nano.a(del_op.o)
 .ARM.attributes
                0x00000000000004e3       0x2c c:/st/stm32cubeide_1.7.0/stm32cubeide/plugins/com.st.stm32cube.ide.mcu.externaltools.gnu-tools-for-stm32.9-2020-q2-update.win32_2.0.0.202105311346/tools/bin/../lib/gcc/arm-none-eabi/9.3.1/../../../../arm-none-eabi/lib/thumb/v6-m/nofp\libc_nano.a(lib_a-impure.o)
 .ARM.attributes
                0x000000000000050f       0x2c c:/st/stm32cubeide_1.7.0/stm32cubeide/plugins/com.st.stm32cube.ide.mcu.externaltools.gnu-tools-for-stm32.9-2020-q2-update.win32_2.0.0.202105311346/tools/bin/../lib/gcc/arm-none-eabi/9.3.1/../../../../arm-none-eabi/lib/thumb/v6-m/nofp\libc_nano.a(lib_a-init.o)
 .ARM.attributes
                0x000000000000053b       0x2c c:/st/stm32cubeide_1.7.0/stm32cubeide/plugins/com.st.stm32cube.ide.mcu.externaltools.gnu-tools-for-stm32.9-2020-q2-update.win32_2.0.0.202105311346/tools/bin/../lib/gcc/arm-none-eabi/9.3.1/../../../../arm-none-eabi/lib/thumb/v6-m/nofp\libc_nano.a(lib_a-malloc.o)
 .ARM.attributes
                0x0000000000000567       0x2c c:/st/stm32cubeide_1.7.0/stm32cubeide/plugins/com.st.stm32cube.ide.mcu.externaltools.gnu-tools-for-stm32.9-2020-q2-update.win32_2.0.0.202105311346/tools/bin/../lib/gcc/arm-none-eabi/9.3.1/../../../../arm-none-eabi/lib/thumb/v6-m/nofp\libc_nano.a(lib_a-memcpy-stub.o)
 .ARM.attributes
                0x0000000000000593       0x2c c:/st/stm32cubeide_1.7.0/stm32cubeide/plugins/com.st.stm32cube.ide.mcu.externaltools.gnu-tools-for-stm32.9-2020-q2-update.win32_2.0.0.202105311346/tools/bin/../lib/gcc/arm-none-eabi/9.3.1/../../../../arm-none-eabi/lib/thumb/v6-m/nofp\libc_nano.a(lib_a-memset.o)
 .ARM.attributes
                0x00000000000005bf       0x2c c:/st/stm32cubeide_1.7.0/stm32cubeide/plugins/com.st.stm32cube.ide.mcu.externaltools.gnu-tools-for-stm32.9-2020-q2-update.win32_2.0.0.202105311346/tools/bin/../lib/gcc/arm-none-eabi/9.3.1/../../../../arm-none-eabi/lib/thumb/v6-m/nofp\libc_nano.a(lib_a-nano-freer.o)
 .ARM.attributes
                0x00000000000005eb       0x2c c:/st/stm32cubeide_1.7.0/stm32cubeide/plugins/com.st.stm32cube.ide.mcu.externaltools.gnu-tools-for-stm32.9-2020-q2-update.win32_2.0.0.202105311346/tools/bin/../lib/gcc/arm-none-eabi/9.3.1/../../../../arm-none-eabi/lib/thumb/v6-m/nofp\libc_nano.a(lib_a-nano-mallocr.o)
 .ARM.attributes
                0x0000000000000617       0x2c c:/st/stm32cubeide_1.7.0/stm32cubeide/plugins/com.st.stm32cube.ide.mcu.externaltools.gnu-tools-for-stm32.9-2020-q2-update.win32_2.0.0.202105311346/tools/bin/../lib/gcc/arm-none-eabi/9.3.1/../../../../arm-none-eabi/lib/thumb/v6-m/nofp\libc_nano.a(lib_a-mlock.o)
 .ARM.attributes
                0x0000000000000643       0x2c c:/st/stm32cubeide_1.7.0/stm32cubeide/plugins/com.st.stm32cube.ide.mcu.externaltools.gnu-tools-for-stm32.9-2020-q2-update.win32_2.0.0.202105311346/tools/bin/../lib/gcc/arm-none-eabi/9.3.1/../../../../arm-none-eabi/lib/thumb/v6-m/nofp\libc_nano.a(lib_a-lock.o)
 .ARM.attributes
                0x000000000000066f       0x1e c:/st/stm32cubeide_1.7.0/stm32cubeide/plugins/com.st.stm32cube.ide.mcu.externaltools.gnu-tools-for-stm32.9-2020-q2-update.win32_2.0.0.202105311346/tools/bin/../lib/gcc/arm-none-eabi/9.3.1/thumb/v6-m/nofp\libgcc.a(_udivsi3.o)
 .ARM.attributes
                0x000000000000068d       0x1e c:/st/stm32cubeide_1.7.0/stm32cubeide/plugins/com.st.stm32cube.ide.mcu.externaltools.gnu-tools-for-stm32.9-2020-q2-update.win32_2.0.0.202105311346/tools/bin/../lib/gcc/arm-none-eabi/9.3.1/thumb/v6-m/nofp\libgcc.a(_divsi3.o)
 .ARM.attributes
                0x00000000000006ab       0x1e c:/st/stm32cubeide_1.7.0/stm32cubeide/plugins/com.st.stm32cube.ide.mcu.externaltools.gnu-tools-for-stm32.9-2020-q2-update.win32_2.0.0.202105311346/tools/bin/../lib/gcc/arm-none-eabi/9.3.1/thumb/v6-m/nofp\libgcc.a(_dvmd_tls.o)
 .ARM.attributes
                0x00000000000006c9       0x1e c:/st/stm32cubeide_1.7.0/stm32cubeide/plugins/com.st.stm32cube.ide.mcu.externaltools.gnu-tools-for-stm32.9-2020-q2-update.win32_2.0.0.202105311346/tools/bin/../lib/gcc/arm-none-eabi/9.3.1/thumb/v6-m/nofp\libgcc.a(_arm_cmpsf2.o)
 .ARM.attributes
                0x00000000000006e7       0x2c c:/st/stm32cubeide_1.7.0/stm32cubeide/plugins/com.st.stm32cube.ide.mcu.externaltools.gnu-tools-for-stm32.9-2020-q2-update.win32_2.0.0.202105311346/tools/bin/../lib/gcc/arm-none-eabi/9.3.1/thumb/v6-m/nofp\libgcc.a(addsf3.o)
 .ARM.attributes
                0x0000000000000713       0x2c c:/st/stm32cubeide_1.7.0/stm32cubeide/plugins/com.st.stm32cube.ide.mcu.externaltools.gnu-tools-for-stm32.9-2020-q2-update.win32_2.0.0.202105311346/tools/bin/../lib/gcc/arm-none-eabi/9.3.1/thumb/v6-m/nofp\libgcc.a(divsf3.o)
 .ARM.attributes
                0x000000000000073f       0x2c c:/st/stm32cubeide_1.7.0/stm32cubeide/plugins/com.st.stm32cube.ide.mcu.externaltools.gnu-tools-for-stm32.9-2020-q2-update.win32_2.0.0.202105311346/tools/bin/../lib/gcc/arm-none-eabi/9.3.1/thumb/v6-m/nofp\libgcc.a(eqsf2.o)
 .ARM.attributes
                0x000000000000076b       0x2c c:/st/stm32cubeide_1.7.0/stm32cubeide/plugins/com.st.stm32cube.ide.mcu.externaltools.gnu-tools-for-stm32.9-2020-q2-update.win32_2.0.0.202105311346/tools/bin/../lib/gcc/arm-none-eabi/9.3.1/thumb/v6-m/nofp\libgcc.a(gesf2.o)
 .ARM.attributes
                0x0000000000000797       0x2c c:/st/stm32cubeide_1.7.0/stm32cubeide/plugins/com.st.stm32cube.ide.mcu.externaltools.gnu-tools-for-stm32.9-2020-q2-update.win32_2.0.0.202105311346/tools/bin/../lib/gcc/arm-none-eabi/9.3.1/thumb/v6-m/nofp\libgcc.a(lesf2.o)
 .ARM.attributes
                0x00000000000007c3       0x2c c:/st/stm32cubeide_1.7.0/stm32cubeide/plugins/com.st.stm32cube.ide.mcu.externaltools.gnu-tools-for-stm32.9-2020-q2-update.win32_2.0.0.202105311346/tools/bin/../lib/gcc/arm-none-eabi/9.3.1/thumb/v6-m/nofp\libgcc.a(mulsf3.o)
 .ARM.attributes
                0x00000000000007ef       0x2c c:/st/stm32cubeide_1.7.0/stm32cubeide/plugins/com.st.stm32cube.ide.mcu.externaltools.gnu-tools-for-stm32.9-2020-q2-update.win32_2.0.0.202105311346/tools/bin/../lib/gcc/arm-none-eabi/9.3.1/thumb/v6-m/nofp\libgcc.a(subsf3.o)
 .ARM.attributes
                0x000000000000081b       0x2c c:/st/stm32cubeide_1.7.0/stm32cubeide/plugins/com.st.stm32cube.ide.mcu.externaltools.gnu-tools-for-stm32.9-2020-q2-update.win32_2.0.0.202105311346/tools/bin/../lib/gcc/arm-none-eabi/9.3.1/thumb/v6-m/nofp\libgcc.a(fixsfsi.o)
 .ARM.attributes
                0x0000000000000847       0x2c c:/st/stm32cubeide_1.7.0/stm32cubeide/plugins/com.st.stm32cube.ide.mcu.externaltools.gnu-tools-for-stm32.9-2020-q2-update.win32_2.0.0.202105311346/tools/bin/../lib/gcc/arm-none-eabi/9.3.1/thumb/v6-m/nofp\libgcc.a(floatsisf.o)
 .ARM.attributes
                0x0000000000000873       0x2c c:/st/stm32cubeide_1.7.0/stm32cubeide/plugins/com.st.stm32cube.ide.mcu.externaltools.gnu-tools-for-stm32.9-2020-q2-update.win32_2.0.0.202105311346/tools/bin/../lib/gcc/arm-none-eabi/9.3.1/thumb/v6-m/nofp\libgcc.a(floatunsisf.o)
 .ARM.attributes
                0x000000000000089f       0x2c c:/st/stm32cubeide_1.7.0/stm32cubeide/plugins/com.st.stm32cube.ide.mcu.externaltools.gnu-tools-for-stm32.9-2020-q2-update.win32_2.0.0.202105311346/tools/bin/../lib/gcc/arm-none-eabi/9.3.1/thumb/v6-m/nofp\libgcc.a(divdf3.o)
 .ARM.attributes
                0x00000000000008cb       0x2c c:/st/stm32cubeide_1.7.0/stm32cubeide/plugins/com.st.stm32cube.ide.mcu.externaltools.gnu-tools-for-stm32.9-2020-q2-update.win32_2.0.0.202105311346/tools/bin/../lib/gcc/arm-none-eabi/9.3.1/thumb/v6-m/nofp\libgcc.a(muldf3.o)
 .ARM.attributes
                0x00000000000008f7       0x2c c:/st/stm32cubeide_1.7.0/stm32cubeide/plugins/com.st.stm32cube.ide.mcu.externaltools.gnu-tools-for-stm32.9-2020-q2-update.win32_2.0.0.202105311346/tools/bin/../lib/gcc/arm-none-eabi/9.3.1/thumb/v6-m/nofp\libgcc.a(fixdfsi.o)
 .ARM.attributes
                0x0000000000000923       0x2c c:/st/stm32cubeide_1.7.0/stm32cubeide/plugins/com.st.stm32cube.ide.mcu.externaltools.gnu-tools-for-stm32.9-2020-q2-update.win32_2.0.0.202105311346/tools/bin/../lib/gcc/arm-none-eabi/9.3.1/thumb/v6-m/nofp\libgcc.a(floatsidf.o)
 .ARM.attributes
                0x000000000000094f       0x1e c:/st/stm32cubeide_1.7.0/stm32cubeide/plugins/com.st.stm32cube.ide.mcu.externaltools.gnu-tools-for-stm32.9-2020-q2-update.win32_2.0.0.202105311346/tools/bin/../lib/gcc/arm-none-eabi/9.3.1/thumb/v6-m/nofp\libgcc.a(_clzsi2.o)
 .ARM.attributes
                0x000000000000096d       0x1e c:/st/stm32cubeide_1.7.0/stm32cubeide/plugins/com.st.stm32cube.ide.mcu.externaltools.gnu-tools-for-stm32.9-2020-q2-update.win32_2.0.0.202105311346/tools/bin/../lib/gcc/arm-none-eabi/9.3.1/thumb/v6-m/nofp/crtn.o
OUTPUT(Rufus_CPP.elf elf32-littlearm)
LOAD linker stubs
LOAD c:/st/stm32cubeide_1.7.0/stm32cubeide/plugins/com.st.stm32cube.ide.mcu.externaltools.gnu-tools-for-stm32.9-2020-q2-update.win32_2.0.0.202105311346/tools/bin/../lib/gcc/arm-none-eabi/9.3.1/../../../../arm-none-eabi/lib/thumb/v6-m/nofp\libc.a
LOAD c:/st/stm32cubeide_1.7.0/stm32cubeide/plugins/com.st.stm32cube.ide.mcu.externaltools.gnu-tools-for-stm32.9-2020-q2-update.win32_2.0.0.202105311346/tools/bin/../lib/gcc/arm-none-eabi/9.3.1/../../../../arm-none-eabi/lib/thumb/v6-m/nofp\libm.a
LOAD c:/st/stm32cubeide_1.7.0/stm32cubeide/plugins/com.st.stm32cube.ide.mcu.externaltools.gnu-tools-for-stm32.9-2020-q2-update.win32_2.0.0.202105311346/tools/bin/../lib/gcc/arm-none-eabi/9.3.1/thumb/v6-m/nofp\libgcc.a

.debug_info     0x0000000000000000     0xefb3
 .debug_info    0x0000000000000000      0x491 ./CPP/Src/button.o
 .debug_info    0x0000000000000491      0x43e ./CPP/Src/control.o
 .debug_info    0x00000000000008cf      0x668 ./CPP/Src/encoder.o
 .debug_info    0x0000000000000f37      0x4c7 ./CPP/Src/led.o
 .debug_info    0x00000000000013fe      0xbb0 ./CPP/Src/main.o
 .debug_info    0x0000000000001fae      0x869 ./CPP/Src/map.o
 .debug_info    0x0000000000002817      0xb55 ./CPP/Src/motor.o
 .debug_info    0x000000000000336c      0x469 ./CPP/Src/motorControl.o
 .debug_info    0x00000000000037d5      0x524 ./CPP/Src/position.o
 .debug_info    0x0000000000003cf9      0x6c8 ./CPP/Src/robot.o
 .debug_info    0x00000000000043c1      0x55f ./CPP/Src/sensorSide.o
 .debug_info    0x0000000000004920     0x11a8 ./Core/Src/main.o
 .debug_info    0x0000000000005ac8      0xdb7 ./Core/Src/stm32f0xx_hal_msp.o
 .debug_info    0x000000000000687f      0x9f7 ./Core/Src/stm32f0xx_it.o
 .debug_info    0x0000000000007276      0x2c3 ./Core/Src/system_stm32f0xx.o
 .debug_info    0x0000000000007539       0x22 ./Core/Startup/startup_stm32f030c6tx.o
 .debug_info    0x000000000000755b      0x6be ./Drivers/STM32F0xx_HAL_Driver/Src/stm32f0xx_hal.o
 .debug_info    0x0000000000007c19      0xd62 ./Drivers/STM32F0xx_HAL_Driver/Src/stm32f0xx_hal_adc.o
 .debug_info    0x000000000000897b      0x65c ./Drivers/STM32F0xx_HAL_Driver/Src/stm32f0xx_hal_adc_ex.o
 .debug_info    0x0000000000008fd7      0x7a0 ./Drivers/STM32F0xx_HAL_Driver/Src/stm32f0xx_hal_cortex.o
 .debug_info    0x0000000000009777      0x80a ./Drivers/STM32F0xx_HAL_Driver/Src/stm32f0xx_hal_dma.o
 .debug_info    0x0000000000009f81      0x6d3 ./Drivers/STM32F0xx_HAL_Driver/Src/stm32f0xx_hal_gpio.o
 .debug_info    0x000000000000a654      0x88d ./Drivers/STM32F0xx_HAL_Driver/Src/stm32f0xx_hal_rcc.o
 .debug_info    0x000000000000aee1     0x2ba9 ./Drivers/STM32F0xx_HAL_Driver/Src/stm32f0xx_hal_tim.o
 .debug_info    0x000000000000da8a     0x1529 ./Drivers/STM32F0xx_HAL_Driver/Src/stm32f0xx_hal_tim_ex.o

.debug_abbrev   0x0000000000000000     0x35d4
 .debug_abbrev  0x0000000000000000      0x252 ./CPP/Src/button.o
 .debug_abbrev  0x0000000000000252      0x278 ./CPP/Src/control.o
 .debug_abbrev  0x00000000000004ca      0x27c ./CPP/Src/encoder.o
 .debug_abbrev  0x0000000000000746      0x270 ./CPP/Src/led.o
 .debug_abbrev  0x00000000000009b6      0x21d ./CPP/Src/main.o
 .debug_abbrev  0x0000000000000bd3      0x2e2 ./CPP/Src/map.o
 .debug_abbrev  0x0000000000000eb5      0x2f5 ./CPP/Src/motor.o
 .debug_abbrev  0x00000000000011aa      0x265 ./CPP/Src/motorControl.o
 .debug_abbrev  0x000000000000140f      0x27c ./CPP/Src/position.o
 .debug_abbrev  0x000000000000168b      0x27d ./CPP/Src/robot.o
 .debug_abbrev  0x0000000000001908      0x26b ./CPP/Src/sensorSide.o
 .debug_abbrev  0x0000000000001b73      0x260 ./Core/Src/main.o
 .debug_abbrev  0x0000000000001dd3      0x206 ./Core/Src/stm32f0xx_hal_msp.o
 .debug_abbrev  0x0000000000001fd9      0x187 ./Core/Src/stm32f0xx_it.o
 .debug_abbrev  0x0000000000002160      0x145 ./Core/Src/system_stm32f0xx.o
 .debug_abbrev  0x00000000000022a5       0x12 ./Core/Startup/startup_stm32f030c6tx.o
 .debug_abbrev  0x00000000000022b7      0x21e ./Drivers/STM32F0xx_HAL_Driver/Src/stm32f0xx_hal.o
 .debug_abbrev  0x00000000000024d5      0x1f1 ./Drivers/STM32F0xx_HAL_Driver/Src/stm32f0xx_hal_adc.o
 .debug_abbrev  0x00000000000026c6      0x149 ./Drivers/STM32F0xx_HAL_Driver/Src/stm32f0xx_hal_adc_ex.o
 .debug_abbrev  0x000000000000280f      0x2a9 ./Drivers/STM32F0xx_HAL_Driver/Src/stm32f0xx_hal_cortex.o
 .debug_abbrev  0x0000000000002ab8      0x213 ./Drivers/STM32F0xx_HAL_Driver/Src/stm32f0xx_hal_dma.o
 .debug_abbrev  0x0000000000002ccb      0x1e8 ./Drivers/STM32F0xx_HAL_Driver/Src/stm32f0xx_hal_gpio.o
 .debug_abbrev  0x0000000000002eb3      0x23b ./Drivers/STM32F0xx_HAL_Driver/Src/stm32f0xx_hal_rcc.o
 .debug_abbrev  0x00000000000030ee      0x26f ./Drivers/STM32F0xx_HAL_Driver/Src/stm32f0xx_hal_tim.o
 .debug_abbrev  0x000000000000335d      0x277 ./Drivers/STM32F0xx_HAL_Driver/Src/stm32f0xx_hal_tim_ex.o

.debug_aranges  0x0000000000000000      0xea0
 .debug_aranges
                0x0000000000000000       0x40 ./CPP/Src/button.o
 .debug_aranges
                0x0000000000000040       0x48 ./CPP/Src/control.o
 .debug_aranges
                0x0000000000000088       0x70 ./CPP/Src/encoder.o
 .debug_aranges
                0x00000000000000f8       0x48 ./CPP/Src/led.o
 .debug_aranges
                0x0000000000000140       0x50 ./CPP/Src/main.o
 .debug_aranges
                0x0000000000000190       0x88 ./CPP/Src/map.o
 .debug_aranges
                0x0000000000000218       0x50 ./CPP/Src/motor.o
 .debug_aranges
                0x0000000000000268       0x50 ./CPP/Src/motorControl.o
 .debug_aranges
                0x00000000000002b8       0x58 ./CPP/Src/position.o
 .debug_aranges
                0x0000000000000310       0x80 ./CPP/Src/robot.o
 .debug_aranges
                0x0000000000000390       0x58 ./CPP/Src/sensorSide.o
 .debug_aranges
                0x00000000000003e8       0x70 ./Core/Src/main.o
 .debug_aranges
                0x0000000000000458       0x48 ./Core/Src/stm32f0xx_hal_msp.o
 .debug_aranges
                0x00000000000004a0       0x70 ./Core/Src/stm32f0xx_it.o
 .debug_aranges
                0x0000000000000510       0x28 ./Core/Src/system_stm32f0xx.o
 .debug_aranges
                0x0000000000000538       0x28 ./Core/Startup/startup_stm32f030c6tx.o
 .debug_aranges
                0x0000000000000560       0xd0 ./Drivers/STM32F0xx_HAL_Driver/Src/stm32f0xx_hal.o
 .debug_aranges
                0x0000000000000630       0xf8 ./Drivers/STM32F0xx_HAL_Driver/Src/stm32f0xx_hal_adc.o
 .debug_aranges
                0x0000000000000728       0x20 ./Drivers/STM32F0xx_HAL_Driver/Src/stm32f0xx_hal_adc_ex.o
 .debug_aranges
                0x0000000000000748       0xc0 ./Drivers/STM32F0xx_HAL_Driver/Src/stm32f0xx_hal_cortex.o
 .debug_aranges
                0x0000000000000808       0x88 ./Drivers/STM32F0xx_HAL_Driver/Src/stm32f0xx_hal_dma.o
 .debug_aranges
                0x0000000000000890       0x58 ./Drivers/STM32F0xx_HAL_Driver/Src/stm32f0xx_hal_gpio.o
 .debug_aranges
                0x00000000000008e8       0x80 ./Drivers/STM32F0xx_HAL_Driver/Src/stm32f0xx_hal_rcc.o
 .debug_aranges
                0x0000000000000968      0x3d0 ./Drivers/STM32F0xx_HAL_Driver/Src/stm32f0xx_hal_tim.o
 .debug_aranges
                0x0000000000000d38      0x168 ./Drivers/STM32F0xx_HAL_Driver/Src/stm32f0xx_hal_tim_ex.o

.debug_ranges   0x0000000000000000      0xd18
 .debug_ranges  0x0000000000000000       0x30 ./CPP/Src/button.o
 .debug_ranges  0x0000000000000030       0x38 ./CPP/Src/control.o
 .debug_ranges  0x0000000000000068       0x60 ./CPP/Src/encoder.o
 .debug_ranges  0x00000000000000c8       0x38 ./CPP/Src/led.o
 .debug_ranges  0x0000000000000100       0x40 ./CPP/Src/main.o
 .debug_ranges  0x0000000000000140       0x78 ./CPP/Src/map.o
 .debug_ranges  0x00000000000001b8       0x40 ./CPP/Src/motor.o
 .debug_ranges  0x00000000000001f8       0x40 ./CPP/Src/motorControl.o
 .debug_ranges  0x0000000000000238       0x48 ./CPP/Src/position.o
 .debug_ranges  0x0000000000000280       0x70 ./CPP/Src/robot.o
 .debug_ranges  0x00000000000002f0       0x48 ./CPP/Src/sensorSide.o
 .debug_ranges  0x0000000000000338       0x60 ./Core/Src/main.o
 .debug_ranges  0x0000000000000398       0x38 ./Core/Src/stm32f0xx_hal_msp.o
 .debug_ranges  0x00000000000003d0       0x60 ./Core/Src/stm32f0xx_it.o
 .debug_ranges  0x0000000000000430       0x18 ./Core/Src/system_stm32f0xx.o
 .debug_ranges  0x0000000000000448       0x20 ./Core/Startup/startup_stm32f030c6tx.o
 .debug_ranges  0x0000000000000468       0xc0 ./Drivers/STM32F0xx_HAL_Driver/Src/stm32f0xx_hal.o
 .debug_ranges  0x0000000000000528       0xe8 ./Drivers/STM32F0xx_HAL_Driver/Src/stm32f0xx_hal_adc.o
 .debug_ranges  0x0000000000000610       0x10 ./Drivers/STM32F0xx_HAL_Driver/Src/stm32f0xx_hal_adc_ex.o
 .debug_ranges  0x0000000000000620       0xb0 ./Drivers/STM32F0xx_HAL_Driver/Src/stm32f0xx_hal_cortex.o
 .debug_ranges  0x00000000000006d0       0x78 ./Drivers/STM32F0xx_HAL_Driver/Src/stm32f0xx_hal_dma.o
 .debug_ranges  0x0000000000000748       0x48 ./Drivers/STM32F0xx_HAL_Driver/Src/stm32f0xx_hal_gpio.o
 .debug_ranges  0x0000000000000790       0x70 ./Drivers/STM32F0xx_HAL_Driver/Src/stm32f0xx_hal_rcc.o
 .debug_ranges  0x0000000000000800      0x3c0 ./Drivers/STM32F0xx_HAL_Driver/Src/stm32f0xx_hal_tim.o
 .debug_ranges  0x0000000000000bc0      0x158 ./Drivers/STM32F0xx_HAL_Driver/Src/stm32f0xx_hal_tim_ex.o

.debug_macro    0x0000000000000000    0x11c86
 .debug_macro   0x0000000000000000      0x1df ./CPP/Src/button.o
 .debug_macro   0x00000000000001df      0xb56 ./CPP/Src/button.o
 .debug_macro   0x0000000000000d35      0x133 ./CPP/Src/button.o
 .debug_macro   0x0000000000000e68       0x2e ./CPP/Src/button.o
 .debug_macro   0x0000000000000e96       0x22 ./CPP/Src/button.o
 .debug_macro   0x0000000000000eb8       0x1c ./CPP/Src/button.o
 .debug_macro   0x0000000000000ed4       0x22 ./CPP/Src/button.o
 .debug_macro   0x0000000000000ef6       0x8e ./CPP/Src/button.o
 .debug_macro   0x0000000000000f84       0x51 ./CPP/Src/button.o
 .debug_macro   0x0000000000000fd5      0x103 ./CPP/Src/button.o
 .debug_macro   0x00000000000010d8       0x6a ./CPP/Src/button.o
 .debug_macro   0x0000000000001142      0x1df ./CPP/Src/button.o
 .debug_macro   0x0000000000001321       0x1c ./CPP/Src/button.o
 .debug_macro   0x000000000000133d       0x22 ./CPP/Src/button.o
 .debug_macro   0x000000000000135f       0xb5 ./CPP/Src/button.o
 .debug_macro   0x0000000000001414      0x391 ./CPP/Src/button.o
 .debug_macro   0x00000000000017a5     0x6e67 ./CPP/Src/button.o
 .debug_macro   0x000000000000860c       0x66 ./CPP/Src/button.o
 .debug_macro   0x0000000000008672     0x34a6 ./CPP/Src/button.o
 .debug_macro   0x000000000000bb18      0x17b ./CPP/Src/button.o
 .debug_macro   0x000000000000bc93       0x55 ./CPP/Src/button.o
 .debug_macro   0x000000000000bce8      0x924 ./CPP/Src/button.o
 .debug_macro   0x000000000000c60c       0xe5 ./CPP/Src/button.o
 .debug_macro   0x000000000000c6f1      0x1af ./CPP/Src/button.o
 .debug_macro   0x000000000000c8a0       0xb3 ./CPP/Src/button.o
 .debug_macro   0x000000000000c953      0x1a0 ./CPP/Src/button.o
 .debug_macro   0x000000000000caf3      0x1ed ./CPP/Src/button.o
 .debug_macro   0x000000000000cce0       0x34 ./CPP/Src/button.o
 .debug_macro   0x000000000000cd14       0x43 ./CPP/Src/button.o
 .debug_macro   0x000000000000cd57       0x28 ./CPP/Src/button.o
 .debug_macro   0x000000000000cd7f      0x33d ./CPP/Src/button.o
 .debug_macro   0x000000000000d0bc       0xbc ./CPP/Src/button.o
 .debug_macro   0x000000000000d178       0xb0 ./CPP/Src/button.o
 .debug_macro   0x000000000000d228      0x15a ./CPP/Src/button.o
 .debug_macro   0x000000000000d382      0x22c ./CPP/Src/button.o
 .debug_macro   0x000000000000d5ae       0x61 ./CPP/Src/button.o
 .debug_macro   0x000000000000d60f       0xa5 ./CPP/Src/button.o
 .debug_macro   0x000000000000d6b4       0x4c ./CPP/Src/button.o
 .debug_macro   0x000000000000d700       0x2b ./CPP/Src/button.o
 .debug_macro   0x000000000000d72b      0x8d8 ./CPP/Src/button.o
 .debug_macro   0x000000000000e003       0x28 ./CPP/Src/button.o
 .debug_macro   0x000000000000e02b       0xf1 ./CPP/Src/button.o
 .debug_macro   0x000000000000e11c       0xd6 ./CPP/Src/button.o
 .debug_macro   0x000000000000e1f2      0x1ef ./CPP/Src/control.o
 .debug_macro   0x000000000000e3e1      0x1df ./CPP/Src/encoder.o
 .debug_macro   0x000000000000e5c0      0x1df ./CPP/Src/led.o
 .debug_macro   0x000000000000e79f      0x24c ./CPP/Src/main.o
 .debug_macro   0x000000000000e9eb       0x10 ./CPP/Src/main.o
 .debug_macro   0x000000000000e9fb      0x1df ./CPP/Src/map.o
 .debug_macro   0x000000000000ebda      0x1df ./CPP/Src/motor.o
 .debug_macro   0x000000000000edb9      0x1f3 ./CPP/Src/motorControl.o
 .debug_macro   0x000000000000efac      0x1e5 ./CPP/Src/position.o
 .debug_macro   0x000000000000f191      0x221 ./CPP/Src/robot.o
 .debug_macro   0x000000000000f3b2      0x1df ./CPP/Src/sensorSide.o
 .debug_macro   0x000000000000f591      0x1d0 ./Core/Src/main.o
 .debug_macro   0x000000000000f761      0xa7e ./Core/Src/main.o
 .debug_macro   0x00000000000101df      0x391 ./Core/Src/main.o
 .debug_macro   0x0000000000010570      0x174 ./Core/Src/main.o
 .debug_macro   0x00000000000106e4      0x1d0 ./Core/Src/stm32f0xx_hal_msp.o
 .debug_macro   0x00000000000108b4      0x1da ./Core/Src/stm32f0xx_it.o
 .debug_macro   0x0000000000010a8e      0x1c1 ./Core/Src/system_stm32f0xx.o
 .debug_macro   0x0000000000010c4f      0x1e5 ./Drivers/STM32F0xx_HAL_Driver/Src/stm32f0xx_hal.o
 .debug_macro   0x0000000000010e34      0x1e5 ./Drivers/STM32F0xx_HAL_Driver/Src/stm32f0xx_hal_adc.o
 .debug_macro   0x0000000000011019      0x1cd ./Drivers/STM32F0xx_HAL_Driver/Src/stm32f0xx_hal_adc_ex.o
 .debug_macro   0x00000000000111e6      0x1c1 ./Drivers/STM32F0xx_HAL_Driver/Src/stm32f0xx_hal_cortex.o
 .debug_macro   0x00000000000113a7      0x1c1 ./Drivers/STM32F0xx_HAL_Driver/Src/stm32f0xx_hal_dma.o
 .debug_macro   0x0000000000011568      0x1c8 ./Drivers/STM32F0xx_HAL_Driver/Src/stm32f0xx_hal_gpio.o
 .debug_macro   0x0000000000011730      0x1d3 ./Drivers/STM32F0xx_HAL_Driver/Src/stm32f0xx_hal_rcc.o
 .debug_macro   0x0000000000011903      0x1c2 ./Drivers/STM32F0xx_HAL_Driver/Src/stm32f0xx_hal_tim.o
 .debug_macro   0x0000000000011ac5      0x1c1 ./Drivers/STM32F0xx_HAL_Driver/Src/stm32f0xx_hal_tim_ex.o

.debug_line     0x0000000000000000    0x11fbb
 .debug_line    0x0000000000000000      0x78e ./CPP/Src/button.o
 .debug_line    0x000000000000078e      0x7ff ./CPP/Src/control.o
 .debug_line    0x0000000000000f8d      0x855 ./CPP/Src/encoder.o
 .debug_line    0x00000000000017e2      0x79d ./CPP/Src/led.o
 .debug_line    0x0000000000001f7f      0xa74 ./CPP/Src/main.o
 .debug_line    0x00000000000029f3      0x94c ./CPP/Src/map.o
 .debug_line    0x000000000000333f      0x82b ./CPP/Src/motor.o
 .debug_line    0x0000000000003b6a      0x805 ./CPP/Src/motorControl.o
 .debug_line    0x000000000000436f      0x978 ./CPP/Src/position.o
 .debug_line    0x0000000000004ce7      0xa50 ./CPP/Src/robot.o
 .debug_line    0x0000000000005737      0x7e1 ./CPP/Src/sensorSide.o
 .debug_line    0x0000000000005f18      0x9fe ./Core/Src/main.o
 .debug_line    0x0000000000006916      0x81f ./Core/Src/stm32f0xx_hal_msp.o
 .debug_line    0x0000000000007135      0x7d8 ./Core/Src/stm32f0xx_it.o
 .debug_line    0x000000000000790d      0x750 ./Core/Src/system_stm32f0xx.o
 .debug_line    0x000000000000805d       0x89 ./Core/Startup/startup_stm32f030c6tx.o
 .debug_line    0x00000000000080e6      0x95b ./Drivers/STM32F0xx_HAL_Driver/Src/stm32f0xx_hal.o
 .debug_line    0x0000000000008a41     0x1176 ./Drivers/STM32F0xx_HAL_Driver/Src/stm32f0xx_hal_adc.o
 .debug_line    0x0000000000009bb7      0x774 ./Drivers/STM32F0xx_HAL_Driver/Src/stm32f0xx_hal_adc_ex.o
 .debug_line    0x000000000000a32b      0xa07 ./Drivers/STM32F0xx_HAL_Driver/Src/stm32f0xx_hal_cortex.o
 .debug_line    0x000000000000ad32      0xc77 ./Drivers/STM32F0xx_HAL_Driver/Src/stm32f0xx_hal_dma.o
 .debug_line    0x000000000000b9a9      0xad8 ./Drivers/STM32F0xx_HAL_Driver/Src/stm32f0xx_hal_gpio.o
 .debug_line    0x000000000000c481      0xd47 ./Drivers/STM32F0xx_HAL_Driver/Src/stm32f0xx_hal_rcc.o
 .debug_line    0x000000000000d1c8     0x3571 ./Drivers/STM32F0xx_HAL_Driver/Src/stm32f0xx_hal_tim.o
 .debug_line    0x0000000000010739     0x1882 ./Drivers/STM32F0xx_HAL_Driver/Src/stm32f0xx_hal_tim_ex.o

.debug_str      0x0000000000000000    0x603a2
 .debug_str     0x0000000000000000    0x5c45e ./CPP/Src/button.o
                                      0x5c70b (size before relaxing)